{"tool":"phpunit","result":"failed","tests":384,"passed":379,"assertions":1190,"duration_ms":19911,"failed":5,"failures":[{"test":"Tests\\Feature\\Guru\\JurnalTest::test_fab_isi_jurnal_di_bottom_nav_disembunyikan_saat_di_halamannya_sendiri","file":"/Users/rania/Code/Web/Laravel/Herd/jurnalkita/tests/Feature/Guru/JurnalTest.php","line":56,"message":"Failed asserting that '<!DOCTYPE html>\\n\n<html lang=\"id\" class=\"antialiased\">\\n\n<head>\\n\n    <meta charset=\"utf-8\">\\n\n    <meta name=\"viewport\" content=\"width=device-width, initial-scale=1, viewport-fit=cover\">\\n\n    <meta name=\"theme-color\" content=\"#1B2A4A\">\\n\n    <title>Form Jurnal Mengajar \u00b7 jurnalkita</title>\\n\n\\n\n    \\n\n    <style>\\n\n@font-face {\\n\n  font-family: \"Inter\";\\n\n  font-style: normal;\\n\n  font-weight: 400;\\n\n  font-display: swap;\\n\n  src: url(\"/build/assets/inter-400-normal-C38fXH4l.woff2\") format(\"woff2\");\\n\n  unicode-range: U+0000-00FF,U+0131,U+0152-0153,U+02BB-02BC,U+02C6,U+02DA,U+02DC,U+0304,U+0308,U+0329,U+2000-206F,U+20AC,U+2122,U+2191,U+2193,U+2212,U+2215,U+FEFF,U+FFFD;\\n\n}\\n\n\\n\n@font-face {\\n\n  font-family: \"Inter\";\\n\n  font-style: normal;\\n\n  font-weight: 400;\\n\n  font-display: swap;\\n\n  src: url(\"/build/assets/inter-400-normal-CyCys3Eg.woff\") format(\"woff\");\\n\n  unicode-range: U+0000-00FF,U+0131,U+0152-0153,U+02BB-02BC,U+02C6,U+02DA,U+02DC,U+0304,U+0308,U+0329,U+2000-206F,U+20AC,U+2122,U+2191,U+2193,U+2212,U+2215,U+FEFF,U+FFFD;\\n\n}\\n\n\\n\n@font-face {\\n\n  font-family: \"Inter\";\\n\n  font-style: normal;\\n\n  font-weight: 500;\\n\n  font-display: swap;\\n\n  src: url(\"/build/assets/inter-500-normal-Cerq10X2.woff2\") format(\"woff2\");\\n\n  unicode-range: U+0000-00FF,U+0131,U+0152-0153,U+02BB-02BC,U+02C6,U+02DA,U+02DC,U+0304,U+0308,U+0329,U+2000-206F,U+20AC,U+2122,U+2191,U+2193,U+2212,U+2215,U+FEFF,U+FFFD;\\n\n}\\n\n\\n\n@font-face {\\n\n  font-family: \"Inter\";\\n\n  font-style: normal;\\n\n  font-weight: 500;\\n\n  font-display: swap;\\n\n  src: url(\"/build/assets/inter-500-normal-BL9OpVg8.woff\") format(\"woff\");\\n\n  unicode-range: U+0000-00FF,U+0131,U+0152-0153,U+02BB-02BC,U+02C6,U+02DA,U+02DC,U+0304,U+0308,U+0329,U+2000-206F,U+20AC,U+2122,U+2191,U+2193,U+2212,U+2215,U+FEFF,U+FFFD;\\n\n}\\n\n\\n\n@font-face {\\n\n  font-family: \"Inter\";\\n\n  font-style: normal;\\n\n  font-weight: 600;\\n\n  font-display: swap;\\n\n  src: url(\"/build/assets/inter-600-normal-LgqL8muc.woff2\") format(\"woff2\");\\n\n  unicode-range: U+0000-00FF,U+0131,U+0152-0153,U+02BB-02BC,U+02C6,U+02DA,U+02DC,U+0304,U+0308,U+0329,U+2000-206F,U+20AC,U+2122,U+2191,U+2193,U+2212,U+2215,U+FEFF,U+FFFD;\\n\n}\\n\n\\n\n@font-face {\\n\n  font-family: \"Inter\";\\n\n  font-style: normal;\\n\n  font-weight: 600;\\n\n  font-display: swap;\\n\n  src: url(\"/build/assets/inter-600-normal-CiBQ2DWP.woff\") format(\"woff\");\\n\n  unicode-range: U+0000-00FF,U+0131,U+0152-0153,U+02BB-02BC,U+02C6,U+02DA,U+02DC,U+0304,U+0308,U+0329,U+2000-206F,U+20AC,U+2122,U+2191,U+2193,U+2212,U+2215,U+FEFF,U+FFFD;\\n\n}\\n\n\\n\n@font-face {\\n\n  font-family: \"Inter\";\\n\n  font-style: normal;\\n\n  font-weight: 700;\\n\n  font-display: swap;\\n\n  src: url(\"/build/assets/inter-700-normal-Yt3aPRUw.woff2\") format(\"woff2\");\\n\n  unicode-range: U+0000-00FF,U+0131,U+0152-0153,U+02BB-02BC,U+02C6,U+02DA,U+02DC,U+0304,U+0308,U+0329,U+2000-206F,U+20AC,U+2122,U+2191,U+2193,U+2212,U+2215,U+FEFF,U+FFFD;\\n\n}\\n\n\\n\n@font-face {\\n\n  font-family: \"Inter\";\\n\n  font-style: normal;\\n\n  font-weight: 700;\\n\n  font-display: swap;\\n\n  src: url(\"/build/assets/inter-700-normal-BLAVimhd.woff\") format(\"woff\");\\n\n  unicode-range: U+0000-00FF,U+0131,U+0152-0153,U+02BB-02BC,U+02C6,U+02DA,U+02DC,U+0304,U+0308,U+0329,U+2000-206F,U+20AC,U+2122,U+2191,U+2193,U+2212,U+2215,U+FEFF,U+FFFD;\\n\n}\\n\n\\n\n@font-face {\\n\n  font-family: \"Inter\";\\n\n  font-style: normal;\\n\n  font-weight: 800;\\n\n  font-display: swap;\\n\n  src: url(\"/build/assets/inter-800-normal-BYj_oED-.woff2\") format(\"woff2\");\\n\n  unicode-range: U+0000-00FF,U+0131,U+0152-0153,U+02BB-02BC,U+02C6,U+02DA,U+02DC,U+0304,U+0308,U+0329,U+2000-206F,U+20AC,U+2122,U+2191,U+2193,U+2212,U+2215,U+FEFF,U+FFFD;\\n\n}\\n\n\\n\n@font-face {\\n\n  font-family: \"Inter\";\\n\n  font-style: normal;\\n\n  font-weight: 800;\\n\n  font-display: swap;\\n\n  src: url(\"/build/assets/inter-800-normal-D1mf63XC.woff\") format(\"woff\");\\n\n  unicode-range: U+0000-00FF,U+0131,U+0152-0153,U+02BB-02BC,U+02C6,U+02DA,U+02DC,U+0304,U+0308,U+0329,U+2000-206F,U+20AC,U+2122,U+2191,U+2193,U+2212,U+2215,U+FEFF,U+FFFD;\\n\n}\\n\n\\n\n:root {\\n\n  --font-inter: \"Inter\";\\n\n}\\n\n\\n\n.font-inter {\\n\n  font-family: var(--font-inter);\\n\n}\\n\n</style>\\n\n    \\n\n    <link rel=\"preconnect\" href=\"https://fonts.googleapis.com\">\\n\n    <link rel=\"preconnect\" href=\"https://fonts.gstatic.com\" crossorigin>\\n\n    <link\\n\n        href=\"https://fonts.googleapis.com/css2?family=Material+Symbols+Rounded:opsz,wght,FILL,GRAD@20..48,100..700,0..1,-50..200&display=block\"\\n\n        rel=\"stylesheet\"\\n\n    >\\n\n\\n\n    <link rel=\"preload\" as=\"style\" href=\"http://jurnalkita.test/build/assets/app-DNiD5wAK.css\" /><link rel=\"modulepreload\" as=\"script\" href=\"http://jurnalkita.test/build/assets/app-DEpmuWyn.js\" /><link rel=\"stylesheet\" href=\"http://jurnalkita.test/build/assets/app-DNiD5wAK.css\" /><script type=\"module\" src=\"http://jurnalkita.test/build/assets/app-DEpmuWyn.js\"></script>\\n\n    </head>\\n\n\\n\n<body class=\"min-h-screen bg-surface text-ink\">\\n\n    <div class=\"lg:flex lg:min-h-screen\">\\n\n        <aside class=\"hidden shrink-0 border-r border-surface-alt bg-card lg:block lg:w-64\">\\n\n    <div class=\"sticky top-0 flex h-screen flex-col px-4 py-6\">\\n\n        <a href=\"http://jurnalkita.test\" class=\"flex items-center gap-2 px-2\">\\n\n            <span class=\"flex h-9 w-9 items-center justify-center rounded-xl bg-navy text-card\">\\n\n                <span\\n\n    class=\"material-symbols-rounded select-none leading-none\"\\n\n    style=\"font-size: 20px; font-variation-settings: 'FILL' 1, 'wght' 400, 'GRAD' 0, 'opsz' 20;\"\\n\n    aria-hidden=\"true\"\\n\n>menu_book</span>\\n\n            </span>\\n\n            <span class=\"text-base font-extrabold text-ink\">jurnalkita</span>\\n\n        </a>\\n\n\\n\n                    <nav class=\"mt-8 flex flex-1 flex-col gap-1\" aria-label=\"Navigasi utama\">\\n\n                                    <a\\n\n                        href=\"http://jurnalkita.test/guru\"\\n\n                        class=\"flex items-center gap-3 rounded-lg px-3 py-2.5 text-sm font-semibold transition-colors text-muted hover:bg-surface hover:text-ink\"\\n\n                                            >\\n\n                        <span\\n\n    class=\"material-symbols-rounded select-none leading-none\"\\n\n    style=\"font-size: 20px; font-variation-settings: 'FILL' 0, 'wght' 400, 'GRAD' 0, 'opsz' 20;\"\\n\n    aria-hidden=\"true\"\\n\n>home</span>\\n\n                        <span>Beranda</span>\\n\n                    </a>\\n\n                                    <a\\n\n                        href=\"http://jurnalkita.test/guru/jurnal\"\\n\n                        class=\"flex items-center gap-3 rounded-lg px-3 py-2.5 text-sm font-semibold transition-colors text-muted hover:bg-surface hover:text-ink\"\\n\n                                            >\\n\n                        <span\\n\n    class=\"material-symbols-rounded select-none leading-none\"\\n\n    style=\"font-size: 20px; font-variation-settings: 'FILL' 0, 'wght' 400, 'GRAD' 0, 'opsz' 20;\"\\n\n    aria-hidden=\"true\"\\n\n>menu_book</span>\\n\n                        <span>Riwayat</span>\\n\n                    </a>\\n\n                                    <a\\n\n                        href=\"http://jurnalkita.test/guru/jurnal/tambah\"\\n\n                        class=\"flex items-center gap-3 rounded-lg px-3 py-2.5 text-sm font-semibold transition-colors bg-surface text-navy\"\\n\n                         aria-current=\"page\"                     >\\n\n                        <span\\n\n    class=\"material-symbols-rounded select-none leading-none\"\\n\n    style=\"font-size: 20px; font-variation-settings: 'FILL' 1, 'wght' 400, 'GRAD' 0, 'opsz' 20;\"\\n\n    aria-hidden=\"true\"\\n\n>edit_note</span>\\n\n                        <span>Isi Jurnal</span>\\n\n                    </a>\\n\n                                    <a\\n\n                        href=\"http://jurnalkita.test/guru/jadwal\"\\n\n                        class=\"flex items-center gap-3 rounded-lg px-3 py-2.5 text-sm font-semibold transition-colors text-muted hover:bg-surface hover:text-ink\"\\n\n                                            >\\n\n                        <span\\n\n    class=\"material-symbols-rounded select-none leading-none\"\\n\n    style=\"font-size: 20px; font-variation-settings: 'FILL' 0, 'wght' 400, 'GRAD' 0, 'opsz' 20;\"\\n\n    aria-hidden=\"true\"\\n\n>calendar_month</span>\\n\n                        <span>Jadwal</span>\\n\n                    </a>\\n\n                                    <a\\n\n                        href=\"http://jurnalkita.test/piket/monitor\"\\n\n                        class=\"flex items-center gap-3 rounded-lg px-3 py-2.5 text-sm font-semibold transition-colors text-muted hover:bg-surface hover:text-ink\"\\n\n                                            >\\n\n                        <span\\n\n    class=\"material-symbols-rounded select-none leading-none\"\\n\n    style=\"font-size: 20px; font-variation-settings: 'FILL' 0, 'wght' 400, 'GRAD' 0, 'opsz' 20;\"\\n\n    aria-hidden=\"true\"\\n\n>monitoring</span>\\n\n                        <span>Monitor</span>\\n\n                    </a>\\n\n                                    <a\\n\n                        href=\"http://jurnalkita.test/profil\"\\n\n                        class=\"flex items-center gap-3 rounded-lg px-3 py-2.5 text-sm font-semibold transition-colors text-muted hover:bg-surface hover:text-ink\"\\n\n                                            >\\n\n                        <span\\n\n    class=\"material-symbols-rounded select-none leading-none\"\\n\n    style=\"font-size: 20px; font-variation-settings: 'FILL' 0, 'wght' 400, 'GRAD' 0, 'opsz' 20;\"\\n\n    aria-hidden=\"true\"\\n\n>person</span>\\n\n                        <span>Profil</span>\\n\n                    </a>\\n\n                            </nav>\\n\n\\n\n            <form method=\"POST\" action=\"http://jurnalkita.test/logout\" class=\"contents\">\\n\n    <input type=\"hidden\" name=\"_token\" value=\"px0LtKRpSdwWzviAdidSLnYiZDPnt1EiAWKBGnzQ\" autocomplete=\"off\">            <button type=\"submit\" data-confirm=\"Yakin ingin keluar?\" class=\"flex w-full items-center gap-3 rounded-lg px-3 py-2.5 text-sm font-semibold text-alpha transition-colors hover:bg-alpha-soft\">\\n\n            <span\\n\n    class=\"material-symbols-rounded select-none leading-none\"\\n\n    style=\"font-size: 20px; font-variation-settings: 'FILL' 0, 'wght' 400, 'GRAD' 0, 'opsz' 20;\"\\n\n    aria-hidden=\"true\"\\n\n>logout</span>\\n\n            Keluar\\n\n        </button>\\n\n    </form>\\n\n            </div>\\n\n</aside>\\n\n\\n\n        <div class=\"flex w-full min-w-0 flex-col\">\\n\n            <div class=\"sticky top-0 z-30\">\\n\n    <header class=\"flex items-center justify-between gap-3 border-b border-surface-alt bg-card/95 px-4 py-2.5 backdrop-blur sm:px-6 lg:px-10\">\\n\n        \\n\n        <a href=\"http://jurnalkita.test/profil\" class=\"flex min-w-0 items-center gap-2.5\">\\n\n            <span class=\"flex h-9 w-9 shrink-0 items-center justify-center rounded-full bg-navy text-xs font-bold text-card\">JH</span>\\n\n            <span class=\"flex min-w-0 flex-col leading-tight\">\\n\n                <span class=\"truncate text-sm font-semibold text-ink\">Javon Hauck</span>\\n\n                <span class=\"truncate text-[11px] font-bold text-muted\">Guru</span>\\n\n            </span>\\n\n        </a>\\n\n\\n\n        <div class=\"flex shrink-0 items-center gap-1.5\">\\n\n            \\n\n            \\n\n            <button type=\"button\" data-modal-open=\"modal-notifikasi\" data-ajax-url=\"http://jurnalkita.test/notifikasi/fragment\" data-notif-jumlah-url=\"http://jurnalkita.test/notifikasi/jumlah\" class=\"relative flex h-9 w-9 items-center justify-center rounded-full bg-surface-alt text-muted transition-colors hover:text-navy\" aria-label=\"Notifikasi\">\\n\n                <span\\n\n    class=\"material-symbols-rounded select-none leading-none\"\\n\n    style=\"font-size: 20px; font-variation-settings: 'FILL' 0, 'wght' 400, 'GRAD' 0, 'opsz' 20;\"\\n\n    aria-hidden=\"true\"\\n\n>notifications</span>\\n\n                <span data-notif-titik class=\"absolute right-1 top-1 flex h-2.5 w-2.5 rounded-full bg-alpha ring-2 ring-card\"  hidden ></span>\\n\n            </button>\\n\n\\n\n            \\n\n            <span class=\"lg:hidden\">\\n\n                <form method=\"POST\" action=\"http://jurnalkita.test/logout\" class=\"contents\">\\n\n    <input type=\"hidden\" name=\"_token\" value=\"px0LtKRpSdwWzviAdidSLnYiZDPnt1EiAWKBGnzQ\" autocomplete=\"off\">            <button type=\"submit\" data-confirm=\"Yakin ingin keluar?\" class=\"flex h-9 w-9 items-center justify-center rounded-full bg-surface-alt text-muted transition-colors hover:bg-alpha-soft hover:text-alpha\" aria-label=\"Keluar\">\\n\n            <span\\n\n    class=\"material-symbols-rounded select-none leading-none\"\\n\n    style=\"font-size: 18px; font-variation-settings: 'FILL' 0, 'wght' 400, 'GRAD' 0, 'opsz' 18;\"\\n\n    aria-hidden=\"true\"\\n\n>logout</span>\\n\n        </button>\\n\n    </form>\\n\n            </span>\\n\n        </div>\\n\n    </header>\\n\n\\n\n            \\n\n        <div class=\"px-3 sm:px-6 lg:px-10\">\\n\n            <div class=\"-mt-px flex items-center justify-between gap-2 rounded-b-xl bg-navy px-3.5 py-2 text-card shadow-sm sm:rounded-b-2xl sm:px-5 sm:py-1.5\">\\n\n\\n\n                \\n\n                <p class=\"text-sm font-bold leading-tight text-card sm:text-base\">\\n\n                    Di luar jam pelajaran\\n\n                </p>\\n\n\\n\n                \\n\n                <div class=\"flex shrink-0 items-center gap-1 text-[11px] text-card sm:text-xs\">\\n\n                    <span\\n\n    class=\"material-symbols-rounded select-none leading-none shrink-0 text-card/80\"\\n\n    style=\"font-size: 11px; font-variation-settings: 'FILL' 0, 'wght' 400, 'GRAD' 0, 'opsz' 11;\"\\n\n    aria-hidden=\"true\"\\n\n>schedule</span>\\n\n                    <span class=\"hidden sm:inline\">Selasa, 6 Oktober 2026</span>\\n\n                    <span class=\"sm:hidden\">Selasa, 6 Okt</span>\\n\n                    <span class=\"text-card/60\">\u00b7</span>\\n\n                    <span class=\"tabular-nums font-mono\" data-jam-sekarang>20:32:09</span>\\n\n                </div>\\n\n            </div>\\n\n        </div>\\n\n    </div>\\n\n\\n\n\\n\n<dialog\\n\n    id=\"modal-notifikasi\"\\n\n    style=\"width: min(44rem, calc(100vw - 2rem))\"\\n\n    class=\"fixed inset-0 m-auto h-fit max-h-[calc(100dvh-2rem)] overflow-visible rounded-2xl border-0 bg-card p-0 text-ink shadow-2xl backdrop:bg-navy/30 backdrop:backdrop-blur-sm\"\\n\n>\\n\n    <div class=\"flex items-center justify-between border-b border-surface-alt px-5 py-3.5\">\\n\n        <h3 class=\"text-base font-bold text-ink\" data-modal-title>Notifikasi</h3>\\n\n        <button type=\"button\" data-modal-close class=\"flex h-8 w-8 items-center justify-center rounded-lg text-muted hover:bg-surface-alt hover:text-ink\" aria-label=\"Tutup\">\\n\n            <span\\n\n    class=\"material-symbols-rounded select-none leading-none\"\\n\n    style=\"font-size: 18px; font-variation-settings: 'FILL' 0, 'wght' 400, 'GRAD' 0, 'opsz' 18;\"\\n\n    aria-hidden=\"true\"\\n\n>close</span>\\n\n        </button>\\n\n    </div>\\n\n\\n\n    <div class=\"max-h-[calc(100dvh-8rem)] overflow-y-auto p-5\">\\n\n        <div data-modal-ajax-target></div>\\n\n    </div>\\n\n</dialog>\\n\n\\n\n\\n\n            \\n\n            \\n\n            <main class=\"mx-auto w-full max-w-[1600px] flex-1 px-4 pb-24 pt-4 sm:px-6 sm:pt-6 lg:px-10 lg:pb-16 lg:pt-10\">\\n\n                                                                                                                            \\n\n                <div class=\"mb-5\">\\n\n    \\n\n    <header class=\"flex flex-col items-stretch sm:flex-row sm:items-start gap-3\">\\n\n        \\n\n        <div class=\"flex flex-1 min-w-0 items-start gap-3\">\\n\n                        <div class=\"flex flex-1 flex-col gap-0.5 min-w-0\">\\n\n                                    <h1 class=\"break-words font-bold leading-tight text-ink text-base lg:text-lg\">Isi Jurnal</h1>\\n\n                                                    <p class=\"min-w-0 break-words text-sm leading-snug text-muted lg:text-[15px]\">Isi jurnal mengajar dan kehadiran siswa dalam satu langkah</p>\\n\n                            </div>\\n\n        </div>\\n\n\\n\n            </header>\\n\n</div>\\n\n\\n\n    \\n\n    \\n\n                <form id=\"form-jurnal\" method=\"POST\" action=\"http://jurnalkita.test/guru/jurnal\" enctype=\"multipart/form-data\">\\n\n            <input type=\"hidden\" name=\"_token\" value=\"px0LtKRpSdwWzviAdidSLnYiZDPnt1EiAWKBGnzQ\" autocomplete=\"off\">            <input type=\"hidden\" name=\"tanggal\" value=\"2026-10-06\">\\n\n\\n\n            \\n\n            <div class=\"mb-4 grid grid-cols-1 gap-4 sm:grid-cols-2\">\\n\n                <div class=\"flex items-center gap-2 rounded-xl bg-surface-alt px-3.5 py-3\">\\n\n                    <span\\n\n    class=\"material-symbols-rounded select-none leading-none text-navy\"\\n\n    style=\"font-size: 18px; font-variation-settings: 'FILL' 0, 'wght' 400, 'GRAD' 0, 'opsz' 18;\"\\n\n    aria-hidden=\"true\"\\n\n>person</span>\\n\n                    <span class=\"text-sm font-semibold text-ink\">Javon Hauck</span>\\n\n                </div>\\n\n                <div class=\"flex items-center gap-2 rounded-xl bg-surface-alt px-3.5 py-3\">\\n\n                    <span\\n\n    class=\"material-symbols-rounded select-none leading-none text-navy\"\\n\n    style=\"font-size: 18px; font-variation-settings: 'FILL' 0, 'wght' 400, 'GRAD' 0, 'opsz' 18;\"\\n\n    aria-hidden=\"true\"\\n\n>calendar_month</span>\\n\n                    <span class=\"text-sm font-semibold text-ink\">\\n\n                        06 Okt 2026\\n\n                                                    <span class=\"text-xs font-normal text-muted-2\">(Hari Ini)</span>\\n\n                                            </span>\\n\n                </div>\\n\n            </div>\\n\n\\n\n            \\n\n                        <div class=\"flex flex-col gap-1.5\">\\n\n            <label  class=\"text-sm font-semibold text-ink\">\\n\n    Status Kehadiran Anda\\n\n    </label>\\n\n    \\n\n    <div class=\"flex flex-wrap gap-1.5\" role=\"radiogroup\"  aria-label=\"Status Kehadiran Anda\" >\\n\n                                <label class=\"grow basis-20 select-none cursor-pointer\">\\n\n                <input\\n\n                    type=\"radio\"\\n\n                    name=\"status_guru\"\\n\n                    value=\"hadir\"\\n\n                    checked                                                            class=\"peer sr-only\"\\n\n                >\\n\n                <span class=\"flex w-full items-center justify-center rounded-lg border border-surface-alt bg-card text-center font-semibold text-muted-2 transition-colors peer-focus-visible:ring-2 peer-focus-visible:ring-navy/40 px-3.5 py-2.5 text-[13px] peer-checked:border-hadir peer-checked:bg-hadir-soft peer-checked:text-hadir\">\\n\n                    Hadir\\n\n                </span>\\n\n            </label>\\n\n                                <label class=\"grow basis-20 select-none cursor-pointer\">\\n\n                <input\\n\n                    type=\"radio\"\\n\n                    name=\"status_guru\"\\n\n                    value=\"tidak_hadir\"\\n\n                                                                                class=\"peer sr-only\"\\n\n                >\\n\n                <span class=\"flex w-full items-center justify-center rounded-lg border border-surface-alt bg-card text-center font-semibold text-muted-2 transition-colors peer-focus-visible:ring-2 peer-focus-visible:ring-navy/40 px-3.5 py-2.5 text-[13px] peer-checked:border-alpha peer-checked:bg-alpha-soft peer-checked:text-alpha\">\\n\n                    Tidak Hadir\\n\n                </span>\\n\n            </label>\\n\n            </div>\\n\n</div>\\n\n\\n\n            <div id=\"blok-tidak-hadir\" class=\"mt-2 flex flex-col gap-4\"  hidden >\\n\n                \\n\n                <div class=\"flex flex-col gap-1.5\">\\n\n            <label  class=\"text-sm font-semibold text-ink\">\\n\n    Alasan\\n\n            <span class=\"text-alpha\" aria-hidden=\"true\">*</span>\\n\n        <span class=\"sr-only\">(wajib diisi)</span>\\n\n    </label>\\n\n    \\n\n    <div class=\"flex flex-wrap gap-1.5\" role=\"radiogroup\"  aria-label=\"Alasan\" >\\n\n                                <label class=\"grow basis-20 select-none cursor-pointer\">\\n\n                <input\\n\n                    type=\"radio\"\\n\n                    name=\"alasan\"\\n\n                    value=\"sakit\"\\n\n                                                            required                    class=\"peer sr-only\"\\n\n                >\\n\n                <span class=\"flex w-full items-center justify-center rounded-lg border border-surface-alt bg-card text-center font-semibold text-muted-2 transition-colors peer-focus-visible:ring-2 peer-focus-visible:ring-navy/40 px-3.5 py-2.5 text-[13px] peer-checked:border-navy peer-checked:bg-navy peer-checked:text-card\">\\n\n                    Sakit\\n\n                </span>\\n\n            </label>\\n\n                                <label class=\"grow basis-20 select-none cursor-pointer\">\\n\n                <input\\n\n                    type=\"radio\"\\n\n                    name=\"alasan\"\\n\n                    value=\"izin\"\\n\n                                                            required                    class=\"peer sr-only\"\\n\n                >\\n\n                <span class=\"flex w-full items-center justify-center rounded-lg border border-surface-alt bg-card text-center font-semibold text-muted-2 transition-colors peer-focus-visible:ring-2 peer-focus-visible:ring-navy/40 px-3.5 py-2.5 text-[13px] peer-checked:border-navy peer-checked:bg-navy peer-checked:text-card\">\\n\n                    Izin\\n\n                </span>\\n\n            </label>\\n\n            </div>\\n\n</div>\\n\n\\n\n                \\n\n                \\n\n                <div class=\"flex flex-col gap-1.5\">\\n\n            <label  for=\"foto_bukti_tidak_hadir\"  class=\"text-sm font-semibold text-ink\">\\n\n    Surat Izin/Sakit (opsional)\\n\n    </label>\\n\n    \\n\n    <label\\n\n        for=\"foto_bukti_tidak_hadir\"\\n\n        class=\"flex min-h-40 w-full cursor-pointer flex-col items-center justify-center gap-1.5 rounded-xl border border-dashed bg-card px-5 py-6 text-center transition-colors hover:border-navy border-[#B8C4D9]\"\\n\n    >\\n\n        <span\\n\n    class=\"material-symbols-rounded select-none leading-none text-navy\"\\n\n    style=\"font-size: 28px; font-variation-settings: 'FILL' 0, 'wght' 400, 'GRAD' 0, 'opsz' 28;\"\\n\n    aria-hidden=\"true\"\\n\n>add_photo_alternate</span>\\n\n        <span class=\"text-xs font-semibold text-navy\">Lampirkan Surat / Foto Bukti</span>\\n\n                    <span class=\"text-[11px] text-muted-2\">JPG, PNG, atau PDF</span>\\n\n                \\n\n        <input\\n\n            type=\"file\"\\n\n            name=\"foto_bukti\"\\n\n            id=\"foto_bukti_tidak_hadir\"\\n\n            accept=\"image/*,application/pdf\"\\n\n                                    class=\"sr-only\"\\n\n            data-upload-input\\n\n        >\\n\n    </label>\\n\n\\n\n    </div>\\n\n\\n\n                            </div>\\n\n\\n\n            \\n\n            \\n\n            <div id=\"blok-pilih-jadwal\" class=\"mt-4 flex flex-col gap-2\">\\n\n                                    \\n\n                    <div class=\"flex flex-col gap-1.5\">\\n\n            <label  for=\"jadwal_id\"  class=\"text-sm font-semibold text-ink\">\\n\n    Kelas &amp; Mata Pelajaran\\n\n            <span class=\"text-alpha\" aria-hidden=\"true\">*</span>\\n\n        <span class=\"sr-only\">(wajib diisi)</span>\\n\n    </label>\\n\n    \\n\n    <div class=\"relative\">\\n\n        <select\\n\n             name=\"jadwal_id\"             id=\"jadwal_id\"\\n\n            class=\"h-[52px] w-full cursor-pointer appearance-none rounded-xl border border-surface-alt bg-card px-4 pr-11 text-[15px] text-ink outline-none transition-colors focus:border-navy\" required=\"required\"\\n\n        >\\n\n            <option value=\"\" disabled  hidden>Pilih jadwal</option>\\n\n                                                    <option value=\"1\"\\n\n                                data-mulai=\"1\" data-selesai=\"2\"\\n\n                                data-mulai-jam=\"\"\\n\n                                data-selesai-jam=\"\"\\n\n                                selected>\\n\n                                X RPL 1 \u00b7 Matematika \u2014 Senin\\n\n                            </option>\\n\n        </select>\\n\n        <span\\n\n    class=\"material-symbols-rounded select-none leading-none pointer-events-none absolute right-3.5 top-1/2 -translate-y-1/2 text-muted\"\\n\n    style=\"font-size: 22px; font-variation-settings: 'FILL' 0, 'wght' 400, 'GRAD' 0, 'opsz' 22;\"\\n\n    aria-hidden=\"true\"\\n\n>expand_more</span>\\n\n    </div>\\n\n\\n\n    </div>\\n\n                            </div>\\n\n\\n\n            <div class=\"mt-4\">\\n\n\\n\n            \\n\n            <div id=\"tampilan-jam-wrap\">\\n\n                <div class=\"flex flex-col gap-1.5\">\\n\n            <p class=\"text-xs font-semibold text-muted-2\">Jam Pelajaran</p>\\n\n    \\n\n    <div class=\"flex min-w-0 items-start gap-2 text-[15px] text-ink min-h-[52px] rounded-xl border border-surface-alt bg-surface-alt px-4 py-3\">\\n\n                    <span\\n\n    class=\"material-symbols-rounded select-none leading-none shrink-0 text-muted-2\"\\n\n    style=\"font-size: 20px; font-variation-settings: 'FILL' 0, 'wght' 400, 'GRAD' 0, 'opsz' 20;\"\\n\n    aria-hidden=\"true\"\\n\n>schedule</span>\\n\n                <span class=\"min-w-0 flex-1 whitespace-pre-line break-words\"><span id=\"tampilan-jam\">\\n\n                        Jam ke-1 sampai ke-2\\n\n                                            </span></span>\\n\n    </div>\\n\n</div>\\n\n                <input type=\"hidden\" name=\"jam_ke_mulai\" id=\"jam_ke_mulai\" value=\"1\">\\n\n                <input type=\"hidden\" name=\"jam_ke_selesai\" id=\"jam_ke_selesai\" value=\"2\">\\n\n            </div>\\n\n\\n\n            \\n\n            \\n\n            </div>\\n\n\\n\n            \\n\n            <div id=\"blok-tugas-tidak-hadir\" class=\"mt-4\"  hidden >\\n\n                <div class=\"flex flex-col gap-1.5\">\\n\n            <label  for=\"tugas_tambahan\"  class=\"text-sm font-semibold text-ink\">\\n\n    Tugas untuk Siswa\\n\n            <span class=\"text-alpha\" aria-hidden=\"true\">*</span>\\n\n        <span class=\"sr-only\">(wajib diisi)</span>\\n\n    </label>\\n\n    \\n\n    <textarea\\n\n         name=\"tugas_tambahan\"         id=\"tugas_tambahan\"\\n\n        rows=\"2\"\\n\n        class=\"w-full resize-y rounded-xl border border-surface-alt bg-card px-4 py-3 text-[15px] text-ink outline-none transition-colors placeholder:text-placeholder focus:border-navy\" placeholder=\"Kerjakan LKS halaman...\" required=\"required\"\\n\n    ></textarea>\\n\n\\n\n    </div>\\n\n            </div>\\n\n\\n\n            \\n\n            <div id=\"blok-hadir\" class=\"mt-4 flex flex-col gap-4\" >\\n\n                <div class=\"flex flex-col gap-1.5\">\\n\n            <label  for=\"materi\"  class=\"text-sm font-semibold text-ink\">\\n\n    Materi\\n\n            <span class=\"text-alpha\" aria-hidden=\"true\">*</span>\\n\n        <span class=\"sr-only\">(wajib diisi)</span>\\n\n    </label>\\n\n    \\n\n    <textarea\\n\n         name=\"materi\"         id=\"materi\"\\n\n        rows=\"3\"\\n\n        class=\"w-full resize-y rounded-xl border border-surface-alt bg-card px-4 py-3 text-[15px] text-ink outline-none transition-colors placeholder:text-placeholder focus:border-navy\" placeholder=\"Materi yang diajarkan...\" required=\"required\"\\n\n    ></textarea>\\n\n\\n\n    </div>\\n\n\\n\n                <div class=\"flex flex-col gap-1.5\">\\n\n                    <div class=\"flex flex-col gap-1.5\">\\n\n            <label  class=\"text-sm font-semibold text-ink\">\\n\n    Metode Pembelajaran\\n\n            <span class=\"text-alpha\" aria-hidden=\"true\">*</span>\\n\n        <span class=\"sr-only\">(wajib diisi)</span>\\n\n    </label>\\n\n    \\n\n    <div class=\"flex flex-wrap gap-1.5\" role=\"radiogroup\"  aria-label=\"Metode Pembelajaran\" >\\n\n                                <label class=\"grow basis-20 select-none cursor-pointer\">\\n\n                <input\\n\n                    type=\"radio\"\\n\n                    name=\"metode_pilihan\"\\n\n                    value=\"ceramah\"\\n\n                                                            required                    class=\"peer sr-only\"\\n\n                >\\n\n                <span class=\"flex w-full items-center justify-center rounded-lg border border-surface-alt bg-card text-center font-semibold text-muted-2 transition-colors peer-focus-visible:ring-2 peer-focus-visible:ring-navy/40 px-3.5 py-2.5 text-[13px] peer-checked:border-navy peer-checked:bg-navy peer-checked:text-card\">\\n\n                    Ceramah\\n\n                </span>\\n\n            </label>\\n\n                                <label class=\"grow basis-20 select-none cursor-pointer\">\\n\n                <input\\n\n                    type=\"radio\"\\n\n                    name=\"metode_pilihan\"\\n\n                    value=\"diskusi\"\\n\n                                                            required                    class=\"peer sr-only\"\\n\n                >\\n\n                <span class=\"flex w-full items-center justify-center rounded-lg border border-surface-alt bg-card text-center font-semibold text-muted-2 transition-colors peer-focus-visible:ring-2 peer-focus-visible:ring-navy/40 px-3.5 py-2.5 text-[13px] peer-checked:border-navy peer-checked:bg-navy peer-checked:text-card\">\\n\n                    Diskusi\\n\n                </span>\\n\n            </label>\\n\n                                <label class=\"grow basis-20 select-none cursor-pointer\">\\n\n                <input\\n\n                    type=\"radio\"\\n\n                    name=\"metode_pilihan\"\\n\n                    value=\"praktik\"\\n\n                                                            required                    class=\"peer sr-only\"\\n\n                >\\n\n                <span class=\"flex w-full items-center justify-center rounded-lg border border-surface-alt bg-card text-center font-semibold text-muted-2 transition-colors peer-focus-visible:ring-2 peer-focus-visible:ring-navy/40 px-3.5 py-2.5 text-[13px] peer-checked:border-navy peer-checked:bg-navy peer-checked:text-card\">\\n\n                    Praktik\\n\n                </span>\\n\n            </label>\\n\n                                <label class=\"grow basis-20 select-none cursor-pointer\">\\n\n                <input\\n\n                    type=\"radio\"\\n\n                    name=\"metode_pilihan\"\\n\n                    value=\"ulangan\"\\n\n                                                            required                    class=\"peer sr-only\"\\n\n                >\\n\n                <span class=\"flex w-full items-center justify-center rounded-lg border border-surface-alt bg-card text-center font-semibold text-muted-2 transition-colors peer-focus-visible:ring-2 peer-focus-visible:ring-navy/40 px-3.5 py-2.5 text-[13px] peer-checked:border-navy peer-checked:bg-navy peer-checked:text-card\">\\n\n                    Ulangan/Tes\\n\n                </span>\\n\n            </label>\\n\n                                <label class=\"grow basis-20 select-none cursor-pointer\">\\n\n                <input\\n\n                    type=\"radio\"\\n\n                    name=\"metode_pilihan\"\\n\n                    value=\"presentasi\"\\n\n                                                            required                    class=\"peer sr-only\"\\n\n                >\\n\n                <span class=\"flex w-full items-center justify-center rounded-lg border border-surface-alt bg-card text-center font-semibold text-muted-2 transition-colors peer-focus-visible:ring-2 peer-focus-visible:ring-navy/40 px-3.5 py-2.5 text-[13px] peer-checked:border-navy peer-checked:bg-navy peer-checked:text-card\">\\n\n                    Presentasi\\n\n                </span>\\n\n            </label>\\n\n                                <label class=\"grow basis-20 select-none cursor-pointer\">\\n\n                <input\\n\n                    type=\"radio\"\\n\n                    name=\"metode_pilihan\"\\n\n                    value=\"lainnya\"\\n\n                                                            required                    class=\"peer sr-only\"\\n\n                >\\n\n                <span class=\"flex w-full items-center justify-center rounded-lg border border-surface-alt bg-card text-center font-semibold text-muted-2 transition-colors peer-focus-visible:ring-2 peer-focus-visible:ring-navy/40 px-3.5 py-2.5 text-[13px] peer-checked:border-navy peer-checked:bg-navy peer-checked:text-card\">\\n\n                    Lainnya\\n\n                </span>\\n\n            </label>\\n\n            </div>\\n\n</div>\\n\n                    <div id=\"metode_custom_wrap\" hidden>\\n\n                        <div class=\"flex flex-col gap-1.5\">\\n\n    \\n\n    \\n\n    <div class=\"flex h-[52px] items-center gap-2 rounded-xl border border-surface-alt bg-card px-4 transition-colors focus-within:border-navy has-[:disabled]:bg-surface-alt has-[[readonly]]:bg-surface-alt \">\\n\n        \\n\n        <input\\n\n            type=\"text\"\\n\n             name=\"metode_custom\"             id=\"metode_custom\"\\n\n            class=\"w-full border-none bg-transparent text-[15px] text-ink outline-none placeholder:text-placeholder disabled:cursor-not-allowed disabled:text-muted-2 read-only:cursor-not-allowed read-only:text-muted-2\" placeholder=\"Tulis metode lainnya...\" value=\"\" required=\"required\"\\n\n        >\\n\n\\n\n        \\n\n        \\n\n    </div>\\n\n\\n\n                </div>\\n\n                    </div>\\n\n                </div>\\n\n\\n\n                                    \\n\n                    <div class=\"flex flex-col gap-1.5\" data-kamera-wrap>\\n\n            <label  for=\"foto_bukti\"  class=\"text-sm font-semibold text-ink\">\\n\n    Foto Suasana Kelas\\n\n            <span class=\"text-alpha\" aria-hidden=\"true\">*</span>\\n\n        <span class=\"sr-only\">(wajib diisi)</span>\\n\n    </label>\\n\n    \\n\n    <input type=\"file\" name=\"foto_bukti\" id=\"foto_bukti\" accept=\"image/*\" class=\"sr-only\" data-kamera-input  required >\\n\n\\n\n    <div class=\"flex min-h-40 w-full flex-col items-center justify-center gap-1.5 rounded-xl border border-dashed bg-card px-5 py-6 text-center border-[#B8C4D9]\">\\n\n        <img data-kamera-img hidden alt=\"Pratinjau foto suasana kelas\" class=\"max-h-56 w-full rounded-lg object-cover\">\\n\n\\n\n        <div data-kamera-placeholder class=\"flex flex-col items-center gap-1.5\">\\n\n            <span\\n\n    class=\"material-symbols-rounded select-none leading-none text-navy\"\\n\n    style=\"font-size: 28px; font-variation-settings: 'FILL' 0, 'wght' 400, 'GRAD' 0, 'opsz' 28;\"\\n\n    aria-hidden=\"true\"\\n\n>photo_camera</span>\\n\n            <span class=\"text-xs font-semibold text-navy\">Wajib buka kamera</span>\\n\n                            <span class=\"text-[11px] text-muted-2\">Ambil foto saat pembelajaran berlangsung.</span>\\n\n                        <button type=\"button\" data-modal-open=\"modal-kamera-foto_bukti\" data-kamera-buka class=\"press mt-2 inline-flex items-center gap-1.5 rounded-lg bg-navy px-3.5 py-2 text-xs font-bold text-card\">\\n\n                <span\\n\n    class=\"material-symbols-rounded select-none leading-none\"\\n\n    style=\"font-size: 15px; font-variation-settings: 'FILL' 0, 'wght' 400, 'GRAD' 0, 'opsz' 15;\"\\n\n    aria-hidden=\"true\"\\n\n>photo_camera</span>\\n\n Buka Kamera\\n\n            </button>\\n\n        </div>\\n\n\\n\n        <button type=\"button\" data-modal-open=\"modal-kamera-foto_bukti\" data-kamera-buka data-kamera-ulang hidden class=\"press mt-2 inline-flex items-center gap-1.5 rounded-lg bg-surface-alt px-3.5 py-2 text-xs font-bold text-ink\">\\n\n            <span\\n\n    class=\"material-symbols-rounded select-none leading-none\"\\n\n    style=\"font-size: 15px; font-variation-settings: 'FILL' 0, 'wght' 400, 'GRAD' 0, 'opsz' 15;\"\\n\n    aria-hidden=\"true\"\\n\n>refresh</span>\\n\n Ambil Ulang\\n\n        </button>\\n\n    </div>\\n\n\\n\n    \\n\n    <dialog\\n\n    id=\"modal-kamera-foto_bukti\"\\n\n    style=\"width: min(32rem, calc(100vw - 2rem))\"\\n\n    class=\"fixed inset-0 m-auto h-fit max-h-[calc(100dvh-2rem)] overflow-visible rounded-2xl border-0 bg-card p-0 text-ink shadow-2xl backdrop:bg-navy/30 backdrop:backdrop-blur-sm\"\\n\n>\\n\n    <div class=\"flex items-center justify-between border-b border-surface-alt px-5 py-3.5\">\\n\n        <h3 class=\"text-base font-bold text-ink\" data-modal-title>Ambil Foto Suasana Kelas</h3>\\n\n        <button type=\"button\" data-modal-close class=\"flex h-8 w-8 items-center justify-center rounded-lg text-muted hover:bg-surface-alt hover:text-ink\" aria-label=\"Tutup\">\\n\n            <span\\n\n    class=\"material-symbols-rounded select-none leading-none\"\\n\n    style=\"font-size: 18px; font-variation-settings: 'FILL' 0, 'wght' 400, 'GRAD' 0, 'opsz' 18;\"\\n\n    aria-hidden=\"true\"\\n\n>close</span>\\n\n        </button>\\n\n    </div>\\n\n\\n\n    <div class=\"max-h-[calc(100dvh-8rem)] overflow-y-auto p-5\">\\n\n        <div class=\"flex flex-col gap-3\">\\n\n            \\n\n            <div data-kamera-box class=\"relative flex max-h-[50vh] items-center justify-center overflow-hidden rounded-xl bg-ink transition-[max-height]\">\\n\n                <video data-kamera-video hidden autoplay playsinline muted class=\"max-h-[50vh] w-full object-contain\"></video>\\n\n                <canvas data-kamera-canvas hidden></canvas>\\n\n                <p data-kamera-error hidden class=\"flex aspect-[4/3] w-full flex-col items-center justify-center gap-2 px-6 text-center text-sm font-semibold text-card\">\\n\n                    Nggak bisa buka kamera. Pastikan izin kamera diaktifkan buat browser ini, lalu coba lagi.\\n\n                </p>\\n\n                \\n\n                <button type=\"button\" data-kamera-ganti hidden\\n\n                    class=\"press absolute right-2.5 top-2.5 flex h-9 w-9 items-center justify-center rounded-full bg-ink/60 text-card\"\\n\n                    aria-label=\"Ganti kamera depan/belakang\">\\n\n                    <span\\n\n    class=\"material-symbols-rounded select-none leading-none\"\\n\n    style=\"font-size: 18px; font-variation-settings: 'FILL' 0, 'wght' 400, 'GRAD' 0, 'opsz' 18;\"\\n\n    aria-hidden=\"true\"\\n\n>cameraswitch</span>\\n\n                </button>\\n\n                \\n\n                <button type=\"button\" data-kamera-perbesar hidden\\n\n                    class=\"press absolute right-2.5 bottom-2.5 flex h-9 w-9 items-center justify-center rounded-full bg-ink/60 text-card\"\\n\n                    aria-label=\"Perbesar tampilan kamera\">\\n\n                    <span\\n\n    class=\"material-symbols-rounded select-none leading-none\"\\n\n    style=\"font-size: 18px; font-variation-settings: 'FILL' 0, 'wght' 400, 'GRAD' 0, 'opsz' 18;\"\\n\n    aria-hidden=\"true\"\\n\n>fullscreen</span>\\n\n                </button>\\n\n            </div>\\n\n            <button type=\"button\" data-kamera-jepret class=\"press flex h-11 w-full items-center justify-center gap-2 rounded-xl bg-navy text-sm font-bold text-card\">\\n\n                <span\\n\n    class=\"material-symbols-rounded select-none leading-none\"\\n\n    style=\"font-size: 18px; font-variation-settings: 'FILL' 0, 'wght' 400, 'GRAD' 0, 'opsz' 18;\"\\n\n    aria-hidden=\"true\"\\n\n>photo_camera</span>\\n\n Jepret\\n\n            </button>\\n\n        </div>\\n\n    </div>\\n\n</dialog>\\n\n\\n\n</div>\\n\n                            </div>\\n\n\\n\n                            \\n\n                <div id=\"blok-presensi\" >\\n\n                    <div class=\"mt-6\">\\n\n    <h2 class=\"mb-1 text-sm font-bold text-ink\">Presensi (2 siswa)</h2>\\n\n    <p class=\"mb-3 text-xs text-muted-2\">Periksa status siswa. Cari nama untuk mengubah kehadiran; catatan sebelumnya sudah terisi.</p>\\n\n\\n\n    \\n\n    <div class=\"relative\">\\n\n        <div class=\"flex h-10 items-center gap-2 rounded-lg border border-surface-alt bg-card px-3\" data-search-bar>\\n\n    <span\\n\n    class=\"material-symbols-rounded select-none leading-none shrink-0 text-muted\"\\n\n    style=\"font-size: 16px; font-variation-settings: 'FILL' 0, 'wght' 400, 'GRAD' 0, 'opsz' 16;\"\\n\n    aria-hidden=\"true\"\\n\n>search</span>\\n\n    <input\\n\n        type=\"text\"\\n\n        name=\"q\"\\n\n        placeholder=\"Cari nama siswa\u2026\"\\n\n        data-search-input\\n\n        class=\"w-full border-none bg-transparent text-sm text-ink outline-none placeholder:text-muted\" id=\"cari-siswa\"\\n\n    >\\n\n    <button\\n\n        type=\"button\"\\n\n        data-search-reset\\n\n        hidden\\n\n        class=\"flex shrink-0 items-center text-muted hover:text-alpha\"\\n\n        aria-label=\"Hapus pencarian\"\\n\n    >\\n\n        <span\\n\n    class=\"material-symbols-rounded select-none leading-none shrink-0\"\\n\n    style=\"font-size: 16px; font-variation-settings: 'FILL' 0, 'wght' 400, 'GRAD' 0, 'opsz' 16;\"\\n\n    aria-hidden=\"true\"\\n\n>close</span>\\n\n    </button>\\n\n</div>\\n\n\\n\n            <div\\n\n            id=\"hasil-cari-siswa\"\\n\n            hidden\\n\n            class=\"absolute z-20 mt-1 max-h-64 w-full overflow-y-auto rounded-xl border border-surface-alt bg-card py-1 shadow-lg\"\\n\n        ></div>\\n\n    </div>\\n\n\\n\n    <div class=\"mt-2 flex items-center justify-between gap-2\">\\n\n        <p class=\"text-xs text-muted-2\" id=\"jumlah-tampil\"></p>\\n\n        \\n\n        <label class=\"flex shrink-0 cursor-pointer items-center gap-1.5 text-xs font-semibold text-navy\">\\n\n            <input type=\"checkbox\" id=\"tampilkan-tidak-hadir-saja\" class=\"h-3.5 w-3.5 rounded border-surface-alt text-navy focus:ring-navy\">\\n\n            Hanya tidak hadir\\n\n        </label>\\n\n    </div>\\n\n\\n\n    \\n\n    <div class=\"mt-2 max-h-[38vh] overflow-y-auto rounded-2xl border border-surface-alt bg-surface-alt/40 p-3 sm:max-h-[50vh]\" style=\"transform: translateZ(0);\">\\n\n        \\n\n        <div class=\"grid grid-cols-1 gap-3 lg:grid-cols-2\" data-grid-presensi>\\n\n                                            <div\\n\n                    class=\"flex flex-col gap-2.5 rounded-2xl bg-card p-3 shadow-[var(--shadow-soft)]\"\\n\n                    data-siswa-row\\n\n                    data-nama=\"a\"\\n\n                    data-no-absen=\"1\"\\n\n                >\\n\n                    <div class=\"flex items-center gap-2.5\">\\n\n                        <span class=\"flex h-10 w-10 items-center justify-center rounded-full text-sm font-bold bg-izin-soft text-izin\">\\n\n    1\\n\n</span>\\n\n                        <div class=\"flex min-w-0 flex-col\">\\n\n                            <span class=\"truncate text-sm font-semibold text-ink\">A</span>\\n\n                                                    </div>\\n\n                    </div>\\n\n\\n\n                    <div class=\"flex flex-col gap-1.5\">\\n\n    \\n\n    <div class=\"flex flex-wrap gap-1.5\" role=\"radiogroup\" >\\n\n                                <label class=\"grow basis-20 select-none cursor-pointer\">\\n\n                <input\\n\n                    type=\"radio\"\\n\n                    name=\"presensi[1][status]\"\\n\n                    value=\"hadir\"\\n\n                    checked                                                            class=\"peer sr-only\"\\n\n                >\\n\n                <span class=\"flex w-full items-center justify-center rounded-lg border border-surface-alt bg-card text-center font-semibold text-muted-2 transition-colors peer-focus-visible:ring-2 peer-focus-visible:ring-navy/40 px-2.5 py-1.5 text-xs peer-checked:border-hadir peer-checked:bg-hadir-soft peer-checked:text-hadir\">\\n\n                    Hadir\\n\n                </span>\\n\n            </label>\\n\n                                <label class=\"grow basis-20 select-none cursor-pointer\">\\n\n                <input\\n\n                    type=\"radio\"\\n\n                    name=\"presensi[1][status]\"\\n\n                    value=\"sakit\"\\n\n                                                                                class=\"peer sr-only\"\\n\n                >\\n\n                <span class=\"flex w-full items-center justify-center rounded-lg border border-surface-alt bg-card text-center font-semibold text-muted-2 transition-colors peer-focus-visible:ring-2 peer-focus-visible:ring-navy/40 px-2.5 py-1.5 text-xs peer-checked:border-sakit peer-checked:bg-sakit-soft peer-checked:text-sakit\">\\n\n                    Sakit\\n\n                </span>\\n\n            </label>\\n\n                                <label class=\"grow basis-20 select-none cursor-pointer\">\\n\n                <input\\n\n                    type=\"radio\"\\n\n                    name=\"presensi[1][status]\"\\n\n                    value=\"izin\"\\n\n                                                                                class=\"peer sr-only\"\\n\n                >\\n\n                <span class=\"flex w-full items-center justify-center rounded-lg border border-surface-alt bg-card text-center font-semibold text-muted-2 transition-colors peer-focus-visible:ring-2 peer-focus-visible:ring-navy/40 px-2.5 py-1.5 text-xs peer-checked:border-izin peer-checked:bg-izin-soft peer-checked:text-izin\">\\n\n                    Izin\\n\n                </span>\\n\n            </label>\\n\n                                <label class=\"grow basis-20 select-none cursor-pointer\">\\n\n                <input\\n\n                    type=\"radio\"\\n\n                    name=\"presensi[1][status]\"\\n\n                    value=\"alpha\"\\n\n                                                                                class=\"peer sr-only\"\\n\n                >\\n\n                <span class=\"flex w-full items-center justify-center rounded-lg border border-surface-alt bg-card text-center font-semibold text-muted-2 transition-colors peer-focus-visible:ring-2 peer-focus-visible:ring-navy/40 px-2.5 py-1.5 text-xs peer-checked:border-alpha peer-checked:bg-alpha-soft peer-checked:text-alpha\">\\n\n                    Alpha\\n\n                </span>\\n\n            </label>\\n\n                                <label class=\"grow basis-20 select-none cursor-pointer\">\\n\n                <input\\n\n                    type=\"radio\"\\n\n                    name=\"presensi[1][status]\"\\n\n                    value=\"dispensasi\"\\n\n                                                                                class=\"peer sr-only\"\\n\n                >\\n\n                <span class=\"flex w-full items-center justify-center rounded-lg border border-surface-alt bg-card text-center font-semibold text-muted-2 transition-colors peer-focus-visible:ring-2 peer-focus-visible:ring-navy/40 px-2.5 py-1.5 text-xs peer-checked:border-dispen peer-checked:bg-dispen-soft peer-checked:text-dispen\">\\n\n                    Dispensasi\\n\n                </span>\\n\n            </label>\\n\n            </div>\\n\n</div>\\n\n\\n\n                    <div class=\"border-t border-surface-alt pt-2.5\">\\n\n                        <button\\n\n                            type=\"button\"\\n\n                            data-toggle-catatan=\"catatan-1\"\\n\n                            class=\"flex items-center gap-1 text-xs font-semibold text-navy hover:underline\"\\n\n                                                    >\\n\n                            <span\\n\n    class=\"material-symbols-rounded select-none leading-none\"\\n\n    style=\"font-size: 14px; font-variation-settings: 'FILL' 0, 'wght' 400, 'GRAD' 0, 'opsz' 14;\"\\n\n    aria-hidden=\"true\"\\n\n>add_circle</span>\\n\n                            Tambah catatan\\n\n                        </button>\\n\n\\n\n                        <div id=\"catatan-1\"  hidden >\\n\n                            <div class=\"flex flex-col gap-1.5\">\\n\n    \\n\n    \\n\n    <div class=\"flex h-[52px] items-center gap-2 rounded-xl border border-surface-alt bg-card px-4 transition-colors focus-within:border-navy has-[:disabled]:bg-surface-alt has-[[readonly]]:bg-surface-alt \">\\n\n        \\n\n        <input\\n\n            type=\"text\"\\n\n             name=\"presensi[1][catatan]\"             id=\"presensi[1][catatan]\"\\n\n            class=\"w-full border-none bg-transparent text-[15px] text-ink outline-none placeholder:text-placeholder disabled:cursor-not-allowed disabled:text-muted-2 read-only:cursor-not-allowed read-only:text-muted-2\" placeholder=\"Catatan (opsional)\"\\n\n        >\\n\n\\n\n        \\n\n        <button type=\"button\" data-close-catatan=\"catatan-1\" class=\"flex shrink-0 items-center text-muted-2 hover:text-ink\" tabindex=\"-1\" aria-label=\"Tutup catatan\">\\n\n                                    <span\\n\n    class=\"material-symbols-rounded select-none leading-none\"\\n\n    style=\"font-size: 18px; font-variation-settings: 'FILL' 0, 'wght' 400, 'GRAD' 0, 'opsz' 18;\"\\n\n    aria-hidden=\"true\"\\n\n>close</span>\\n\n                                </button>\\n\n    </div>\\n\n\\n\n                </div>\\n\n                        </div>\\n\n                    </div>\\n\n                </div>\\n\n                                            <div\\n\n                    class=\"flex flex-col gap-2.5 rounded-2xl bg-card p-3 shadow-[var(--shadow-soft)]\"\\n\n                    data-siswa-row\\n\n                    data-nama=\"b\"\\n\n                    data-no-absen=\"2\"\\n\n                >\\n\n                    <div class=\"flex items-center gap-2.5\">\\n\n                        <span class=\"flex h-10 w-10 items-center justify-center rounded-full text-sm font-bold bg-[#FCE7F3] text-[#BE185D]\">\\n\n    2\\n\n</span>\\n\n                        <div class=\"flex min-w-0 flex-col\">\\n\n                            <span class=\"truncate text-sm font-semibold text-ink\">B</span>\\n\n                                                    </div>\\n\n                    </div>\\n\n\\n\n                    <div class=\"flex flex-col gap-1.5\">\\n\n    \\n\n    <div class=\"flex flex-wrap gap-1.5\" role=\"radiogroup\" >\\n\n                                <label class=\"grow basis-20 select-none cursor-pointer\">\\n\n                <input\\n\n                    type=\"radio\"\\n\n                    name=\"presensi[2][status]\"\\n\n                    value=\"hadir\"\\n\n                    checked                                                            class=\"peer sr-only\"\\n\n                >\\n\n                <span class=\"flex w-full items-center justify-center rounded-lg border border-surface-alt bg-card text-center font-semibold text-muted-2 transition-colors peer-focus-visible:ring-2 peer-focus-visible:ring-navy/40 px-2.5 py-1.5 text-xs peer-checked:border-hadir peer-checked:bg-hadir-soft peer-checked:text-hadir\">\\n\n                    Hadir\\n\n                </span>\\n\n            </label>\\n\n                                <label class=\"grow basis-20 select-none cursor-pointer\">\\n\n                <input\\n\n                    type=\"radio\"\\n\n                    name=\"presensi[2][status]\"\\n\n                    value=\"sakit\"\\n\n                                                                                class=\"peer sr-only\"\\n\n                >\\n\n                <span class=\"flex w-full items-center justify-center rounded-lg border border-surface-alt bg-card text-center font-semibold text-muted-2 transition-colors peer-focus-visible:ring-2 peer-focus-visible:ring-navy/40 px-2.5 py-1.5 text-xs peer-checked:border-sakit peer-checked:bg-sakit-soft peer-checked:text-sakit\">\\n\n                    Sakit\\n\n                </span>\\n\n            </label>\\n\n                                <label class=\"grow basis-20 select-none cursor-pointer\">\\n\n                <input\\n\n                    type=\"radio\"\\n\n                    name=\"presensi[2][status]\"\\n\n                    value=\"izin\"\\n\n                                                                                class=\"peer sr-only\"\\n\n                >\\n\n                <span class=\"flex w-full items-center justify-center rounded-lg border border-surface-alt bg-card text-center font-semibold text-muted-2 transition-colors peer-focus-visible:ring-2 peer-focus-visible:ring-navy/40 px-2.5 py-1.5 text-xs peer-checked:border-izin peer-checked:bg-izin-soft peer-checked:text-izin\">\\n\n                    Izin\\n\n                </span>\\n\n            </label>\\n\n                                <label class=\"grow basis-20 select-none cursor-pointer\">\\n\n                <input\\n\n                    type=\"radio\"\\n\n                    name=\"presensi[2][status]\"\\n\n                    value=\"alpha\"\\n\n                                                                                class=\"peer sr-only\"\\n\n                >\\n\n                <span class=\"flex w-full items-center justify-center rounded-lg border border-surface-alt bg-card text-center font-semibold text-muted-2 transition-colors peer-focus-visible:ring-2 peer-focus-visible:ring-navy/40 px-2.5 py-1.5 text-xs peer-checked:border-alpha peer-checked:bg-alpha-soft peer-checked:text-alpha\">\\n\n                    Alpha\\n\n                </span>\\n\n            </label>\\n\n                                <label class=\"grow basis-20 select-none cursor-pointer\">\\n\n                <input\\n\n                    type=\"radio\"\\n\n                    name=\"presensi[2][status]\"\\n\n                    value=\"dispensasi\"\\n\n                                                                                class=\"peer sr-only\"\\n\n                >\\n\n                <span class=\"flex w-full items-center justify-center rounded-lg border border-surface-alt bg-card text-center font-semibold text-muted-2 transition-colors peer-focus-visible:ring-2 peer-focus-visible:ring-navy/40 px-2.5 py-1.5 text-xs peer-checked:border-dispen peer-checked:bg-dispen-soft peer-checked:text-dispen\">\\n\n                    Dispensasi\\n\n                </span>\\n\n            </label>\\n\n            </div>\\n\n</div>\\n\n\\n\n                    <div class=\"border-t border-surface-alt pt-2.5\">\\n\n                        <button\\n\n                            type=\"button\"\\n\n                            data-toggle-catatan=\"catatan-2\"\\n\n                            class=\"flex items-center gap-1 text-xs font-semibold text-navy hover:underline\"\\n\n                                                    >\\n\n                            <span\\n\n    class=\"material-symbols-rounded select-none leading-none\"\\n\n    style=\"font-size: 14px; font-variation-settings: 'FILL' 0, 'wght' 400, 'GRAD' 0, 'opsz' 14;\"\\n\n    aria-hidden=\"true\"\\n\n>add_circle</span>\\n\n                            Tambah catatan\\n\n                        </button>\\n\n\\n\n                        <div id=\"catatan-2\"  hidden >\\n\n                            <div class=\"flex flex-col gap-1.5\">\\n\n    \\n\n    \\n\n    <div class=\"flex h-[52px] items-center gap-2 rounded-xl border border-surface-alt bg-card px-4 transition-colors focus-within:border-navy has-[:disabled]:bg-surface-alt has-[[readonly]]:bg-surface-alt \">\\n\n        \\n\n        <input\\n\n            type=\"text\"\\n\n             name=\"presensi[2][catatan]\"             id=\"presensi[2][catatan]\"\\n\n            class=\"w-full border-none bg-transparent text-[15px] text-ink outline-none placeholder:text-placeholder disabled:cursor-not-allowed disabled:text-muted-2 read-only:cursor-not-allowed read-only:text-muted-2\" placeholder=\"Catatan (opsional)\"\\n\n        >\\n\n\\n\n        \\n\n        <button type=\"button\" data-close-catatan=\"catatan-2\" class=\"flex shrink-0 items-center text-muted-2 hover:text-ink\" tabindex=\"-1\" aria-label=\"Tutup catatan\">\\n\n                                    <span\\n\n    class=\"material-symbols-rounded select-none leading-none\"\\n\n    style=\"font-size: 18px; font-variation-settings: 'FILL' 0, 'wght' 400, 'GRAD' 0, 'opsz' 18;\"\\n\n    aria-hidden=\"true\"\\n\n>close</span>\\n\n                                </button>\\n\n    </div>\\n\n\\n\n                </div>\\n\n                        </div>\\n\n                    </div>\\n\n                </div>\\n\n                    </div>\\n\n    </div>\\n\n</div>\\n\n\\n\n\\n\n<script>\\n\n    (function () {\\n\n            const cari = document.getElementById('cari-siswa');\\n\n            const hasil = document.getElementById('hasil-cari-siswa');\\n\n            const rows = Array.from(document.querySelectorAll('[data-siswa-row]'));\\n\n            const counter = document.getElementById('jumlah-tampil');\\n\n            const tampilkanTidakHadirSaja = document.getElementById('tampilkan-tidak-hadir-saja');\\n\n\\n\n            // Kartu yang barusan \"dibuka\" lewat dropdown cari -- tetap kelihatan\\n\n            // SEMENTARA biar guru sempat ubah statusnya, TAPI begitu statusnya\\n\n            // balik/tetap Hadir, langsung disembunyikan lagi (nggak nyangkut\\n\n            // nampil selamanya cuma gara-gara pernah dicari). Dipakai Set biar\\n\n            // gampang cek/nambah/hapus tanpa dobel.\\n\n            const dipilihManual = new Set();\\n\n\\n\n            function statusRow(row) {\\n\n                return row.querySelector('input[type=\"radio\"]:checked')?.value ?? 'hadir';\\n\n            }\\n\n\\n\n            function namaAsli(row) {\\n\n                return row.querySelector('.text-ink')?.textContent.trim() ?? '';\\n\n            }\\n\n\\n\n            // Kotak cari (dan input catatan/metode lainnya) ada di DALAM form\\n\n            // besar -- pencet Enter di situ defaultnya langsung submit SELURUH\\n\n            // jurnal, padahal maksudnya cuma nyaring daftar siswa. Cegah itu\\n\n            // buat semua kotak teks satu-baris di form ini, biar Enter aman.\\n\n            cari?.closest('form')?.addEventListener('keydown', (e) => {\\n\n                if (e.key === 'Enter' && (e.target.type === 'text' || e.target.type === 'search')) {\\n\n                    e.preventDefault();\\n\n                }\\n\n            });\\n\n\\n\n            function renderHasilCari(q) {\\n\n                if (!hasil) return;\\n\n                // Kosong (baru fokus, belum ngetik apa-apa) -> tampilin SEMUA\\n\n                // nama, bukan malah nyembunyiin dropdown-nya. Guru bisa lihat\\n\n                // daftar lengkap dulu sebelum mutusin mau cari siapa.\\n\n                const cocok = q ? rows.filter((row) => row.dataset.nama.includes(q) || row.dataset.noAbsen.includes(q)) : rows;\\n\n                if (cocok.length === 0) {\\n\n                    hasil.innerHTML = '<p class=\"px-3.5 py-2.5 text-sm text-muted-2\">Tidak ada siswa yang cocok.</p>';\\n\n                } else {\\n\n                    hasil.innerHTML = cocok.slice(0, 50).map((row, i) => `\\n\n                        <button type=\"button\" data-pilih-hasil=\"${i}\" class=\"flex w-full flex-col gap-0.5 px-3.5 py-2.5 text-left hover:bg-surface-alt\">\\n\n                            <span class=\"text-sm font-semibold text-ink\">${namaAsli(row)}</span>\\n\n                            <span class=\"text-xs text-muted-2\">No. ${row.dataset.noAbsen} \u00b7 ${statusRow(row) === 'hadir' ? 'Hadir' : 'Sudah ditandai'}</span>\\n\n                        </button>\\n\n                    `).join('');\\n\n                    hasil.querySelectorAll('[data-pilih-hasil]').forEach((btn) => {\\n\n                        btn.addEventListener('click', () => {\\n\n                            const row = cocok[Number(btn.dataset.pilihHasil)];\\n\n                            dipilihManual.add(row);\\n\n                            cari.value = '';\\n\n                            hasil.hidden = true;\\n\n                            refresh();\\n\n                            row.scrollIntoView({ block: 'center', behavior: 'smooth' });\\n\n                            row.querySelector('input[type=\"radio\"]')?.focus();\\n\n                        });\\n\n                    });\\n\n                }\\n\n                hasil.hidden = false;\\n\n            }\\n\n\\n\n            function refresh() {\\n\n                const hanyaTidakHadir = tampilkanTidakHadirSaja?.checked;\\n\n                let tidakHadir = 0;\\n\n\\n\n                rows.forEach((row) => {\\n\n                    const statusNyaTidakHadir = statusRow(row) !== 'hadir';\\n\n                    if (statusNyaTidakHadir) tidakHadir++;\\n\n                    row.hidden = hanyaTidakHadir && !(statusNyaTidakHadir || dipilihManual.has(row));\\n\n                    row.classList.remove('lg:col-span-2');\\n\n                });\\n\n\\n\n                // Kartu yang KELIHATAN (bukan yang di-hidden) terakhir -- kalau\\n\n                // jumlahnya ganjil di layar lebar (grid 2 kolom), stretch dia\\n\n                // penuh 1 baris biar nggak nyisa gap kosong di sampingnya.\\n\n                const tampil = rows.filter((row) => !row.hidden);\\n\n                if (tampil.length % 2 === 1) {\\n\n                    tampil[tampil.length - 1].classList.add('lg:col-span-2');\\n\n                }\\n\n\\n\n                // Rekap TETAP soal jumlah tidak hadir, apa pun mode tampilannya\\n\n                // (semua kartu ATAU disaring tidak hadir doang).\\n\n                counter.textContent = tidakHadir > 0\\n\n                    ? `${tidakHadir} siswa ditandai tidak hadir (dari ${rows.length} siswa)`\\n\n                    : `Semua ${rows.length} siswa Hadir`;\\n\n            }\\n\n\\n\n            cari?.addEventListener('input', () => renderHasilCari(cari.value.trim().toLowerCase()));\\n\n            cari?.addEventListener('focus', () => renderHasilCari(cari.value.trim().toLowerCase()));\\n\n            document.addEventListener('click', (e) => {\\n\n                if (hasil && !hasil.hidden && !e.target.closest('#hasil-cari-siswa') && e.target !== cari) {\\n\n                    hasil.hidden = true;\\n\n                }\\n\n            });\\n\n            tampilkanTidakHadirSaja?.addEventListener('change', refresh);\\n\n            rows.forEach((row) => {\\n\n                row.querySelectorAll('input[type=\"radio\"]').forEach((r) => r.addEventListener('change', () => {\\n\n                    // Statusnya balik/tetap Hadir -> lepas dari daftar \"kartu\\n\n                    // yang lagi dibuka manual\", biar refresh() nyembunyiin\\n\n                    // lagi kayak kartu Hadir lainnya (bukan nyangkut nampil\\n\n                    // selamanya cuma gara-gara pernah dicari & dibuka).\\n\n                    if (statusRow(row) === 'hadir') dipilihManual.delete(row);\\n\n                    refresh();\\n\n                }));\\n\n            });\\n\n\\n\n            refresh();\\n\n\\n\n            document.querySelectorAll('[data-toggle-catatan]').forEach((btn) => {\\n\n                btn.addEventListener('click', () => {\\n\n                    const target = document.getElementById(btn.dataset.toggleCatatan);\\n\n                    target.hidden = false;\\n\n                    btn.hidden = true;\\n\n                    target.querySelector('input')?.focus();\\n\n                });\\n\n            });\\n\n\\n\n            // Tombol \"x\" di kotak catatan -- tutup lagi & kosongin isinya (biar\\n\n            // nggak nyangkut kebuka kosongan kalau ternyata nggak jadi diisi).\\n\n            document.querySelectorAll('[data-close-catatan]').forEach((btn) => {\\n\n                btn.addEventListener('click', () => {\\n\n                    const wrapId = btn.dataset.closeCatatan;\\n\n                    const wrap = document.getElementById(wrapId);\\n\n                    const input = wrap.querySelector('input');\\n\n                    if (input) input.value = '';\\n\n                    wrap.hidden = true;\\n\n                    document.querySelector(`[data-toggle-catatan=\"${wrapId}\"]`).hidden = false;\\n\n                });\\n\n            });\\n\n        })();\\n\n    </script>\\n\n\\n\n                </div>\\n\n            \\n\n            <div class=\"h-28 lg:hidden\" aria-hidden=\"true\"></div>\\n\n\\n\n<div\\n\n    class=\"fixed inset-x-0 z-30 border-t border-surface-alt bg-surface px-5 py-3 sm:px-6 lg:static lg:mt-6 lg:border-0 lg:bg-transparent lg:p-0\"\\n\n    style=\"bottom: calc(4rem + env(safe-area-inset-bottom));\"\\n\n>\\n\n    \\n\n    <div class=\"mx-auto flex w-full flex-col gap-2 lg:mx-0\">\\n\n        <button type=\"submit\" class=\"press inline-flex h-12 items-center justify-center gap-2 rounded-xl px-5 text-base font-semibold transition-colors disabled:cursor-not-allowed disabled:opacity-60 bg-navy text-card hover:bg-navy-hover w-full\">\\n\n         <span\\n\n    class=\"material-symbols-rounded select-none leading-none\"\\n\n    style=\"font-size: 20px; font-variation-settings: 'FILL' 0, 'wght' 400, 'GRAD' 0, 'opsz' 20;\"\\n\n    aria-hidden=\"true\"\\n\n>fact_check</span>\\n\n         <span id=\"teks-tombol-submit\">Periksa Jurnal</span>\\n\n            </button>\\n\n    </div>\\n\n</div>\\n\n        </form>\\n\n\\n\n        \\n\n        <dialog\\n\n    id=\"modal-ringkasan-jurnal\"\\n\n    style=\"width: min(32rem, calc(100vw - 2rem))\"\\n\n    class=\"fixed inset-0 m-auto h-fit max-h-[calc(100dvh-2rem)] overflow-visible rounded-2xl border-0 bg-card p-0 text-ink shadow-2xl backdrop:bg-navy/30 backdrop:backdrop-blur-sm\"\\n\n>\\n\n    <div class=\"flex items-center justify-between border-b border-surface-alt px-5 py-3.5\">\\n\n        <h3 class=\"text-base font-bold text-ink\" data-modal-title>Periksa Jurnal</h3>\\n\n        <button type=\"button\" data-modal-close class=\"flex h-8 w-8 items-center justify-center rounded-lg text-muted hover:bg-surface-alt hover:text-ink\" aria-label=\"Tutup\">\\n\n            <span\\n\n    class=\"material-symbols-rounded select-none leading-none\"\\n\n    style=\"font-size: 18px; font-variation-settings: 'FILL' 0, 'wght' 400, 'GRAD' 0, 'opsz' 18;\"\\n\n    aria-hidden=\"true\"\\n\n>close</span>\\n\n        </button>\\n\n    </div>\\n\n\\n\n    <div class=\"max-h-[calc(100dvh-8rem)] overflow-y-auto p-5\">\\n\n        <div class=\"flex flex-col gap-3 text-sm\">\\n\n                <div class=\"flex flex-col gap-1.5\">\\n\n            <p class=\"text-xs font-semibold text-muted-2\">Kelas &amp; Mata Pelajaran</p>\\n\n    \\n\n    <div class=\"flex min-w-0 items-start gap-2 text-[15px] text-ink\">\\n\n                <span class=\"min-w-0 flex-1 whitespace-pre-line break-words\"><span data-ringkasan=\"kelas-mapel\">\u2014</span></span>\\n\n    </div>\\n\n</div>\\n\n                <div class=\"flex flex-col gap-1.5\">\\n\n            <p class=\"text-xs font-semibold text-muted-2\">Jam Pelajaran</p>\\n\n    \\n\n    <div class=\"flex min-w-0 items-start gap-2 text-[15px] text-ink\">\\n\n                <span class=\"min-w-0 flex-1 whitespace-pre-line break-words\"><span data-ringkasan=\"jam-pelajaran\">\u2014</span></span>\\n\n    </div>\\n\n</div>\\n\n                <div class=\"flex flex-col gap-1.5\">\\n\n            <p class=\"text-xs font-semibold text-muted-2\">Status Kehadiran Anda</p>\\n\n    \\n\n    <div class=\"flex min-w-0 items-start gap-2 text-[15px] text-ink\">\\n\n                <span class=\"min-w-0 flex-1 whitespace-pre-line break-words\"><span data-ringkasan=\"status-guru\">\u2014</span></span>\\n\n    </div>\\n\n</div>\\n\n\\n\n                \\n\n                <div data-ringkasan-blok-hadir class=\"flex flex-col gap-3\">\\n\n                    <div class=\"flex flex-col gap-1.5\">\\n\n            <p class=\"text-xs font-semibold text-muted-2\">Materi</p>\\n\n    \\n\n    <div class=\"flex min-w-0 items-start gap-2 text-[15px] text-ink\">\\n\n                <span class=\"min-w-0 flex-1 whitespace-pre-line break-words\"><span data-ringkasan=\"materi\">\u2014</span></span>\\n\n    </div>\\n\n</div>\\n\n                    <div class=\"flex flex-col gap-1.5\">\\n\n            <p class=\"text-xs font-semibold text-muted-2\">Foto Suasana Kelas</p>\\n\n    \\n\n    <div class=\"flex min-w-0 items-start gap-2 text-[15px] text-ink\">\\n\n                <span class=\"min-w-0 flex-1 whitespace-pre-line break-words\"><span data-ringkasan=\"foto-hadir\">\u2014</span></span>\\n\n    </div>\\n\n</div>\\n\n                </div>\\n\n                <div data-ringkasan-blok-tidak-hadir class=\"flex flex-col gap-3\" hidden>\\n\n                    <div class=\"flex flex-col gap-1.5\">\\n\n            <p class=\"text-xs font-semibold text-muted-2\">Alasan</p>\\n\n    \\n\n    <div class=\"flex min-w-0 items-start gap-2 text-[15px] text-ink\">\\n\n                <span class=\"min-w-0 flex-1 whitespace-pre-line break-words\"><span data-ringkasan=\"alasan\">\u2014</span></span>\\n\n    </div>\\n\n</div>\\n\n                    <div class=\"flex flex-col gap-1.5\">\\n\n            <p class=\"text-xs font-semibold text-muted-2\">Tugas untuk Siswa</p>\\n\n    \\n\n    <div class=\"flex min-w-0 items-start gap-2 text-[15px] text-ink\">\\n\n                <span class=\"min-w-0 flex-1 whitespace-pre-line break-words\"><span data-ringkasan=\"tugas\">\u2014</span></span>\\n\n    </div>\\n\n</div>\\n\n                    <div class=\"flex flex-col gap-1.5\">\\n\n            <p class=\"text-xs font-semibold text-muted-2\">Surat Izin/Sakit</p>\\n\n    \\n\n    <div class=\"flex min-w-0 items-start gap-2 text-[15px] text-ink\">\\n\n                <span class=\"min-w-0 flex-1 whitespace-pre-line break-words\"><span data-ringkasan=\"surat\">\u2014</span></span>\\n\n    </div>\\n\n</div>\\n\n                </div>\\n\n\\n\n                \\n\n                <div class=\"flex flex-col gap-1.5\" data-ringkasan-blok-presensi=\"data-ringkasan-blok-presensi\">\\n\n            <p class=\"text-xs font-semibold text-muted-2\">Presensi Siswa</p>\\n\n    \\n\n    <div class=\"flex min-w-0 items-start gap-2 text-[15px] text-ink\">\\n\n                <span class=\"min-w-0 flex-1 whitespace-pre-line break-words\"><span data-ringkasan=\"presensi\">\u2014</span></span>\\n\n    </div>\\n\n</div>\\n\n            </div>\\n\n            \\n\n            <div class=\"mt-4 flex gap-2\">\\n\n                <button type=\"button\" class=\"press inline-flex h-12 items-center justify-center gap-2 rounded-xl px-5 text-base font-semibold transition-colors disabled:cursor-not-allowed disabled:opacity-60 bg-navy text-card hover:bg-navy-hover flex-1\" id=\"tombol-kirim-jurnal\">\\n\n         <span\\n\n    class=\"material-symbols-rounded select-none leading-none\"\\n\n    style=\"font-size: 20px; font-variation-settings: 'FILL' 0, 'wght' 400, 'GRAD' 0, 'opsz' 20;\"\\n\n    aria-hidden=\"true\"\\n\n>send</span>\\n\n         Kirim\\n\n            </button>\\n\n                <button type=\"button\" class=\"press inline-flex h-12 items-center justify-center gap-2 rounded-xl px-5 text-base font-semibold transition-colors disabled:cursor-not-allowed disabled:opacity-60 bg-surface-alt text-ink hover:bg-[#cbd5e1] flex-1\" data-modal-close=\"data-modal-close\">\\n\n                Cek Lagi\\n\n            </button>\\n\n            </div>\\n\n    </div>\\n\n</dialog>\\n\n            </main>\\n\n        </div>\\n\n    </div>\\n\n\\n\n    \\n\n    <nav\\n\n        class=\"fixed inset-x-0 bottom-0 z-40 h-16 border-t border-surface-alt bg-card lg:hidden\"\\n\n        style=\"padding-bottom: env(safe-area-inset-bottom);\"\\n\n        aria-label=\"Navigasi utama\"\\n\n    >\\n\n        <div class=\"relative mx-auto flex h-16 max-w-lg items-stretch\">\\n\n            <ul class=\"flex flex-1 items-stretch justify-around\">\\n\n                                    <li class=\"flex-1\">\\n\n    <a\\n\n        href=\"http://jurnalkita.test/guru\"\\n\n        class=\"flex h-full flex-col items-center justify-center gap-0.5 text-[10px] font-semibold transition-colors text-muted-2\"\\n\n            >\\n\n        <span\\n\n    class=\"material-symbols-rounded select-none leading-none\"\\n\n    style=\"font-size: 24px; font-variation-settings: 'FILL' 0, 'wght' 400, 'GRAD' 0, 'opsz' 24;\"\\n\n    aria-hidden=\"true\"\\n\n>home</span>\\n\n        <span>Beranda</span>\\n\n    </a>\\n\n</li>\\n\n                                    <li class=\"flex-1\">\\n\n    <a\\n\n        href=\"http://jurnalkita.test/guru/jurnal\"\\n\n        class=\"flex h-full flex-col items-center justify-center gap-0.5 text-[10px] font-semibold transition-colors text-muted-2\"\\n\n            >\\n\n        <span\\n\n    class=\"material-symbols-rounded select-none leading-none\"\\n\n    style=\"font-size: 24px; font-variation-settings: 'FILL' 0, 'wght' 400, 'GRAD' 0, 'opsz' 24;\"\\n\n    aria-hidden=\"true\"\\n\n>menu_book</span>\\n\n        <span>Riwayat</span>\\n\n    </a>\\n\n</li>\\n\n                                    <li class=\"flex-1\">\\n\n    <a\\n\n        href=\"http://jurnalkita.test/guru/jadwal\"\\n\n        class=\"flex h-full flex-col items-center justify-center gap-0.5 text-[10px] font-semibold transition-colors text-muted-2\"\\n\n            >\\n\n        <span\\n\n    class=\"material-symbols-rounded select-none leading-none\"\\n\n    style=\"font-size: 24px; font-variation-settings: 'FILL' 0, 'wght' 400, 'GRAD' 0, 'opsz' 24;\"\\n\n    aria-hidden=\"true\"\\n\n>calendar_month</span>\\n\n        <span>Jadwal</span>\\n\n    </a>\\n\n</li>\\n\n                                    <li class=\"flex-1\">\\n\n    <a\\n\n        href=\"http://jurnalkita.test/piket/monitor\"\\n\n        class=\"flex h-full flex-col items-center justify-center gap-0.5 text-[10px] font-semibold transition-colors text-muted-2\"\\n\n            >\\n\n        <span\\n\n    class=\"material-symbols-rounded select-none leading-none\"\\n\n    style=\"font-size: 24px; font-variation-settings: 'FILL' 0, 'wght' 400, 'GRAD' 0, 'opsz' 24;\"\\n\n    aria-hidden=\"true\"\\n\n>monitoring</span>\\n\n        <span>Monitor</span>\\n\n    </a>\\n\n</li>\\n\n                                    <li class=\"flex-1\">\\n\n    <a\\n\n        href=\"http://jurnalkita.test/profil\"\\n\n        class=\"flex h-full flex-col items-center justify-center gap-0.5 text-[10px] font-semibold transition-colors text-muted-2\"\\n\n            >\\n\n        <span\\n\n    class=\"material-symbols-rounded select-none leading-none\"\\n\n    style=\"font-size: 24px; font-variation-settings: 'FILL' 0, 'wght' 400, 'GRAD' 0, 'opsz' 24;\"\\n\n    aria-hidden=\"true\"\\n\n>person</span>\\n\n        <span>Profil</span>\\n\n    </a>\\n\n</li>\\n\n                            </ul>\\n\n\\n\n                            \\n\n                <div class=\"w-24 shrink-0\" aria-hidden=\"true\"></div>\\n\n\\n\n                <a\\n\n                    href=\"http://jurnalkita.test/guru/jurnal/tambah\"\\n\n                    data-nav-fab\\n\n                    class=\"press absolute right-1 top-0 flex h-20 w-20 -translate-y-8 flex-col items-center justify-center gap-0.5 rounded-full bg-navy text-card shadow-lg shadow-navy/30 ring-4 ring-surface\"\\n\n                >\\n\n                    <span\\n\n    class=\"material-symbols-rounded select-none leading-none\"\\n\n    style=\"font-size: 22px; font-variation-settings: 'FILL' 1, 'wght' 400, 'GRAD' 0, 'opsz' 22;\"\\n\n    aria-hidden=\"true\"\\n\n>edit_note</span>\\n\n                    <span class=\"text-[10px] font-bold leading-none whitespace-nowrap\">Isi Jurnal</span>\\n\n                </a>\\n\n                    </div>\\n\n    </nav>\\n\n\\n\n            <script>\\n\n            // Delegasi global -- satu skrip ini nyakup SEMUA search bar di\\n\n            // halaman manapun (nggak perlu diulang per pemanggil). Tombol\\n\n            // Reset cuma muncul kalau kolomnya keisi, dan ngosongin + kirim\\n\n            // event \"input\" biar filter JS masing-masing halaman ikut jalan.\\n\n            document.addEventListener('input', (e) => {\\n\n                if (!e.target.matches('[data-search-input]')) return;\\n\n                const tombol = e.target.closest('[data-search-bar]')?.querySelector('[data-search-reset]');\\n\n                if (tombol) tombol.hidden = !e.target.value;\\n\n            });\\n\n\\n\n            document.addEventListener('click', (e) => {\\n\n                const tombol = e.target.closest('[data-search-reset]');\\n\n                if (!tombol) return;\\n\n                const input = tombol.closest('[data-search-bar]')?.querySelector('[data-search-input]');\\n\n                if (!input) return;\\n\n                input.value = '';\\n\n                input.dispatchEvent(new Event('input', { bubbles: true }));\\n\n                tombol.hidden = true;\\n\n                input.focus();\\n\n            });\\n\n\\n\n            document.querySelectorAll('[data-search-input]').forEach((input) => {\\n\n                const tombol = input.closest('[data-search-bar]')?.querySelector('[data-search-reset]');\\n\n                if (tombol) tombol.hidden = !input.value;\\n\n            });\\n\n        </script>\\n\n                <script>\\n\n                (function () {\\n\n                    const form = document.getElementById('form-jurnal');\\n\n                    const modalRingkasan = document.getElementById('modal-ringkasan-jurnal');\\n\n                    if (!form || !modalRingkasan) return;\\n\n\\n\n                    let dikonfirmasi = false;\\n\n                    let sedangMengirim = false;\\n\n\\n\n                    function teksTerpilih(name) {\\n\n                        const opt = form.querySelector(`select[name=\"${name}\"] option:checked`);\\n\n                        return opt ? opt.textContent.trim() : null;\\n\n                    }\\n\n\\n\n                    function isiRingkasan() {\\n\n                        // Mode massal (semua kelas) -> daftar kelas yang beneran\\n\n                        // ditandai, bukan cuma jadwal yang kepilih di atas.\\n\n                        const kelasTertandai = Array.from(form.querySelectorAll('[data-checkbox-jadwal-massal]:not(:disabled):checked'))\\n\n                            .map((cb) => cb.closest('[data-baris-jadwal-massal]')?.querySelector('.text-ink')?.textContent.trim())\\n\n                            .filter(Boolean);\\n\n                        const massal = kelasTertandai.length > 0;\\n\n\\n\n                        let kelasMapel;\\n\n                        if (massal) {\\n\n                            kelasMapel = kelasTertandai.join(', ');\\n\n                        } else {\\n\n                            const jadwalSelect = form.querySelector('select[name=\"jadwal_id\"]');\\n\n                            kelasMapel = jadwalSelect\\n\n                                ? (jadwalSelect.options[jadwalSelect.selectedIndex]?.textContent.trim() || '\u2014')\\n\n                                : (document.querySelector('[data-jadwal-terkunci-teks]')?.textContent.trim() || '\u2014');\\n\n                        }\\n\n                        modalRingkasan.querySelector('[data-ringkasan=\"kelas-mapel\"]').textContent = kelasMapel;\\n\n                        modalRingkasan.querySelector('[data-ringkasan=\"jam-pelajaran\"]').textContent =\\n\n                            document.getElementById('tampilan-jam')?.textContent.trim() || '\u2014';\\n\n\\n\n                        const statusGuru = form.querySelector('input[name=\"status_guru\"]:checked')?.value;\\n\n                        const hadir = statusGuru === 'hadir';\\n\n                        modalRingkasan.querySelector('[data-ringkasan=\"status-guru\"]').textContent = hadir ? 'Hadir' : 'Tidak Hadir';\\n\n\\n\n                        // Field yang ditampilin BEDA total antara Hadir & Tidak\\n\n                        // Hadir (bukan cuma isinya -- labelnya juga nggak masuk\\n\n                        // akal dipakai bareng, mis. \"Foto Suasana Kelas\" nggak\\n\n                        // relevan buat guru yang nggak di sekolah).\\n\n                        modalRingkasan.querySelector('[data-ringkasan-blok-hadir]').hidden = ! hadir;\\n\n                        modalRingkasan.querySelector('[data-ringkasan-blok-tidak-hadir]').hidden = hadir;\\n\n\\n\n                        if (hadir) {\\n\n                            const materi = form.querySelector('[name=\"materi\"]')?.value.trim();\\n\n                            modalRingkasan.querySelector('[data-ringkasan=\"materi\"]').textContent = materi || '(belum diisi)';\\n\n\\n\n                            const fotoKamera = form.querySelector('[data-kamera-input]:not(:disabled)');\\n\n                            modalRingkasan.querySelector('[data-ringkasan=\"foto-hadir\"]').textContent =\\n\n                                (fotoKamera?.files?.length > 0) ? 'Sudah dilampirkan' : 'Belum diambil';\\n\n                        } else {\\n\n                            const tugas = form.querySelector('[name=\"tugas_tambahan\"]:not(:disabled)')?.value.trim();\\n\n                            const tugasPerKelas = Array.from(form.querySelectorAll('[data-checkbox-jadwal-massal]:not(:disabled):checked')).map((checkbox) => {\\n\n                                const row = checkbox.closest('[data-baris-jadwal-massal]');\\n\n                                const nama = row.querySelector('.text-ink').textContent.trim();\\n\n                                const khusus = row.querySelector('[name^=\"tugas_khusus[\"]').value.trim();\\n\n                                return `${nama}: ${khusus || tugas || 'Belum diisi'}`;\\n\n                            });\\n\n                            modalRingkasan.querySelector('[data-ringkasan=\"tugas\"]').textContent = massal ? tugasPerKelas.join('\\n') : (tugas || 'Belum diisi');\\n\n\\n\n                            // Alasan bar (radio), bukan teks bebas -- ambil yang\\n\n                            // BENERAN kecentang, bukan cuma elemen pertama.\\n\n                            const alasanLabel = { sakit: 'Sakit', izin: 'Izin' };\\n\n                            const alasan = form.querySelector('input[name=\"alasan\"]:checked')?.value;\\n\n                            modalRingkasan.querySelector('[data-ringkasan=\"alasan\"]').textContent =\\n\n                                alasan ? (alasanLabel[alasan] ?? alasan) : '(belum dipilih)';\\n\n\\n\n                            const suratInput = form.querySelector('[data-upload-input]:not(:disabled)');\\n\n                            modalRingkasan.querySelector('[data-ringkasan=\"surat\"]').textContent =\\n\n                                (suratInput?.files?.length > 0) ? 'Sudah dilampirkan' : 'Tidak dilampirkan';\\n\n                        }\\n\n\\n\n                        // Presensi cuma relevan kalau ada grid-nya beneran kelihatan\\n\n                        // di halaman (nggak ada sama sekali pas mode massal -- guru\\n\n                        // nggak di kelas manapun buat nentuin presensi manual).\\n\n                        const blokPresensiEl = document.getElementById('blok-presensi');\\n\n                        const presensiField = modalRingkasan.querySelector('[data-ringkasan-blok-presensi]');\\n\n                        const presensiKelihatan = blokPresensiEl && ! blokPresensiEl.hidden;\\n\n                        presensiField.hidden = ! presensiKelihatan;\\n\n\\n\n                        if (presensiKelihatan) {\\n\n                            // Yang ditampilin cuma nama yang BUKAN Hadir -- itu yang\\n\n                            // paling penting dicek ulang sebelum kirim (semuanya\\n\n                            // udah Hadir emang defaultnya, nge-list 36 nama satu-satu\\n\n                            // di sini nggak nambah info, cuma bikin ringkasan panjang).\\n\n                            const rowsSiswa = form.querySelectorAll('[data-siswa-row]');\\n\n                            const kelompok = { sakit: [], izin: [], alpha: [], dispensasi: [] };\\n\n                            let jumlahHadir = 0;\\n\n                            rowsSiswa.forEach((row) => {\\n\n                                const status = row.querySelector('input[type=\"radio\"]:checked')?.value ?? 'hadir';\\n\n                                if (status === 'hadir') { jumlahHadir++; return; }\\n\n                                const nama = row.querySelector('.text-ink')?.textContent.trim() || '(tanpa nama)';\\n\n                                (kelompok[status] ?? (kelompok[status] = [])).push(nama);\\n\n                            });\\n\n                            const label = { sakit: 'Sakit', izin: 'Izin', alpha: 'Alpha', dispensasi: 'Dispensasi' };\\n\n                            const bagianTidakHadir = Object.entries(kelompok)\\n\n                                .filter(([, arr]) => arr.length > 0)\\n\n                                .map(([k, arr]) => `${label[k] || k}: ${arr.join(', ')}`)\\n\n                                .join(' \u00b7 ');\\n\n                            modalRingkasan.querySelector('[data-ringkasan=\"presensi\"]').textContent = rowsSiswa.length\\n\n                                ? (bagianTidakHadir ? `${bagianTidakHadir} (sisanya ${jumlahHadir} Hadir)` : `Semua ${rowsSiswa.length} siswa Hadir`)\\n\n                                : '\u2014';\\n\n                        }\\n\n                    }\\n\n\\n\n                    form.addEventListener('submit', (e) => {\\n\n                        if (sedangMengirim) { e.preventDefault(); return; }\\n\n                        if (dikonfirmasi) {\\n\n                            sedangMengirim = true;\\n\n                            form.setAttribute('aria-busy', 'true');\\n\n                            form.querySelectorAll('[type=\"submit\"]').forEach((button) => { button.disabled = true; });\\n\n                            document.getElementById('teks-tombol-submit').textContent = 'Mengirim\u2026';\\n\n                            return;\\n\n                        }\\n\n                        e.preventDefault();\\n\n                        isiRingkasan();\\n\n                        modalRingkasan.showModal();\\n\n                    });\\n\n\\n\n                    document.getElementById('tombol-kirim-jurnal')?.addEventListener('click', () => {\\n\n                        if (sedangMengirim) return;\\n\n                        if (!form.reportValidity()) { modalRingkasan.close(); return; }\\n\n                        dikonfirmasi = true;\\n\n                        modalRingkasan.close();\\n\n                        form.requestSubmit();\\n\n                        dikonfirmasi = false;\\n\n                    });\\n\n                    window.addEventListener('pageshow', () => {\\n\n                        sedangMengirim = false;\\n\n                        dikonfirmasi = false;\\n\n                        form.removeAttribute('aria-busy');\\n\n                        form.querySelectorAll('[type=\"submit\"]').forEach((button) => { button.disabled = false; });\\n\n                        document.getElementById('teks-tombol-submit').textContent = 'Periksa Jurnal';\\n\n                    });\\n\n                })();\\n\n            </script>\\n\n                    <script>\\n\n                (function () {\\n\n                    const form = document.getElementById('form-jurnal');\\n\n\\n\n                    // Jadwal terkunci (jadwalTerkunci=true) -> select-nya nggak dirender\\n\n                    // sama sekali, jadi elemen ini bisa null.\\n\n                    const jadwal = document.getElementById('jadwal_id');\\n\n                    if (jadwal) {\\n\n                        const tampilanJam = document.getElementById('tampilan-jam');\\n\n                        const inputMulai = document.getElementById('jam_ke_mulai');\\n\n                        const inputSelesai = document.getElementById('jam_ke_selesai');\\n\n\\n\n                        // Sinkronkan rentang JP jika browser otomatis memilih satu-satunya\\n\n                        // opsi tanpa memicu event change.\\n\n                        function sync() {\\n\n                            const opt = jadwal.selectedOptions[0];\\n\n                            const mulai = opt?.dataset.mulai;\\n\n                            const selesai = opt?.dataset.selesai;\\n\n                            if (!mulai) return;\\n\n\\n\n                            const rentangJp = mulai === selesai ? `Jam ke-${mulai}` : `Jam ke-${mulai} sampai ke-${selesai}`;\\n\n                            const rentangWaktu = opt.dataset.mulaiJam && opt.dataset.selesaiJam\\n\n                                ? ` (${opt.dataset.mulaiJam.replace(':', '.')}\u2013${opt.dataset.selesaiJam.replace(':', '.')})`\\n\n                                : '';\\n\n                            tampilanJam.textContent = rentangJp + rentangWaktu;\\n\n                            inputMulai.value = mulai;\\n\n                            inputSelesai.value = selesai;\\n\n                        }\\n\n\\n\n                        const datePicker = document.getElementById('pilih_tanggal_jurnal');\\n\n                        if (datePicker) {\\n\n                            datePicker.addEventListener('change', () => {\\n\n                                if (!datePicker.value) return;\\n\n                                const params = new URLSearchParams(window.location.search);\\n\n                                params.set('tanggal', datePicker.value);\\n\n                                params.delete('jadwal');\\n\n                                window.location.href = 'http://jurnalkita.test/guru/jurnal/tambah?' + params.toString();\\n\n                            });\\n\n                        }\\n\n\\n\n                        // Ganti jadwal -> presensi kelas yang beda perlu dirender ulang\\n\n                        // dari server, jadi muat ulang halaman dengan jadwal itu. Ikut\\n\n                        // sisipin status_guru yang LAGI kepilih (dan pertahanin query\\n\n                        // lain kayak ?hari=kemarin atau ?tanggal=...) -- kalau nggak, pilihan \"Tidak\\n\n                        // Hadir\" yang udah dipilih duluan ke-reset balik ke \"Hadir\"\\n\n                        // begitu halaman render ulang (bug yang sempat dilaporkan).\\n\n                        jadwal.addEventListener('change', () => {\\n\n                            if (!jadwal.value) return;\\n\n                            const params = new URLSearchParams(window.location.search);\\n\n                            params.set('jadwal', jadwal.value);\\n\n                            if (datePicker && datePicker.value) {\\n\n                                params.set('tanggal', datePicker.value);\\n\n                            }\\n\n                            const statusGuru = document.querySelector('input[name=\"status_guru\"]:checked')?.value;\\n\n                            if (statusGuru) params.set('status_guru', statusGuru);\\n\n                            window.location.href = 'http://jurnalkita.test/guru/jurnal/tambah?' + params.toString();\\n\n                        });\\n\n\\n\n                        // Browser bisa langsung memilih satu-satunya opsi jadwal saat halaman\\n\n                        // dimuat (placeholder \"Pilih jadwal\" disembunyikan) tanpa memicu event\\n\n                        // \"change\" -- sinkronkan sekali di awal biar jam yang tampil ga meleset.\\n\n                        sync();\\n\n                    }\\n\n\\n\n                    // Status Kehadiran -> Hadir nampilin Materi+Metode, selain itu\\n\n                    // nampilin Tugas Tambahan+Alasan. Field Jam ke- juga hanya\\n\n                    // relevan ditampilkan saat status Hadir.\\n\n                    const blokHadir = document.getElementById('blok-hadir');\\n\n                    const blokTidakHadir = document.getElementById('blok-tidak-hadir');\\n\n                    const blokTugasTidakHadir = document.getElementById('blok-tugas-tidak-hadir');\\n\n                    const blokPilihJadwal = document.getElementById('blok-pilih-jadwal');\\n\n                    const jamWrap = document.getElementById('tampilan-jam-wrap');\\n\n                    const blokMassal = document.getElementById('blok-massal-kelas');\\n\n                    const blokPresensi = document.getElementById('blok-presensi');\\n\n                    const blokAlertPilihJadwal = document.getElementById('blok-alert-pilih-jadwal');\\n\n                    const teksTombolSubmit = document.getElementById('teks-tombol-submit');\\n\n                    function syncStatusGuru() {\\n\n                        const val = document.querySelector('input[name=\"status_guru\"]:checked')?.value;\\n\n                        const hadir = val === 'hadir';\\n\n                        blokHadir.hidden = !hadir;\\n\n                        blokTidakHadir.hidden = hadir;\\n\n\\n\n                        // Disable SEMUA field (bukan cuma yang \"required\") di blok\\n\n                        // yang lagi disembunyiin -- dua alasan: (1) atribut\\n\n                        // \"required\" bawaan HTML tetap ngecek elemen yang\\n\n                        // disembunyiin lewat ancestor \"hidden\", nggak otomatis\\n\n                        // dikecualiin; (2) dua-duanya sama-sama punya field\\n\n                        // name=\"foto_bukti\" (beda id, kamera vs upload biasa) --\\n\n                        // kalau yang disembunyiin nggak di-disable, dua-duanya\\n\n                        // ikut kesubmit bareng & yang kepakai jadi nggak pasti.\\n\n                        blokHadir.querySelectorAll('input, textarea, select').forEach((el) => { el.disabled = !hadir; });\\n\n                        blokTidakHadir.querySelectorAll('input, textarea, select').forEach((el) => { el.disabled = hadir; });\\n\n                        if (blokTugasTidakHadir) {\\n\n                            blokTugasTidakHadir.hidden = hadir;\\n\n                            blokTugasTidakHadir.querySelectorAll('input, textarea, select').forEach((el) => { el.disabled = hadir; });\\n\n                        }\\n\n\\n\n                        // Info jam pelajaran, kotak presensi, & alert \"pilih jadwal\\n\n                        // dulu\" cuma relevan kalau guru beneran hadir di kelas --\\n\n                        // presensi ikut dinonaktifkan (bukan cuma disembunyikan)\\n\n                        // biar nggak ada input presensi basi yang ikut kesubmit.\\n\n                        if (jamWrap) jamWrap.hidden = !hadir;\\n\n                        if (blokPresensi) {\\n\n                            blokPresensi.hidden = !hadir;\\n\n                            blokPresensi.querySelectorAll('input, textarea, select').forEach((el) => { el.disabled = !hadir; });\\n\n                        }\\n\n                        if (blokAlertPilihJadwal) blokAlertPilihJadwal.hidden = !hadir;\\n\n                        if (teksTombolSubmit) teksTombolSubmit.textContent = 'Periksa Jurnal';\\n\n                    }\\n\n                    // Ganti ke \"Tidak Hadir\" ngaktifin ULANG semua field di blok itu\\n\n                    // (termasuk checklist massal di dalamnya) -- syncMassal() dipanggil\\n\n                    // lagi sesudahnya biar keadaan \"Cuma Kelas Ini\" (checklist massal\\n\n                    // dinonaktifkan) kepasang balik dengan benar, bukan kebuka semua\\n\n                    // lagi kayak abis di-reset. Tanpa ini, popup ringkasan salah nunjuk\\n\n                    // \"berlaku buat semua kelas\" walau cuma 1 kelas yang ditandai (bug\\n\n                    // beneran, ketauan pas dites -- tapi cuma tampilan doang, data yang\\n\n                    // beneran kesimpen tetap benar 1 kelas).\\n\n                    document.querySelectorAll('input[name=\"status_guru\"]').forEach((el) => el.addEventListener('change', () => {\\n\n                        syncStatusGuru();\\n\n                        syncMassal?.();\\n\n                    }));\\n\n                    syncStatusGuru();\\n\n\\n\n                    const tugasUmum = form.querySelector('[name=\"tugas_tambahan\"]');\\n\n                    function syncTugasUmum() {\\n\n                        const massal = blokMassal && !blokMassal.hidden;\\n\n                        const terpilih = Array.from(form.querySelectorAll('[data-checkbox-jadwal-massal]:checked:not(:disabled)'));\\n\n                        const lengkap = terpilih.length > 0 && terpilih.every((checkbox) =>\\n\n                            checkbox.closest('[data-baris-jadwal-massal]').querySelector('[name^=\"tugas_khusus[\"]').value.trim() !== '');\\n\n                        tugasUmum.required = !tugasUmum.disabled && (!massal || !lengkap);\\n\n                        const label = tugasUmum.closest('div.flex-col')?.querySelector('label');\\n\n                        if (label) label.textContent = massal ? `Tugas umum${lengkap ? ' (opsional)' : ' *'}` : 'Tugas untuk Siswa *';\\n\n                    }\\n\n                    form.addEventListener('input', syncTugasUmum);\\n\n                    form.addEventListener('change', syncTugasUmum);\\n\n\\n\n                    // \"Kelas Tujuan\" -> pilih \"Ya\" munculin checklist\\n\n                    // kelas LANGSUNG di bawahnya (nggak pindah halaman), sekalian\\n\n                    // ganti tujuan form ke endpoint massal.\\n\n                    if (blokMassal) {\\n\n                        function syncMassal() {\\n\n                            // \"massal\" HARUS ikut ngecek status Hadir/Tidak Hadir juga --\\n\n                            // radio \"tidak_hadir_sehari_penuh\" nggak ke-reset otomatis pas\\n\n                            // pindah balik ke \"Hadir\", jadi tanpa cek ini blok-pilih-jadwal\\n\n                            // bisa nyangkut tersembunyi (bug beneran, ketauan pas dites:\\n\n                            // pilih Tidak Hadir -> Ya Semua Kelas -> balik ke Hadir ->\\n\n                            // dropdown Kelas & Mata Pelajaran ikutan hilang padahal harusnya\\n\n                            // selalu tampil pas Hadir).\\n\n                            const hadir = document.querySelector('input[name=\"status_guru\"]:checked')?.value === 'hadir';\\n\n                            const massal = !hadir && document.querySelector('input[name=\"tidak_hadir_sehari_penuh\"]:checked')?.value === 'ya';\\n\n                            blokMassal.hidden = !massal;\\n\n                            blokMassal.querySelectorAll('input, textarea, select').forEach((el) => { el.disabled = !massal; });\\n\n                            form.action = massal\\n\n                                ? 'http://jurnalkita.test/guru/jurnal/tidak-hadir-massal'\\n\n                                : 'http://jurnalkita.test/guru/jurnal';\\n\n\\n\n                            // Dropdown \"Kelas & Mata Pelajaran\" (blok-pilih-jadwal)\\n\n                            // disembunyikan total begitu massal aktif -- kelasnya\\n\n                            // udah ditandai lewat checklist di atas, jadi dropdown\\n\n                            // 1-kelas ini nggak relevan lagi. jadwal_id ikut\\n\n                            // di-disable biar \"required\"-nya nggak ngeblok submit.\\n\n                            // Presensi (blok-presensi) udah diurus syncStatusGuru()\\n\n                            // di atas (disembunyikan+dinonaktifkan begitu status\\n\n                            // Tidak Hadir dipilih, terlepas massal atau nggak).\\n\n                            if (blokPilihJadwal) blokPilihJadwal.hidden = massal;\\n\n                            if (jadwal) jadwal.disabled = massal;\\n\n                            syncTugasUmum();\\n\n                        }\\n\n                        document.querySelectorAll('input[name=\"tidak_hadir_sehari_penuh\"]').forEach((el) => el.addEventListener('change', syncMassal));\\n\n                        syncMassal();\\n\n\\n\n                        // Kartu kelas yang nggak dicentang -> field \"tugas khusus\"-nya\\n\n                        // ikut di-disable, biar nggak ketinggalan kesubmit walau\\n\n                        // kelasnya sendiri nggak ditandai. Minimal 1 kelas HARUS\\n\n                        // tetap tercentang -- kalau ini yang terakhir, batalin\\n\n                        // uncheck-nya (server juga nolak jadwal_ids kosong, tapi\\n\n                        // dicegah dari sini biar guru langsung ngerti kenapa).\\n\n                        const semuaCheckboxMassal = blokMassal.querySelectorAll('[data-checkbox-jadwal-massal]');\\n\n                        semuaCheckboxMassal.forEach((cb) => {\\n\n                            cb.addEventListener('change', () => {\\n\n                                if (!cb.checked && ! Array.from(semuaCheckboxMassal).some((c) => c.checked)) {\\n\n                                    cb.checked = true;\\n\n                                    alert('Pilih setidaknya satu kelas.');\\n\n                                    return;\\n\n                                }\\n\n                                const khusus = document.getElementById('tugas-khusus-' + cb.value);\\n\n                                khusus.querySelector('input').disabled = !cb.checked;\\n\n                                syncTugasUmum();\\n\n                            });\\n\n                        });\\n\n\\n\n                        // Tombol \"Tugas khusus\" -> munculin kotak teksnya, TANPA ikut\\n\n                        // nge-toggle checkbox kelas (makanya kartu di atas sengaja\\n\n                        // bukan <label> tunggal buat semuanya).\\n\n                        blokMassal.querySelectorAll('[data-toggle-khusus]').forEach((btn) => {\\n\n                            btn.addEventListener('click', () => {\\n\n                                const khusus = document.getElementById('tugas-khusus-' + btn.dataset.toggleKhusus);\\n\n                                khusus.hidden = false;\\n\n                                khusus.querySelector('input').disabled = false;\\n\n                                btn.hidden = true;\\n\n                                khusus.querySelector('input').focus();\\n\n                            });\\n\n                        });\\n\n                    }\\n\n\\n\n                    // Metode Pembelajaran \"Lainnya\" -> munculin kotak teks bebas\\n\n                    // (wajib diisi kalau \"Lainnya\" dipilih -- disabled pas\\n\n                    // disembunyiin biar required-nya nggak ikut ngeblok submit\\n\n                    // pas metode-nya BUKAN \"Lainnya\").\\n\n                    const metodeCustom = document.getElementById('metode_custom_wrap');\\n\n                    function syncMetode() {\\n\n                        const val = document.querySelector('input[name=\"metode_pilihan\"]:checked')?.value;\\n\n                        const lainnya = val === 'lainnya';\\n\n                        metodeCustom.hidden = ! lainnya;\\n\n                        metodeCustom.querySelector('input').disabled = ! lainnya;\\n\n                    }\\n\n                    document.querySelectorAll('input[name=\"metode_pilihan\"]').forEach((el) => el.addEventListener('change', syncMetode));\\n\n                    syncMetode();\\n\n                    syncTugasUmum();\\n\n                })();\\n\n            </script>\\n\n        </body>\\n\n</html>\\n\n' [UTF-8](length: 96162) does not contain \"data-nav-fab\" [ASCII](length: 12)."},{"test":"Tests\\Feature\\Guru\\JurnalTest::test_form_jurnal_menyembunyikan_presensi_saat_status_guru_tidak_hadir","file":"/Users/rania/Code/Web/Laravel/Herd/jurnalkita/tests/Feature/Guru/JurnalTest.php","line":138,"message":"Failed asserting that '<!DOCTYPE html>\\n\n<html lang=\"id\" class=\"antialiased\">\\n\n<head>\\n\n    <meta charset=\"utf-8\">\\n\n    <meta name=\"viewport\" content=\"width=device-width, initial-scale=1, viewport-fit=cover\">\\n\n    <meta name=\"theme-color\" content=\"#1B2A4A\">\\n\n    <title>Form Jurnal Mengajar \u00b7 jurnalkita</title>\\n\n\\n\n    \\n\n    <link rel=\"preload\" as=\"font\" href=\"http://jurnalkita.test/build/assets/inter-400-normal-C38fXH4l.woff2\" type=\"font/woff2\" crossorigin=\"anonymous\" />\\n\n<link rel=\"preload\" as=\"font\" href=\"http://jurnalkita.test/build/assets/inter-500-normal-Cerq10X2.woff2\" type=\"font/woff2\" crossorigin=\"anonymous\" />\\n\n<link rel=\"preload\" as=\"font\" href=\"http://jurnalkita.test/build/assets/inter-600-normal-LgqL8muc.woff2\" type=\"font/woff2\" crossorigin=\"anonymous\" />\\n\n<link rel=\"preload\" as=\"font\" href=\"http://jurnalkita.test/build/assets/inter-700-normal-Yt3aPRUw.woff2\" type=\"font/woff2\" crossorigin=\"anonymous\" />\\n\n<link rel=\"preload\" as=\"font\" href=\"http://jurnalkita.test/build/assets/inter-800-normal-BYj_oED-.woff2\" type=\"font/woff2\" crossorigin=\"anonymous\" />\\n\n<style>\\n\n@font-face {\\n\n  font-family: \"Inter\";\\n\n  font-style: normal;\\n\n  font-weight: 400;\\n\n  font-display: swap;\\n\n  src: url(\"/build/assets/inter-400-normal-C38fXH4l.woff2\") format(\"woff2\");\\n\n  unicode-range: U+0000-00FF,U+0131,U+0152-0153,U+02BB-02BC,U+02C6,U+02DA,U+02DC,U+0304,U+0308,U+0329,U+2000-206F,U+20AC,U+2122,U+2191,U+2193,U+2212,U+2215,U+FEFF,U+FFFD;\\n\n}\\n\n\\n\n@font-face {\\n\n  font-family: \"Inter\";\\n\n  font-style: normal;\\n\n  font-weight: 400;\\n\n  font-display: swap;\\n\n  src: url(\"/build/assets/inter-400-normal-CyCys3Eg.woff\") format(\"woff\");\\n\n  unicode-range: U+0000-00FF,U+0131,U+0152-0153,U+02BB-02BC,U+02C6,U+02DA,U+02DC,U+0304,U+0308,U+0329,U+2000-206F,U+20AC,U+2122,U+2191,U+2193,U+2212,U+2215,U+FEFF,U+FFFD;\\n\n}\\n\n\\n\n@font-face {\\n\n  font-family: \"Inter\";\\n\n  font-style: normal;\\n\n  font-weight: 500;\\n\n  font-display: swap;\\n\n  src: url(\"/build/assets/inter-500-normal-Cerq10X2.woff2\") format(\"woff2\");\\n\n  unicode-range: U+0000-00FF,U+0131,U+0152-0153,U+02BB-02BC,U+02C6,U+02DA,U+02DC,U+0304,U+0308,U+0329,U+2000-206F,U+20AC,U+2122,U+2191,U+2193,U+2212,U+2215,U+FEFF,U+FFFD;\\n\n}\\n\n\\n\n@font-face {\\n\n  font-family: \"Inter\";\\n\n  font-style: normal;\\n\n  font-weight: 500;\\n\n  font-display: swap;\\n\n  src: url(\"/build/assets/inter-500-normal-BL9OpVg8.woff\") format(\"woff\");\\n\n  unicode-range: U+0000-00FF,U+0131,U+0152-0153,U+02BB-02BC,U+02C6,U+02DA,U+02DC,U+0304,U+0308,U+0329,U+2000-206F,U+20AC,U+2122,U+2191,U+2193,U+2212,U+2215,U+FEFF,U+FFFD;\\n\n}\\n\n\\n\n@font-face {\\n\n  font-family: \"Inter\";\\n\n  font-style: normal;\\n\n  font-weight: 600;\\n\n  font-display: swap;\\n\n  src: url(\"/build/assets/inter-600-normal-LgqL8muc.woff2\") format(\"woff2\");\\n\n  unicode-range: U+0000-00FF,U+0131,U+0152-0153,U+02BB-02BC,U+02C6,U+02DA,U+02DC,U+0304,U+0308,U+0329,U+2000-206F,U+20AC,U+2122,U+2191,U+2193,U+2212,U+2215,U+FEFF,U+FFFD;\\n\n}\\n\n\\n\n@font-face {\\n\n  font-family: \"Inter\";\\n\n  font-style: normal;\\n\n  font-weight: 600;\\n\n  font-display: swap;\\n\n  src: url(\"/build/assets/inter-600-normal-CiBQ2DWP.woff\") format(\"woff\");\\n\n  unicode-range: U+0000-00FF,U+0131,U+0152-0153,U+02BB-02BC,U+02C6,U+02DA,U+02DC,U+0304,U+0308,U+0329,U+2000-206F,U+20AC,U+2122,U+2191,U+2193,U+2212,U+2215,U+FEFF,U+FFFD;\\n\n}\\n\n\\n\n@font-face {\\n\n  font-family: \"Inter\";\\n\n  font-style: normal;\\n\n  font-weight: 700;\\n\n  font-display: swap;\\n\n  src: url(\"/build/assets/inter-700-normal-Yt3aPRUw.woff2\") format(\"woff2\");\\n\n  unicode-range: U+0000-00FF,U+0131,U+0152-0153,U+02BB-02BC,U+02C6,U+02DA,U+02DC,U+0304,U+0308,U+0329,U+2000-206F,U+20AC,U+2122,U+2191,U+2193,U+2212,U+2215,U+FEFF,U+FFFD;\\n\n}\\n\n\\n\n@font-face {\\n\n  font-family: \"Inter\";\\n\n  font-style: normal;\\n\n  font-weight: 700;\\n\n  font-display: swap;\\n\n  src: url(\"/build/assets/inter-700-normal-BLAVimhd.woff\") format(\"woff\");\\n\n  unicode-range: U+0000-00FF,U+0131,U+0152-0153,U+02BB-02BC,U+02C6,U+02DA,U+02DC,U+0304,U+0308,U+0329,U+2000-206F,U+20AC,U+2122,U+2191,U+2193,U+2212,U+2215,U+FEFF,U+FFFD;\\n\n}\\n\n\\n\n@font-face {\\n\n  font-family: \"Inter\";\\n\n  font-style: normal;\\n\n  font-weight: 800;\\n\n  font-display: swap;\\n\n  src: url(\"/build/assets/inter-800-normal-BYj_oED-.woff2\") format(\"woff2\");\\n\n  unicode-range: U+0000-00FF,U+0131,U+0152-0153,U+02BB-02BC,U+02C6,U+02DA,U+02DC,U+0304,U+0308,U+0329,U+2000-206F,U+20AC,U+2122,U+2191,U+2193,U+2212,U+2215,U+FEFF,U+FFFD;\\n\n}\\n\n\\n\n@font-face {\\n\n  font-family: \"Inter\";\\n\n  font-style: normal;\\n\n  font-weight: 800;\\n\n  font-display: swap;\\n\n  src: url(\"/build/assets/inter-800-normal-D1mf63XC.woff\") format(\"woff\");\\n\n  unicode-range: U+0000-00FF,U+0131,U+0152-0153,U+02BB-02BC,U+02C6,U+02DA,U+02DC,U+0304,U+0308,U+0329,U+2000-206F,U+20AC,U+2122,U+2191,U+2193,U+2212,U+2215,U+FEFF,U+FFFD;\\n\n}\\n\n\\n\n:root {\\n\n  --font-inter: \"Inter\";\\n\n}\\n\n\\n\n.font-inter {\\n\n  font-family: var(--font-inter);\\n\n}\\n\n</style>\\n\n    \\n\n    <link rel=\"preconnect\" href=\"https://fonts.googleapis.com\">\\n\n    <link rel=\"preconnect\" href=\"https://fonts.gstatic.com\" crossorigin>\\n\n    <link\\n\n        href=\"https://fonts.googleapis.com/css2?family=Material+Symbols+Rounded:opsz,wght,FILL,GRAD@20..48,100..700,0..1,-50..200&display=block\"\\n\n        rel=\"stylesheet\"\\n\n    >\\n\n\\n\n    <link rel=\"preload\" as=\"style\" href=\"http://jurnalkita.test/build/assets/app-DNiD5wAK.css\" /><link rel=\"modulepreload\" as=\"script\" href=\"http://jurnalkita.test/build/assets/app-DEpmuWyn.js\" /><link rel=\"stylesheet\" href=\"http://jurnalkita.test/build/assets/app-DNiD5wAK.css\" /><script type=\"module\" src=\"http://jurnalkita.test/build/assets/app-DEpmuWyn.js\"></script>\\n\n    </head>\\n\n\\n\n<body class=\"min-h-screen bg-surface text-ink\">\\n\n    <div class=\"lg:flex lg:min-h-screen\">\\n\n        <aside class=\"hidden shrink-0 border-r border-surface-alt bg-card lg:block lg:w-64\">\\n\n    <div class=\"sticky top-0 flex h-screen flex-col px-4 py-6\">\\n\n        <a href=\"http://jurnalkita.test\" class=\"flex items-center gap-2 px-2\">\\n\n            <span class=\"flex h-9 w-9 items-center justify-center rounded-xl bg-navy text-card\">\\n\n                <span\\n\n    class=\"material-symbols-rounded select-none leading-none\"\\n\n    style=\"font-size: 20px; font-variation-settings: 'FILL' 1, 'wght' 400, 'GRAD' 0, 'opsz' 20;\"\\n\n    aria-hidden=\"true\"\\n\n>menu_book</span>\\n\n            </span>\\n\n            <span class=\"text-base font-extrabold text-ink\">jurnalkita</span>\\n\n        </a>\\n\n\\n\n                    <nav class=\"mt-8 flex flex-1 flex-col gap-1\" aria-label=\"Navigasi utama\">\\n\n                                    <a\\n\n                        href=\"http://jurnalkita.test/guru\"\\n\n                        class=\"flex items-center gap-3 rounded-lg px-3 py-2.5 text-sm font-semibold transition-colors text-muted hover:bg-surface hover:text-ink\"\\n\n                                            >\\n\n                        <span\\n\n    class=\"material-symbols-rounded select-none leading-none\"\\n\n    style=\"font-size: 20px; font-variation-settings: 'FILL' 0, 'wght' 400, 'GRAD' 0, 'opsz' 20;\"\\n\n    aria-hidden=\"true\"\\n\n>home</span>\\n\n                        <span>Beranda</span>\\n\n                    </a>\\n\n                                    <a\\n\n                        href=\"http://jurnalkita.test/guru/jurnal\"\\n\n                        class=\"flex items-center gap-3 rounded-lg px-3 py-2.5 text-sm font-semibold transition-colors text-muted hover:bg-surface hover:text-ink\"\\n\n                                            >\\n\n                        <span\\n\n    class=\"material-symbols-rounded select-none leading-none\"\\n\n    style=\"font-size: 20px; font-variation-settings: 'FILL' 0, 'wght' 400, 'GRAD' 0, 'opsz' 20;\"\\n\n    aria-hidden=\"true\"\\n\n>menu_book</span>\\n\n                        <span>Riwayat</span>\\n\n                    </a>\\n\n                                    <a\\n\n                        href=\"http://jurnalkita.test/guru/jurnal/tambah\"\\n\n                        class=\"flex items-center gap-3 rounded-lg px-3 py-2.5 text-sm font-semibold transition-colors bg-surface text-navy\"\\n\n                         aria-current=\"page\"                     >\\n\n                        <span\\n\n    class=\"material-symbols-rounded select-none leading-none\"\\n\n    style=\"font-size: 20px; font-variation-settings: 'FILL' 1, 'wght' 400, 'GRAD' 0, 'opsz' 20;\"\\n\n    aria-hidden=\"true\"\\n\n>edit_note</span>\\n\n                        <span>Isi Jurnal</span>\\n\n                    </a>\\n\n                                    <a\\n\n                        href=\"http://jurnalkita.test/guru/jadwal\"\\n\n                        class=\"flex items-center gap-3 rounded-lg px-3 py-2.5 text-sm font-semibold transition-colors text-muted hover:bg-surface hover:text-ink\"\\n\n                                            >\\n\n                        <span\\n\n    class=\"material-symbols-rounded select-none leading-none\"\\n\n    style=\"font-size: 20px; font-variation-settings: 'FILL' 0, 'wght' 400, 'GRAD' 0, 'opsz' 20;\"\\n\n    aria-hidden=\"true\"\\n\n>calendar_month</span>\\n\n                        <span>Jadwal</span>\\n\n                    </a>\\n\n                                    <a\\n\n                        href=\"http://jurnalkita.test/piket/monitor\"\\n\n                        class=\"flex items-center gap-3 rounded-lg px-3 py-2.5 text-sm font-semibold transition-colors text-muted hover:bg-surface hover:text-ink\"\\n\n                                            >\\n\n                        <span\\n\n    class=\"material-symbols-rounded select-none leading-none\"\\n\n    style=\"font-size: 20px; font-variation-settings: 'FILL' 0, 'wght' 400, 'GRAD' 0, 'opsz' 20;\"\\n\n    aria-hidden=\"true\"\\n\n>monitoring</span>\\n\n                        <span>Monitor</span>\\n\n                    </a>\\n\n                                    <a\\n\n                        href=\"http://jurnalkita.test/profil\"\\n\n                        class=\"flex items-center gap-3 rounded-lg px-3 py-2.5 text-sm font-semibold transition-colors text-muted hover:bg-surface hover:text-ink\"\\n\n                                            >\\n\n                        <span\\n\n    class=\"material-symbols-rounded select-none leading-none\"\\n\n    style=\"font-size: 20px; font-variation-settings: 'FILL' 0, 'wght' 400, 'GRAD' 0, 'opsz' 20;\"\\n\n    aria-hidden=\"true\"\\n\n>person</span>\\n\n                        <span>Profil</span>\\n\n                    </a>\\n\n                            </nav>\\n\n\\n\n            <form method=\"POST\" action=\"http://jurnalkita.test/logout\" class=\"contents\">\\n\n    <input type=\"hidden\" name=\"_token\" value=\"8Yyw2Yi0M4Q3UbeX4ZhhUrJcxOVSxAmWobm6UTGb\" autocomplete=\"off\">            <button type=\"submit\" data-confirm=\"Yakin ingin keluar?\" class=\"flex w-full items-center gap-3 rounded-lg px-3 py-2.5 text-sm font-semibold text-alpha transition-colors hover:bg-alpha-soft\">\\n\n            <span\\n\n    class=\"material-symbols-rounded select-none leading-none\"\\n\n    style=\"font-size: 20px; font-variation-settings: 'FILL' 0, 'wght' 400, 'GRAD' 0, 'opsz' 20;\"\\n\n    aria-hidden=\"true\"\\n\n>logout</span>\\n\n            Keluar\\n\n        </button>\\n\n    </form>\\n\n            </div>\\n\n</aside>\\n\n\\n\n        <div class=\"flex w-full min-w-0 flex-col\">\\n\n            <div class=\"sticky top-0 z-30\">\\n\n    <header class=\"flex items-center justify-between gap-3 border-b border-surface-alt bg-card/95 px-4 py-2.5 backdrop-blur sm:px-6 lg:px-10\">\\n\n        \\n\n        <a href=\"http://jurnalkita.test/profil\" class=\"flex min-w-0 items-center gap-2.5\">\\n\n            <span class=\"flex h-9 w-9 shrink-0 items-center justify-center rounded-full bg-navy text-xs font-bold text-card\">AS</span>\\n\n            <span class=\"flex min-w-0 flex-col leading-tight\">\\n\n                <span class=\"truncate text-sm font-semibold text-ink\">Ally Schamberger</span>\\n\n                <span class=\"truncate text-[11px] font-bold text-muted\">Guru</span>\\n\n            </span>\\n\n        </a>\\n\n\\n\n        <div class=\"flex shrink-0 items-center gap-1.5\">\\n\n            \\n\n            \\n\n            <button type=\"button\" data-modal-open=\"modal-notifikasi\" data-ajax-url=\"http://jurnalkita.test/notifikasi/fragment\" data-notif-jumlah-url=\"http://jurnalkita.test/notifikasi/jumlah\" class=\"relative flex h-9 w-9 items-center justify-center rounded-full bg-surface-alt text-muted transition-colors hover:text-navy\" aria-label=\"Notifikasi\">\\n\n                <span\\n\n    class=\"material-symbols-rounded select-none leading-none\"\\n\n    style=\"font-size: 20px; font-variation-settings: 'FILL' 0, 'wght' 400, 'GRAD' 0, 'opsz' 20;\"\\n\n    aria-hidden=\"true\"\\n\n>notifications</span>\\n\n                <span data-notif-titik class=\"absolute right-1 top-1 flex h-2.5 w-2.5 rounded-full bg-alpha ring-2 ring-card\"  hidden ></span>\\n\n            </button>\\n\n\\n\n            \\n\n            <span class=\"lg:hidden\">\\n\n                <form method=\"POST\" action=\"http://jurnalkita.test/logout\" class=\"contents\">\\n\n    <input type=\"hidden\" name=\"_token\" value=\"8Yyw2Yi0M4Q3UbeX4ZhhUrJcxOVSxAmWobm6UTGb\" autocomplete=\"off\">            <button type=\"submit\" data-confirm=\"Yakin ingin keluar?\" class=\"flex h-9 w-9 items-center justify-center rounded-full bg-surface-alt text-muted transition-colors hover:bg-alpha-soft hover:text-alpha\" aria-label=\"Keluar\">\\n\n            <span\\n\n    class=\"material-symbols-rounded select-none leading-none\"\\n\n    style=\"font-size: 18px; font-variation-settings: 'FILL' 0, 'wght' 400, 'GRAD' 0, 'opsz' 18;\"\\n\n    aria-hidden=\"true\"\\n\n>logout</span>\\n\n        </button>\\n\n    </form>\\n\n            </span>\\n\n        </div>\\n\n    </header>\\n\n\\n\n            \\n\n        <div class=\"px-3 sm:px-6 lg:px-10\">\\n\n            <div class=\"-mt-px flex items-center justify-between gap-2 rounded-b-xl bg-navy px-3.5 py-2 text-card shadow-sm sm:rounded-b-2xl sm:px-5 sm:py-1.5\">\\n\n\\n\n                \\n\n                <p class=\"text-sm font-bold leading-tight text-card sm:text-base\">\\n\n                    Di luar jam pelajaran\\n\n                </p>\\n\n\\n\n                \\n\n                <div class=\"flex shrink-0 items-center gap-1 text-[11px] text-card sm:text-xs\">\\n\n                    <span\\n\n    class=\"material-symbols-rounded select-none leading-none shrink-0 text-card/80\"\\n\n    style=\"font-size: 11px; font-variation-settings: 'FILL' 0, 'wght' 400, 'GRAD' 0, 'opsz' 11;\"\\n\n    aria-hidden=\"true\"\\n\n>schedule</span>\\n\n                    <span class=\"hidden sm:inline\">Selasa, 6 Oktober 2026</span>\\n\n                    <span class=\"sm:hidden\">Selasa, 6 Okt</span>\\n\n                    <span class=\"text-card/60\">\u00b7</span>\\n\n                    <span class=\"tabular-nums font-mono\" data-jam-sekarang>20:32:09</span>\\n\n                </div>\\n\n            </div>\\n\n        </div>\\n\n    </div>\\n\n\\n\n\\n\n<dialog\\n\n    id=\"modal-notifikasi\"\\n\n    style=\"width: min(44rem, calc(100vw - 2rem))\"\\n\n    class=\"fixed inset-0 m-auto h-fit max-h-[calc(100dvh-2rem)] overflow-visible rounded-2xl border-0 bg-card p-0 text-ink shadow-2xl backdrop:bg-navy/30 backdrop:backdrop-blur-sm\"\\n\n>\\n\n    <div class=\"flex items-center justify-between border-b border-surface-alt px-5 py-3.5\">\\n\n        <h3 class=\"text-base font-bold text-ink\" data-modal-title>Notifikasi</h3>\\n\n        <button type=\"button\" data-modal-close class=\"flex h-8 w-8 items-center justify-center rounded-lg text-muted hover:bg-surface-alt hover:text-ink\" aria-label=\"Tutup\">\\n\n            <span\\n\n    class=\"material-symbols-rounded select-none leading-none\"\\n\n    style=\"font-size: 18px; font-variation-settings: 'FILL' 0, 'wght' 400, 'GRAD' 0, 'opsz' 18;\"\\n\n    aria-hidden=\"true\"\\n\n>close</span>\\n\n        </button>\\n\n    </div>\\n\n\\n\n    <div class=\"max-h-[calc(100dvh-8rem)] overflow-y-auto p-5\">\\n\n        <div data-modal-ajax-target></div>\\n\n    </div>\\n\n</dialog>\\n\n\\n\n\\n\n            \\n\n            \\n\n            <main class=\"mx-auto w-full max-w-[1600px] flex-1 px-4 pb-24 pt-4 sm:px-6 sm:pt-6 lg:px-10 lg:pb-16 lg:pt-10\">\\n\n                                                                                                                            \\n\n                <div class=\"mb-5\">\\n\n    \\n\n    <header class=\"flex flex-col items-stretch sm:flex-row sm:items-start gap-3\">\\n\n        \\n\n        <div class=\"flex flex-1 min-w-0 items-start gap-3\">\\n\n                        <div class=\"flex flex-1 flex-col gap-0.5 min-w-0\">\\n\n                                    <h1 class=\"break-words font-bold leading-tight text-ink text-base lg:text-lg\">Isi Jurnal</h1>\\n\n                                                    <p class=\"min-w-0 break-words text-sm leading-snug text-muted lg:text-[15px]\">Isi jurnal mengajar dan kehadiran siswa dalam satu langkah</p>\\n\n                            </div>\\n\n        </div>\\n\n\\n\n            </header>\\n\n</div>\\n\n\\n\n    \\n\n    \\n\n                <form id=\"form-jurnal\" method=\"POST\" action=\"http://jurnalkita.test/guru/jurnal\" enctype=\"multipart/form-data\">\\n\n            <input type=\"hidden\" name=\"_token\" value=\"8Yyw2Yi0M4Q3UbeX4ZhhUrJcxOVSxAmWobm6UTGb\" autocomplete=\"off\">            <input type=\"hidden\" name=\"tanggal\" value=\"2026-10-06\">\\n\n\\n\n            \\n\n            <div class=\"mb-4 grid grid-cols-1 gap-4 sm:grid-cols-2\">\\n\n                <div class=\"flex items-center gap-2 rounded-xl bg-surface-alt px-3.5 py-3\">\\n\n                    <span\\n\n    class=\"material-symbols-rounded select-none leading-none text-navy\"\\n\n    style=\"font-size: 18px; font-variation-settings: 'FILL' 0, 'wght' 400, 'GRAD' 0, 'opsz' 18;\"\\n\n    aria-hidden=\"true\"\\n\n>person</span>\\n\n                    <span class=\"text-sm font-semibold text-ink\">Ally Schamberger</span>\\n\n                </div>\\n\n                <div class=\"flex items-center gap-2 rounded-xl bg-surface-alt px-3.5 py-3\">\\n\n                    <span\\n\n    class=\"material-symbols-rounded select-none leading-none text-navy\"\\n\n    style=\"font-size: 18px; font-variation-settings: 'FILL' 0, 'wght' 400, 'GRAD' 0, 'opsz' 18;\"\\n\n    aria-hidden=\"true\"\\n\n>calendar_month</span>\\n\n                    <span class=\"text-sm font-semibold text-ink\">\\n\n                        06 Okt 2026\\n\n                                                    <span class=\"text-xs font-normal text-muted-2\">(Hari Ini)</span>\\n\n                                            </span>\\n\n                </div>\\n\n            </div>\\n\n\\n\n            \\n\n                        <div class=\"flex flex-col gap-1.5\">\\n\n            <label  class=\"text-sm font-semibold text-ink\">\\n\n    Status Kehadiran Anda\\n\n    </label>\\n\n    \\n\n    <div class=\"flex flex-wrap gap-1.5\" role=\"radiogroup\"  aria-label=\"Status Kehadiran Anda\" >\\n\n                                <label class=\"grow basis-20 select-none cursor-pointer\">\\n\n                <input\\n\n                    type=\"radio\"\\n\n                    name=\"status_guru\"\\n\n                    value=\"hadir\"\\n\n                                                                                class=\"peer sr-only\"\\n\n                >\\n\n                <span class=\"flex w-full items-center justify-center rounded-lg border border-surface-alt bg-card text-center font-semibold text-muted-2 transition-colors peer-focus-visible:ring-2 peer-focus-visible:ring-navy/40 px-3.5 py-2.5 text-[13px] peer-checked:border-hadir peer-checked:bg-hadir-soft peer-checked:text-hadir\">\\n\n                    Hadir\\n\n                </span>\\n\n            </label>\\n\n                                <label class=\"grow basis-20 select-none cursor-pointer\">\\n\n                <input\\n\n                    type=\"radio\"\\n\n                    name=\"status_guru\"\\n\n                    value=\"tidak_hadir\"\\n\n                    checked                                                            class=\"peer sr-only\"\\n\n                >\\n\n                <span class=\"flex w-full items-center justify-center rounded-lg border border-surface-alt bg-card text-center font-semibold text-muted-2 transition-colors peer-focus-visible:ring-2 peer-focus-visible:ring-navy/40 px-3.5 py-2.5 text-[13px] peer-checked:border-alpha peer-checked:bg-alpha-soft peer-checked:text-alpha\">\\n\n                    Tidak Hadir\\n\n                </span>\\n\n            </label>\\n\n            </div>\\n\n</div>\\n\n\\n\n            <div id=\"blok-tidak-hadir\" class=\"mt-2 flex flex-col gap-4\" >\\n\n                \\n\n                <div class=\"flex flex-col gap-1.5\">\\n\n            <label  class=\"text-sm font-semibold text-ink\">\\n\n    Alasan\\n\n            <span class=\"text-alpha\" aria-hidden=\"true\">*</span>\\n\n        <span class=\"sr-only\">(wajib diisi)</span>\\n\n    </label>\\n\n    \\n\n    <div class=\"flex flex-wrap gap-1.5\" role=\"radiogroup\"  aria-label=\"Alasan\" >\\n\n                                <label class=\"grow basis-20 select-none cursor-pointer\">\\n\n                <input\\n\n                    type=\"radio\"\\n\n                    name=\"alasan\"\\n\n                    value=\"sakit\"\\n\n                                                            required                    class=\"peer sr-only\"\\n\n                >\\n\n                <span class=\"flex w-full items-center justify-center rounded-lg border border-surface-alt bg-card text-center font-semibold text-muted-2 transition-colors peer-focus-visible:ring-2 peer-focus-visible:ring-navy/40 px-3.5 py-2.5 text-[13px] peer-checked:border-navy peer-checked:bg-navy peer-checked:text-card\">\\n\n                    Sakit\\n\n                </span>\\n\n            </label>\\n\n                                <label class=\"grow basis-20 select-none cursor-pointer\">\\n\n                <input\\n\n                    type=\"radio\"\\n\n                    name=\"alasan\"\\n\n                    value=\"izin\"\\n\n                                                            required                    class=\"peer sr-only\"\\n\n                >\\n\n                <span class=\"flex w-full items-center justify-center rounded-lg border border-surface-alt bg-card text-center font-semibold text-muted-2 transition-colors peer-focus-visible:ring-2 peer-focus-visible:ring-navy/40 px-3.5 py-2.5 text-[13px] peer-checked:border-navy peer-checked:bg-navy peer-checked:text-card\">\\n\n                    Izin\\n\n                </span>\\n\n            </label>\\n\n            </div>\\n\n</div>\\n\n\\n\n                \\n\n                \\n\n                <div class=\"flex flex-col gap-1.5\">\\n\n            <label  for=\"foto_bukti_tidak_hadir\"  class=\"text-sm font-semibold text-ink\">\\n\n    Surat Izin/Sakit (opsional)\\n\n    </label>\\n\n    \\n\n    <label\\n\n        for=\"foto_bukti_tidak_hadir\"\\n\n        class=\"flex min-h-40 w-full cursor-pointer flex-col items-center justify-center gap-1.5 rounded-xl border border-dashed bg-card px-5 py-6 text-center transition-colors hover:border-navy border-[#B8C4D9]\"\\n\n    >\\n\n        <span\\n\n    class=\"material-symbols-rounded select-none leading-none text-navy\"\\n\n    style=\"font-size: 28px; font-variation-settings: 'FILL' 0, 'wght' 400, 'GRAD' 0, 'opsz' 28;\"\\n\n    aria-hidden=\"true\"\\n\n>add_photo_alternate</span>\\n\n        <span class=\"text-xs font-semibold text-navy\">Lampirkan Surat / Foto Bukti</span>\\n\n                    <span class=\"text-[11px] text-muted-2\">JPG, PNG, atau PDF</span>\\n\n                \\n\n        <input\\n\n            type=\"file\"\\n\n            name=\"foto_bukti\"\\n\n            id=\"foto_bukti_tidak_hadir\"\\n\n            accept=\"image/*,application/pdf\"\\n\n                                    class=\"sr-only\"\\n\n            data-upload-input\\n\n        >\\n\n    </label>\\n\n\\n\n    </div>\\n\n\\n\n                            </div>\\n\n\\n\n            \\n\n            \\n\n            <div id=\"blok-pilih-jadwal\" class=\"mt-4 flex flex-col gap-2\">\\n\n                                    \\n\n                    <div class=\"flex flex-col gap-1.5\">\\n\n            <label  for=\"jadwal_id\"  class=\"text-sm font-semibold text-ink\">\\n\n    Kelas &amp; Mata Pelajaran\\n\n            <span class=\"text-alpha\" aria-hidden=\"true\">*</span>\\n\n        <span class=\"sr-only\">(wajib diisi)</span>\\n\n    </label>\\n\n    \\n\n    <div class=\"relative\">\\n\n        <select\\n\n             name=\"jadwal_id\"             id=\"jadwal_id\"\\n\n            class=\"h-[52px] w-full cursor-pointer appearance-none rounded-xl border border-surface-alt bg-card px-4 pr-11 text-[15px] text-ink outline-none transition-colors focus:border-navy\" required=\"required\"\\n\n        >\\n\n            <option value=\"\" disabled  hidden>Pilih jadwal</option>\\n\n                                                    <option value=\"1\"\\n\n                                data-mulai=\"1\" data-selesai=\"2\"\\n\n                                data-mulai-jam=\"\"\\n\n                                data-selesai-jam=\"\"\\n\n                                selected>\\n\n                                X RPL 1 \u00b7 Matematika \u2014 Senin\\n\n                            </option>\\n\n        </select>\\n\n        <span\\n\n    class=\"material-symbols-rounded select-none leading-none pointer-events-none absolute right-3.5 top-1/2 -translate-y-1/2 text-muted\"\\n\n    style=\"font-size: 22px; font-variation-settings: 'FILL' 0, 'wght' 400, 'GRAD' 0, 'opsz' 22;\"\\n\n    aria-hidden=\"true\"\\n\n>expand_more</span>\\n\n    </div>\\n\n\\n\n    </div>\\n\n                            </div>\\n\n\\n\n            <div class=\"mt-4\">\\n\n\\n\n            \\n\n            <div id=\"tampilan-jam-wrap\">\\n\n                <div class=\"flex flex-col gap-1.5\">\\n\n            <p class=\"text-xs font-semibold text-muted-2\">Jam Pelajaran</p>\\n\n    \\n\n    <div class=\"flex min-w-0 items-start gap-2 text-[15px] text-ink min-h-[52px] rounded-xl border border-surface-alt bg-surface-alt px-4 py-3\">\\n\n                    <span\\n\n    class=\"material-symbols-rounded select-none leading-none shrink-0 text-muted-2\"\\n\n    style=\"font-size: 20px; font-variation-settings: 'FILL' 0, 'wght' 400, 'GRAD' 0, 'opsz' 20;\"\\n\n    aria-hidden=\"true\"\\n\n>schedule</span>\\n\n                <span class=\"min-w-0 flex-1 whitespace-pre-line break-words\"><span id=\"tampilan-jam\">\\n\n                        Jam ke-1 sampai ke-2\\n\n                                            </span></span>\\n\n    </div>\\n\n</div>\\n\n                <input type=\"hidden\" name=\"jam_ke_mulai\" id=\"jam_ke_mulai\" value=\"1\">\\n\n                <input type=\"hidden\" name=\"jam_ke_selesai\" id=\"jam_ke_selesai\" value=\"2\">\\n\n            </div>\\n\n\\n\n            \\n\n            \\n\n            </div>\\n\n\\n\n            \\n\n            <div id=\"blok-tugas-tidak-hadir\" class=\"mt-4\" >\\n\n                <div class=\"flex flex-col gap-1.5\">\\n\n            <label  for=\"tugas_tambahan\"  class=\"text-sm font-semibold text-ink\">\\n\n    Tugas untuk Siswa\\n\n            <span class=\"text-alpha\" aria-hidden=\"true\">*</span>\\n\n        <span class=\"sr-only\">(wajib diisi)</span>\\n\n    </label>\\n\n    \\n\n    <textarea\\n\n         name=\"tugas_tambahan\"         id=\"tugas_tambahan\"\\n\n        rows=\"2\"\\n\n        class=\"w-full resize-y rounded-xl border border-surface-alt bg-card px-4 py-3 text-[15px] text-ink outline-none transition-colors placeholder:text-placeholder focus:border-navy\" placeholder=\"Kerjakan LKS halaman...\" required=\"required\"\\n\n    ></textarea>\\n\n\\n\n    </div>\\n\n            </div>\\n\n\\n\n            \\n\n            <div id=\"blok-hadir\" class=\"mt-4 flex flex-col gap-4\"  hidden >\\n\n                <div class=\"flex flex-col gap-1.5\">\\n\n            <label  for=\"materi\"  class=\"text-sm font-semibold text-ink\">\\n\n    Materi\\n\n            <span class=\"text-alpha\" aria-hidden=\"true\">*</span>\\n\n        <span class=\"sr-only\">(wajib diisi)</span>\\n\n    </label>\\n\n    \\n\n    <textarea\\n\n         name=\"materi\"         id=\"materi\"\\n\n        rows=\"3\"\\n\n        class=\"w-full resize-y rounded-xl border border-surface-alt bg-card px-4 py-3 text-[15px] text-ink outline-none transition-colors placeholder:text-placeholder focus:border-navy\" placeholder=\"Materi yang diajarkan...\" required=\"required\"\\n\n    ></textarea>\\n\n\\n\n    </div>\\n\n\\n\n                <div class=\"flex flex-col gap-1.5\">\\n\n                    <div class=\"flex flex-col gap-1.5\">\\n\n            <label  class=\"text-sm font-semibold text-ink\">\\n\n    Metode Pembelajaran\\n\n            <span class=\"text-alpha\" aria-hidden=\"true\">*</span>\\n\n        <span class=\"sr-only\">(wajib diisi)</span>\\n\n    </label>\\n\n    \\n\n    <div class=\"flex flex-wrap gap-1.5\" role=\"radiogroup\"  aria-label=\"Metode Pembelajaran\" >\\n\n                                <label class=\"grow basis-20 select-none cursor-pointer\">\\n\n                <input\\n\n                    type=\"radio\"\\n\n                    name=\"metode_pilihan\"\\n\n                    value=\"ceramah\"\\n\n                                                            required                    class=\"peer sr-only\"\\n\n                >\\n\n                <span class=\"flex w-full items-center justify-center rounded-lg border border-surface-alt bg-card text-center font-semibold text-muted-2 transition-colors peer-focus-visible:ring-2 peer-focus-visible:ring-navy/40 px-3.5 py-2.5 text-[13px] peer-checked:border-navy peer-checked:bg-navy peer-checked:text-card\">\\n\n                    Ceramah\\n\n                </span>\\n\n            </label>\\n\n                                <label class=\"grow basis-20 select-none cursor-pointer\">\\n\n                <input\\n\n                    type=\"radio\"\\n\n                    name=\"metode_pilihan\"\\n\n                    value=\"diskusi\"\\n\n                                                            required                    class=\"peer sr-only\"\\n\n                >\\n\n                <span class=\"flex w-full items-center justify-center rounded-lg border border-surface-alt bg-card text-center font-semibold text-muted-2 transition-colors peer-focus-visible:ring-2 peer-focus-visible:ring-navy/40 px-3.5 py-2.5 text-[13px] peer-checked:border-navy peer-checked:bg-navy peer-checked:text-card\">\\n\n                    Diskusi\\n\n                </span>\\n\n            </label>\\n\n                                <label class=\"grow basis-20 select-none cursor-pointer\">\\n\n                <input\\n\n                    type=\"radio\"\\n\n                    name=\"metode_pilihan\"\\n\n                    value=\"praktik\"\\n\n                                                            required                    class=\"peer sr-only\"\\n\n                >\\n\n                <span class=\"flex w-full items-center justify-center rounded-lg border border-surface-alt bg-card text-center font-semibold text-muted-2 transition-colors peer-focus-visible:ring-2 peer-focus-visible:ring-navy/40 px-3.5 py-2.5 text-[13px] peer-checked:border-navy peer-checked:bg-navy peer-checked:text-card\">\\n\n                    Praktik\\n\n                </span>\\n\n            </label>\\n\n                                <label class=\"grow basis-20 select-none cursor-pointer\">\\n\n                <input\\n\n                    type=\"radio\"\\n\n                    name=\"metode_pilihan\"\\n\n                    value=\"ulangan\"\\n\n                                                            required                    class=\"peer sr-only\"\\n\n                >\\n\n                <span class=\"flex w-full items-center justify-center rounded-lg border border-surface-alt bg-card text-center font-semibold text-muted-2 transition-colors peer-focus-visible:ring-2 peer-focus-visible:ring-navy/40 px-3.5 py-2.5 text-[13px] peer-checked:border-navy peer-checked:bg-navy peer-checked:text-card\">\\n\n                    Ulangan/Tes\\n\n                </span>\\n\n            </label>\\n\n                                <label class=\"grow basis-20 select-none cursor-pointer\">\\n\n                <input\\n\n                    type=\"radio\"\\n\n                    name=\"metode_pilihan\"\\n\n                    value=\"presentasi\"\\n\n                                                            required                    class=\"peer sr-only\"\\n\n                >\\n\n                <span class=\"flex w-full items-center justify-center rounded-lg border border-surface-alt bg-card text-center font-semibold text-muted-2 transition-colors peer-focus-visible:ring-2 peer-focus-visible:ring-navy/40 px-3.5 py-2.5 text-[13px] peer-checked:border-navy peer-checked:bg-navy peer-checked:text-card\">\\n\n                    Presentasi\\n\n                </span>\\n\n            </label>\\n\n                                <label class=\"grow basis-20 select-none cursor-pointer\">\\n\n                <input\\n\n                    type=\"radio\"\\n\n                    name=\"metode_pilihan\"\\n\n                    value=\"lainnya\"\\n\n                                                            required                    class=\"peer sr-only\"\\n\n                >\\n\n                <span class=\"flex w-full items-center justify-center rounded-lg border border-surface-alt bg-card text-center font-semibold text-muted-2 transition-colors peer-focus-visible:ring-2 peer-focus-visible:ring-navy/40 px-3.5 py-2.5 text-[13px] peer-checked:border-navy peer-checked:bg-navy peer-checked:text-card\">\\n\n                    Lainnya\\n\n                </span>\\n\n            </label>\\n\n            </div>\\n\n</div>\\n\n                    <div id=\"metode_custom_wrap\" hidden>\\n\n                        <div class=\"flex flex-col gap-1.5\">\\n\n    \\n\n    \\n\n    <div class=\"flex h-[52px] items-center gap-2 rounded-xl border border-surface-alt bg-card px-4 transition-colors focus-within:border-navy has-[:disabled]:bg-surface-alt has-[[readonly]]:bg-surface-alt \">\\n\n        \\n\n        <input\\n\n            type=\"text\"\\n\n             name=\"metode_custom\"             id=\"metode_custom\"\\n\n            class=\"w-full border-none bg-transparent text-[15px] text-ink outline-none placeholder:text-placeholder disabled:cursor-not-allowed disabled:text-muted-2 read-only:cursor-not-allowed read-only:text-muted-2\" placeholder=\"Tulis metode lainnya...\" value=\"\" required=\"required\"\\n\n        >\\n\n\\n\n        \\n\n        \\n\n    </div>\\n\n\\n\n                </div>\\n\n                    </div>\\n\n                </div>\\n\n\\n\n                                    \\n\n                    <div class=\"flex flex-col gap-1.5\" data-kamera-wrap>\\n\n            <label  for=\"foto_bukti\"  class=\"text-sm font-semibold text-ink\">\\n\n    Foto Suasana Kelas\\n\n            <span class=\"text-alpha\" aria-hidden=\"true\">*</span>\\n\n        <span class=\"sr-only\">(wajib diisi)</span>\\n\n    </label>\\n\n    \\n\n    <input type=\"file\" name=\"foto_bukti\" id=\"foto_bukti\" accept=\"image/*\" class=\"sr-only\" data-kamera-input  required >\\n\n\\n\n    <div class=\"flex min-h-40 w-full flex-col items-center justify-center gap-1.5 rounded-xl border border-dashed bg-card px-5 py-6 text-center border-[#B8C4D9]\">\\n\n        <img data-kamera-img hidden alt=\"Pratinjau foto suasana kelas\" class=\"max-h-56 w-full rounded-lg object-cover\">\\n\n\\n\n        <div data-kamera-placeholder class=\"flex flex-col items-center gap-1.5\">\\n\n            <span\\n\n    class=\"material-symbols-rounded select-none leading-none text-navy\"\\n\n    style=\"font-size: 28px; font-variation-settings: 'FILL' 0, 'wght' 400, 'GRAD' 0, 'opsz' 28;\"\\n\n    aria-hidden=\"true\"\\n\n>photo_camera</span>\\n\n            <span class=\"text-xs font-semibold text-navy\">Wajib buka kamera</span>\\n\n                            <span class=\"text-[11px] text-muted-2\">Ambil foto saat pembelajaran berlangsung.</span>\\n\n                        <button type=\"button\" data-modal-open=\"modal-kamera-foto_bukti\" data-kamera-buka class=\"press mt-2 inline-flex items-center gap-1.5 rounded-lg bg-navy px-3.5 py-2 text-xs font-bold text-card\">\\n\n                <span\\n\n    class=\"material-symbols-rounded select-none leading-none\"\\n\n    style=\"font-size: 15px; font-variation-settings: 'FILL' 0, 'wght' 400, 'GRAD' 0, 'opsz' 15;\"\\n\n    aria-hidden=\"true\"\\n\n>photo_camera</span>\\n\n Buka Kamera\\n\n            </button>\\n\n        </div>\\n\n\\n\n        <button type=\"button\" data-modal-open=\"modal-kamera-foto_bukti\" data-kamera-buka data-kamera-ulang hidden class=\"press mt-2 inline-flex items-center gap-1.5 rounded-lg bg-surface-alt px-3.5 py-2 text-xs font-bold text-ink\">\\n\n            <span\\n\n    class=\"material-symbols-rounded select-none leading-none\"\\n\n    style=\"font-size: 15px; font-variation-settings: 'FILL' 0, 'wght' 400, 'GRAD' 0, 'opsz' 15;\"\\n\n    aria-hidden=\"true\"\\n\n>refresh</span>\\n\n Ambil Ulang\\n\n        </button>\\n\n    </div>\\n\n\\n\n    \\n\n    <dialog\\n\n    id=\"modal-kamera-foto_bukti\"\\n\n    style=\"width: min(32rem, calc(100vw - 2rem))\"\\n\n    class=\"fixed inset-0 m-auto h-fit max-h-[calc(100dvh-2rem)] overflow-visible rounded-2xl border-0 bg-card p-0 text-ink shadow-2xl backdrop:bg-navy/30 backdrop:backdrop-blur-sm\"\\n\n>\\n\n    <div class=\"flex items-center justify-between border-b border-surface-alt px-5 py-3.5\">\\n\n        <h3 class=\"text-base font-bold text-ink\" data-modal-title>Ambil Foto Suasana Kelas</h3>\\n\n        <button type=\"button\" data-modal-close class=\"flex h-8 w-8 items-center justify-center rounded-lg text-muted hover:bg-surface-alt hover:text-ink\" aria-label=\"Tutup\">\\n\n            <span\\n\n    class=\"material-symbols-rounded select-none leading-none\"\\n\n    style=\"font-size: 18px; font-variation-settings: 'FILL' 0, 'wght' 400, 'GRAD' 0, 'opsz' 18;\"\\n\n    aria-hidden=\"true\"\\n\n>close</span>\\n\n        </button>\\n\n    </div>\\n\n\\n\n    <div class=\"max-h-[calc(100dvh-8rem)] overflow-y-auto p-5\">\\n\n        <div class=\"flex flex-col gap-3\">\\n\n            \\n\n            <div data-kamera-box class=\"relative flex max-h-[50vh] items-center justify-center overflow-hidden rounded-xl bg-ink transition-[max-height]\">\\n\n                <video data-kamera-video hidden autoplay playsinline muted class=\"max-h-[50vh] w-full object-contain\"></video>\\n\n                <canvas data-kamera-canvas hidden></canvas>\\n\n                <p data-kamera-error hidden class=\"flex aspect-[4/3] w-full flex-col items-center justify-center gap-2 px-6 text-center text-sm font-semibold text-card\">\\n\n                    Nggak bisa buka kamera. Pastikan izin kamera diaktifkan buat browser ini, lalu coba lagi.\\n\n                </p>\\n\n                \\n\n                <button type=\"button\" data-kamera-ganti hidden\\n\n                    class=\"press absolute right-2.5 top-2.5 flex h-9 w-9 items-center justify-center rounded-full bg-ink/60 text-card\"\\n\n                    aria-label=\"Ganti kamera depan/belakang\">\\n\n                    <span\\n\n    class=\"material-symbols-rounded select-none leading-none\"\\n\n    style=\"font-size: 18px; font-variation-settings: 'FILL' 0, 'wght' 400, 'GRAD' 0, 'opsz' 18;\"\\n\n    aria-hidden=\"true\"\\n\n>cameraswitch</span>\\n\n                </button>\\n\n                \\n\n                <button type=\"button\" data-kamera-perbesar hidden\\n\n                    class=\"press absolute right-2.5 bottom-2.5 flex h-9 w-9 items-center justify-center rounded-full bg-ink/60 text-card\"\\n\n                    aria-label=\"Perbesar tampilan kamera\">\\n\n                    <span\\n\n    class=\"material-symbols-rounded select-none leading-none\"\\n\n    style=\"font-size: 18px; font-variation-settings: 'FILL' 0, 'wght' 400, 'GRAD' 0, 'opsz' 18;\"\\n\n    aria-hidden=\"true\"\\n\n>fullscreen</span>\\n\n                </button>\\n\n            </div>\\n\n            <button type=\"button\" data-kamera-jepret class=\"press flex h-11 w-full items-center justify-center gap-2 rounded-xl bg-navy text-sm font-bold text-card\">\\n\n                <span\\n\n    class=\"material-symbols-rounded select-none leading-none\"\\n\n    style=\"font-size: 18px; font-variation-settings: 'FILL' 0, 'wght' 400, 'GRAD' 0, 'opsz' 18;\"\\n\n    aria-hidden=\"true\"\\n\n>photo_camera</span>\\n\n Jepret\\n\n            </button>\\n\n        </div>\\n\n    </div>\\n\n</dialog>\\n\n\\n\n</div>\\n\n                            </div>\\n\n\\n\n                            \\n\n                <div id=\"blok-presensi\"  hidden >\\n\n                    <div class=\"mt-6\">\\n\n    <h2 class=\"mb-1 text-sm font-bold text-ink\">Presensi (2 siswa)</h2>\\n\n    <p class=\"mb-3 text-xs text-muted-2\">Periksa status siswa. Cari nama untuk mengubah kehadiran; catatan sebelumnya sudah terisi.</p>\\n\n\\n\n    \\n\n    <div class=\"relative\">\\n\n        <div class=\"flex h-10 items-center gap-2 rounded-lg border border-surface-alt bg-card px-3\" data-search-bar>\\n\n    <span\\n\n    class=\"material-symbols-rounded select-none leading-none shrink-0 text-muted\"\\n\n    style=\"font-size: 16px; font-variation-settings: 'FILL' 0, 'wght' 400, 'GRAD' 0, 'opsz' 16;\"\\n\n    aria-hidden=\"true\"\\n\n>search</span>\\n\n    <input\\n\n        type=\"text\"\\n\n        name=\"q\"\\n\n        placeholder=\"Cari nama siswa\u2026\"\\n\n        data-search-input\\n\n        class=\"w-full border-none bg-transparent text-sm text-ink outline-none placeholder:text-muted\" id=\"cari-siswa\"\\n\n    >\\n\n    <button\\n\n        type=\"button\"\\n\n        data-search-reset\\n\n        hidden\\n\n        class=\"flex shrink-0 items-center text-muted hover:text-alpha\"\\n\n        aria-label=\"Hapus pencarian\"\\n\n    >\\n\n        <span\\n\n    class=\"material-symbols-rounded select-none leading-none shrink-0\"\\n\n    style=\"font-size: 16px; font-variation-settings: 'FILL' 0, 'wght' 400, 'GRAD' 0, 'opsz' 16;\"\\n\n    aria-hidden=\"true\"\\n\n>close</span>\\n\n    </button>\\n\n</div>\\n\n\\n\n            <div\\n\n            id=\"hasil-cari-siswa\"\\n\n            hidden\\n\n            class=\"absolute z-20 mt-1 max-h-64 w-full overflow-y-auto rounded-xl border border-surface-alt bg-card py-1 shadow-lg\"\\n\n        ></div>\\n\n    </div>\\n\n\\n\n    <div class=\"mt-2 flex items-center justify-between gap-2\">\\n\n        <p class=\"text-xs text-muted-2\" id=\"jumlah-tampil\"></p>\\n\n        \\n\n        <label class=\"flex shrink-0 cursor-pointer items-center gap-1.5 text-xs font-semibold text-navy\">\\n\n            <input type=\"checkbox\" id=\"tampilkan-tidak-hadir-saja\" class=\"h-3.5 w-3.5 rounded border-surface-alt text-navy focus:ring-navy\">\\n\n            Hanya tidak hadir\\n\n        </label>\\n\n    </div>\\n\n\\n\n    \\n\n    <div class=\"mt-2 max-h-[38vh] overflow-y-auto rounded-2xl border border-surface-alt bg-surface-alt/40 p-3 sm:max-h-[50vh]\" style=\"transform: translateZ(0);\">\\n\n        \\n\n        <div class=\"grid grid-cols-1 gap-3 lg:grid-cols-2\" data-grid-presensi>\\n\n                                            <div\\n\n                    class=\"flex flex-col gap-2.5 rounded-2xl bg-card p-3 shadow-[var(--shadow-soft)]\"\\n\n                    data-siswa-row\\n\n                    data-nama=\"a\"\\n\n                    data-no-absen=\"1\"\\n\n                >\\n\n                    <div class=\"flex items-center gap-2.5\">\\n\n                        <span class=\"flex h-10 w-10 items-center justify-center rounded-full text-sm font-bold bg-izin-soft text-izin\">\\n\n    1\\n\n</span>\\n\n                        <div class=\"flex min-w-0 flex-col\">\\n\n                            <span class=\"truncate text-sm font-semibold text-ink\">A</span>\\n\n                                                    </div>\\n\n                    </div>\\n\n\\n\n                    <div class=\"flex flex-col gap-1.5\">\\n\n    \\n\n    <div class=\"flex flex-wrap gap-1.5\" role=\"radiogroup\" >\\n\n                                <label class=\"grow basis-20 select-none cursor-pointer\">\\n\n                <input\\n\n                    type=\"radio\"\\n\n                    name=\"presensi[1][status]\"\\n\n                    value=\"hadir\"\\n\n                    checked                                                            class=\"peer sr-only\"\\n\n                >\\n\n                <span class=\"flex w-full items-center justify-center rounded-lg border border-surface-alt bg-card text-center font-semibold text-muted-2 transition-colors peer-focus-visible:ring-2 peer-focus-visible:ring-navy/40 px-2.5 py-1.5 text-xs peer-checked:border-hadir peer-checked:bg-hadir-soft peer-checked:text-hadir\">\\n\n                    Hadir\\n\n                </span>\\n\n            </label>\\n\n                                <label class=\"grow basis-20 select-none cursor-pointer\">\\n\n                <input\\n\n                    type=\"radio\"\\n\n                    name=\"presensi[1][status]\"\\n\n                    value=\"sakit\"\\n\n                                                                                class=\"peer sr-only\"\\n\n                >\\n\n                <span class=\"flex w-full items-center justify-center rounded-lg border border-surface-alt bg-card text-center font-semibold text-muted-2 transition-colors peer-focus-visible:ring-2 peer-focus-visible:ring-navy/40 px-2.5 py-1.5 text-xs peer-checked:border-sakit peer-checked:bg-sakit-soft peer-checked:text-sakit\">\\n\n                    Sakit\\n\n                </span>\\n\n            </label>\\n\n                                <label class=\"grow basis-20 select-none cursor-pointer\">\\n\n                <input\\n\n                    type=\"radio\"\\n\n                    name=\"presensi[1][status]\"\\n\n                    value=\"izin\"\\n\n                                                                                class=\"peer sr-only\"\\n\n                >\\n\n                <span class=\"flex w-full items-center justify-center rounded-lg border border-surface-alt bg-card text-center font-semibold text-muted-2 transition-colors peer-focus-visible:ring-2 peer-focus-visible:ring-navy/40 px-2.5 py-1.5 text-xs peer-checked:border-izin peer-checked:bg-izin-soft peer-checked:text-izin\">\\n\n                    Izin\\n\n                </span>\\n\n            </label>\\n\n                                <label class=\"grow basis-20 select-none cursor-pointer\">\\n\n                <input\\n\n                    type=\"radio\"\\n\n                    name=\"presensi[1][status]\"\\n\n                    value=\"alpha\"\\n\n                                                                                class=\"peer sr-only\"\\n\n                >\\n\n                <span class=\"flex w-full items-center justify-center rounded-lg border border-surface-alt bg-card text-center font-semibold text-muted-2 transition-colors peer-focus-visible:ring-2 peer-focus-visible:ring-navy/40 px-2.5 py-1.5 text-xs peer-checked:border-alpha peer-checked:bg-alpha-soft peer-checked:text-alpha\">\\n\n                    Alpha\\n\n                </span>\\n\n            </label>\\n\n                                <label class=\"grow basis-20 select-none cursor-pointer\">\\n\n                <input\\n\n                    type=\"radio\"\\n\n                    name=\"presensi[1][status]\"\\n\n                    value=\"dispensasi\"\\n\n                                                                                class=\"peer sr-only\"\\n\n                >\\n\n                <span class=\"flex w-full items-center justify-center rounded-lg border border-surface-alt bg-card text-center font-semibold text-muted-2 transition-colors peer-focus-visible:ring-2 peer-focus-visible:ring-navy/40 px-2.5 py-1.5 text-xs peer-checked:border-dispen peer-checked:bg-dispen-soft peer-checked:text-dispen\">\\n\n                    Dispensasi\\n\n                </span>\\n\n            </label>\\n\n            </div>\\n\n</div>\\n\n\\n\n                    <div class=\"border-t border-surface-alt pt-2.5\">\\n\n                        <button\\n\n                            type=\"button\"\\n\n                            data-toggle-catatan=\"catatan-1\"\\n\n                            class=\"flex items-center gap-1 text-xs font-semibold text-navy hover:underline\"\\n\n                                                    >\\n\n                            <span\\n\n    class=\"material-symbols-rounded select-none leading-none\"\\n\n    style=\"font-size: 14px; font-variation-settings: 'FILL' 0, 'wght' 400, 'GRAD' 0, 'opsz' 14;\"\\n\n    aria-hidden=\"true\"\\n\n>add_circle</span>\\n\n                            Tambah catatan\\n\n                        </button>\\n\n\\n\n                        <div id=\"catatan-1\"  hidden >\\n\n                            <div class=\"flex flex-col gap-1.5\">\\n\n    \\n\n    \\n\n    <div class=\"flex h-[52px] items-center gap-2 rounded-xl border border-surface-alt bg-card px-4 transition-colors focus-within:border-navy has-[:disabled]:bg-surface-alt has-[[readonly]]:bg-surface-alt \">\\n\n        \\n\n        <input\\n\n            type=\"text\"\\n\n             name=\"presensi[1][catatan]\"             id=\"presensi[1][catatan]\"\\n\n            class=\"w-full border-none bg-transparent text-[15px] text-ink outline-none placeholder:text-placeholder disabled:cursor-not-allowed disabled:text-muted-2 read-only:cursor-not-allowed read-only:text-muted-2\" placeholder=\"Catatan (opsional)\"\\n\n        >\\n\n\\n\n        \\n\n        <button type=\"button\" data-close-catatan=\"catatan-1\" class=\"flex shrink-0 items-center text-muted-2 hover:text-ink\" tabindex=\"-1\" aria-label=\"Tutup catatan\">\\n\n                                    <span\\n\n    class=\"material-symbols-rounded select-none leading-none\"\\n\n    style=\"font-size: 18px; font-variation-settings: 'FILL' 0, 'wght' 400, 'GRAD' 0, 'opsz' 18;\"\\n\n    aria-hidden=\"true\"\\n\n>close</span>\\n\n                                </button>\\n\n    </div>\\n\n\\n\n                </div>\\n\n                        </div>\\n\n                    </div>\\n\n                </div>\\n\n                                            <div\\n\n                    class=\"flex flex-col gap-2.5 rounded-2xl bg-card p-3 shadow-[var(--shadow-soft)]\"\\n\n                    data-siswa-row\\n\n                    data-nama=\"b\"\\n\n                    data-no-absen=\"2\"\\n\n                >\\n\n                    <div class=\"flex items-center gap-2.5\">\\n\n                        <span class=\"flex h-10 w-10 items-center justify-center rounded-full text-sm font-bold bg-[#FCE7F3] text-[#BE185D]\">\\n\n    2\\n\n</span>\\n\n                        <div class=\"flex min-w-0 flex-col\">\\n\n                            <span class=\"truncate text-sm font-semibold text-ink\">B</span>\\n\n                                                    </div>\\n\n                    </div>\\n\n\\n\n                    <div class=\"flex flex-col gap-1.5\">\\n\n    \\n\n    <div class=\"flex flex-wrap gap-1.5\" role=\"radiogroup\" >\\n\n                                <label class=\"grow basis-20 select-none cursor-pointer\">\\n\n                <input\\n\n                    type=\"radio\"\\n\n                    name=\"presensi[2][status]\"\\n\n                    value=\"hadir\"\\n\n                    checked                                                            class=\"peer sr-only\"\\n\n                >\\n\n                <span class=\"flex w-full items-center justify-center rounded-lg border border-surface-alt bg-card text-center font-semibold text-muted-2 transition-colors peer-focus-visible:ring-2 peer-focus-visible:ring-navy/40 px-2.5 py-1.5 text-xs peer-checked:border-hadir peer-checked:bg-hadir-soft peer-checked:text-hadir\">\\n\n                    Hadir\\n\n                </span>\\n\n            </label>\\n\n                                <label class=\"grow basis-20 select-none cursor-pointer\">\\n\n                <input\\n\n                    type=\"radio\"\\n\n                    name=\"presensi[2][status]\"\\n\n                    value=\"sakit\"\\n\n                                                                                class=\"peer sr-only\"\\n\n                >\\n\n                <span class=\"flex w-full items-center justify-center rounded-lg border border-surface-alt bg-card text-center font-semibold text-muted-2 transition-colors peer-focus-visible:ring-2 peer-focus-visible:ring-navy/40 px-2.5 py-1.5 text-xs peer-checked:border-sakit peer-checked:bg-sakit-soft peer-checked:text-sakit\">\\n\n                    Sakit\\n\n                </span>\\n\n            </label>\\n\n                                <label class=\"grow basis-20 select-none cursor-pointer\">\\n\n                <input\\n\n                    type=\"radio\"\\n\n                    name=\"presensi[2][status]\"\\n\n                    value=\"izin\"\\n\n                                                                                class=\"peer sr-only\"\\n\n                >\\n\n                <span class=\"flex w-full items-center justify-center rounded-lg border border-surface-alt bg-card text-center font-semibold text-muted-2 transition-colors peer-focus-visible:ring-2 peer-focus-visible:ring-navy/40 px-2.5 py-1.5 text-xs peer-checked:border-izin peer-checked:bg-izin-soft peer-checked:text-izin\">\\n\n                    Izin\\n\n                </span>\\n\n            </label>\\n\n                                <label class=\"grow basis-20 select-none cursor-pointer\">\\n\n                <input\\n\n                    type=\"radio\"\\n\n                    name=\"presensi[2][status]\"\\n\n                    value=\"alpha\"\\n\n                                                                                class=\"peer sr-only\"\\n\n                >\\n\n                <span class=\"flex w-full items-center justify-center rounded-lg border border-surface-alt bg-card text-center font-semibold text-muted-2 transition-colors peer-focus-visible:ring-2 peer-focus-visible:ring-navy/40 px-2.5 py-1.5 text-xs peer-checked:border-alpha peer-checked:bg-alpha-soft peer-checked:text-alpha\">\\n\n                    Alpha\\n\n                </span>\\n\n            </label>\\n\n                                <label class=\"grow basis-20 select-none cursor-pointer\">\\n\n                <input\\n\n                    type=\"radio\"\\n\n                    name=\"presensi[2][status]\"\\n\n                    value=\"dispensasi\"\\n\n                                                                                class=\"peer sr-only\"\\n\n                >\\n\n                <span class=\"flex w-full items-center justify-center rounded-lg border border-surface-alt bg-card text-center font-semibold text-muted-2 transition-colors peer-focus-visible:ring-2 peer-focus-visible:ring-navy/40 px-2.5 py-1.5 text-xs peer-checked:border-dispen peer-checked:bg-dispen-soft peer-checked:text-dispen\">\\n\n                    Dispensasi\\n\n                </span>\\n\n            </label>\\n\n            </div>\\n\n</div>\\n\n\\n\n                    <div class=\"border-t border-surface-alt pt-2.5\">\\n\n                        <button\\n\n                            type=\"button\"\\n\n                            data-toggle-catatan=\"catatan-2\"\\n\n                            class=\"flex items-center gap-1 text-xs font-semibold text-navy hover:underline\"\\n\n                                                    >\\n\n                            <span\\n\n    class=\"material-symbols-rounded select-none leading-none\"\\n\n    style=\"font-size: 14px; font-variation-settings: 'FILL' 0, 'wght' 400, 'GRAD' 0, 'opsz' 14;\"\\n\n    aria-hidden=\"true\"\\n\n>add_circle</span>\\n\n                            Tambah catatan\\n\n                        </button>\\n\n\\n\n                        <div id=\"catatan-2\"  hidden >\\n\n                            <div class=\"flex flex-col gap-1.5\">\\n\n    \\n\n    \\n\n    <div class=\"flex h-[52px] items-center gap-2 rounded-xl border border-surface-alt bg-card px-4 transition-colors focus-within:border-navy has-[:disabled]:bg-surface-alt has-[[readonly]]:bg-surface-alt \">\\n\n        \\n\n        <input\\n\n            type=\"text\"\\n\n             name=\"presensi[2][catatan]\"             id=\"presensi[2][catatan]\"\\n\n            class=\"w-full border-none bg-transparent text-[15px] text-ink outline-none placeholder:text-placeholder disabled:cursor-not-allowed disabled:text-muted-2 read-only:cursor-not-allowed read-only:text-muted-2\" placeholder=\"Catatan (opsional)\"\\n\n        >\\n\n\\n\n        \\n\n        <button type=\"button\" data-close-catatan=\"catatan-2\" class=\"flex shrink-0 items-center text-muted-2 hover:text-ink\" tabindex=\"-1\" aria-label=\"Tutup catatan\">\\n\n                                    <span\\n\n    class=\"material-symbols-rounded select-none leading-none\"\\n\n    style=\"font-size: 18px; font-variation-settings: 'FILL' 0, 'wght' 400, 'GRAD' 0, 'opsz' 18;\"\\n\n    aria-hidden=\"true\"\\n\n>close</span>\\n\n                                </button>\\n\n    </div>\\n\n\\n\n                </div>\\n\n                        </div>\\n\n                    </div>\\n\n                </div>\\n\n                    </div>\\n\n    </div>\\n\n</div>\\n\n\\n\n\\n\n<script>\\n\n    (function () {\\n\n            const cari = document.getElementById('cari-siswa');\\n\n            const hasil = document.getElementById('hasil-cari-siswa');\\n\n            const rows = Array.from(document.querySelectorAll('[data-siswa-row]'));\\n\n            const counter = document.getElementById('jumlah-tampil');\\n\n            const tampilkanTidakHadirSaja = document.getElementById('tampilkan-tidak-hadir-saja');\\n\n\\n\n            // Kartu yang barusan \"dibuka\" lewat dropdown cari -- tetap kelihatan\\n\n            // SEMENTARA biar guru sempat ubah statusnya, TAPI begitu statusnya\\n\n            // balik/tetap Hadir, langsung disembunyikan lagi (nggak nyangkut\\n\n            // nampil selamanya cuma gara-gara pernah dicari). Dipakai Set biar\\n\n            // gampang cek/nambah/hapus tanpa dobel.\\n\n            const dipilihManual = new Set();\\n\n\\n\n            function statusRow(row) {\\n\n                return row.querySelector('input[type=\"radio\"]:checked')?.value ?? 'hadir';\\n\n            }\\n\n\\n\n            function namaAsli(row) {\\n\n                return row.querySelector('.text-ink')?.textContent.trim() ?? '';\\n\n            }\\n\n\\n\n            // Kotak cari (dan input catatan/metode lainnya) ada di DALAM form\\n\n            // besar -- pencet Enter di situ defaultnya langsung submit SELURUH\\n\n            // jurnal, padahal maksudnya cuma nyaring daftar siswa. Cegah itu\\n\n            // buat semua kotak teks satu-baris di form ini, biar Enter aman.\\n\n            cari?.closest('form')?.addEventListener('keydown', (e) => {\\n\n                if (e.key === 'Enter' && (e.target.type === 'text' || e.target.type === 'search')) {\\n\n                    e.preventDefault();\\n\n                }\\n\n            });\\n\n\\n\n            function renderHasilCari(q) {\\n\n                if (!hasil) return;\\n\n                // Kosong (baru fokus, belum ngetik apa-apa) -> tampilin SEMUA\\n\n                // nama, bukan malah nyembunyiin dropdown-nya. Guru bisa lihat\\n\n                // daftar lengkap dulu sebelum mutusin mau cari siapa.\\n\n                const cocok = q ? rows.filter((row) => row.dataset.nama.includes(q) || row.dataset.noAbsen.includes(q)) : rows;\\n\n                if (cocok.length === 0) {\\n\n                    hasil.innerHTML = '<p class=\"px-3.5 py-2.5 text-sm text-muted-2\">Tidak ada siswa yang cocok.</p>';\\n\n                } else {\\n\n                    hasil.innerHTML = cocok.slice(0, 50).map((row, i) => `\\n\n                        <button type=\"button\" data-pilih-hasil=\"${i}\" class=\"flex w-full flex-col gap-0.5 px-3.5 py-2.5 text-left hover:bg-surface-alt\">\\n\n                            <span class=\"text-sm font-semibold text-ink\">${namaAsli(row)}</span>\\n\n                            <span class=\"text-xs text-muted-2\">No. ${row.dataset.noAbsen} \u00b7 ${statusRow(row) === 'hadir' ? 'Hadir' : 'Sudah ditandai'}</span>\\n\n                        </button>\\n\n                    `).join('');\\n\n                    hasil.querySelectorAll('[data-pilih-hasil]').forEach((btn) => {\\n\n                        btn.addEventListener('click', () => {\\n\n                            const row = cocok[Number(btn.dataset.pilihHasil)];\\n\n                            dipilihManual.add(row);\\n\n                            cari.value = '';\\n\n                            hasil.hidden = true;\\n\n                            refresh();\\n\n                            row.scrollIntoView({ block: 'center', behavior: 'smooth' });\\n\n                            row.querySelector('input[type=\"radio\"]')?.focus();\\n\n                        });\\n\n                    });\\n\n                }\\n\n                hasil.hidden = false;\\n\n            }\\n\n\\n\n            function refresh() {\\n\n                const hanyaTidakHadir = tampilkanTidakHadirSaja?.checked;\\n\n                let tidakHadir = 0;\\n\n\\n\n                rows.forEach((row) => {\\n\n                    const statusNyaTidakHadir = statusRow(row) !== 'hadir';\\n\n                    if (statusNyaTidakHadir) tidakHadir++;\\n\n                    row.hidden = hanyaTidakHadir && !(statusNyaTidakHadir || dipilihManual.has(row));\\n\n                    row.classList.remove('lg:col-span-2');\\n\n                });\\n\n\\n\n                // Kartu yang KELIHATAN (bukan yang di-hidden) terakhir -- kalau\\n\n                // jumlahnya ganjil di layar lebar (grid 2 kolom), stretch dia\\n\n                // penuh 1 baris biar nggak nyisa gap kosong di sampingnya.\\n\n                const tampil = rows.filter((row) => !row.hidden);\\n\n                if (tampil.length % 2 === 1) {\\n\n                    tampil[tampil.length - 1].classList.add('lg:col-span-2');\\n\n                }\\n\n\\n\n                // Rekap TETAP soal jumlah tidak hadir, apa pun mode tampilannya\\n\n                // (semua kartu ATAU disaring tidak hadir doang).\\n\n                counter.textContent = tidakHadir > 0\\n\n                    ? `${tidakHadir} siswa ditandai tidak hadir (dari ${rows.length} siswa)`\\n\n                    : `Semua ${rows.length} siswa Hadir`;\\n\n            }\\n\n\\n\n            cari?.addEventListener('input', () => renderHasilCari(cari.value.trim().toLowerCase()));\\n\n            cari?.addEventListener('focus', () => renderHasilCari(cari.value.trim().toLowerCase()));\\n\n            document.addEventListener('click', (e) => {\\n\n                if (hasil && !hasil.hidden && !e.target.closest('#hasil-cari-siswa') && e.target !== cari) {\\n\n                    hasil.hidden = true;\\n\n                }\\n\n            });\\n\n            tampilkanTidakHadirSaja?.addEventListener('change', refresh);\\n\n            rows.forEach((row) => {\\n\n                row.querySelectorAll('input[type=\"radio\"]').forEach((r) => r.addEventListener('change', () => {\\n\n                    // Statusnya balik/tetap Hadir -> lepas dari daftar \"kartu\\n\n                    // yang lagi dibuka manual\", biar refresh() nyembunyiin\\n\n                    // lagi kayak kartu Hadir lainnya (bukan nyangkut nampil\\n\n                    // selamanya cuma gara-gara pernah dicari & dibuka).\\n\n                    if (statusRow(row) === 'hadir') dipilihManual.delete(row);\\n\n                    refresh();\\n\n                }));\\n\n            });\\n\n\\n\n            refresh();\\n\n\\n\n            document.querySelectorAll('[data-toggle-catatan]').forEach((btn) => {\\n\n                btn.addEventListener('click', () => {\\n\n                    const target = document.getElementById(btn.dataset.toggleCatatan);\\n\n                    target.hidden = false;\\n\n                    btn.hidden = true;\\n\n                    target.querySelector('input')?.focus();\\n\n                });\\n\n            });\\n\n\\n\n            // Tombol \"x\" di kotak catatan -- tutup lagi & kosongin isinya (biar\\n\n            // nggak nyangkut kebuka kosongan kalau ternyata nggak jadi diisi).\\n\n            document.querySelectorAll('[data-close-catatan]').forEach((btn) => {\\n\n                btn.addEventListener('click', () => {\\n\n                    const wrapId = btn.dataset.closeCatatan;\\n\n                    const wrap = document.getElementById(wrapId);\\n\n                    const input = wrap.querySelector('input');\\n\n                    if (input) input.value = '';\\n\n                    wrap.hidden = true;\\n\n                    document.querySelector(`[data-toggle-catatan=\"${wrapId}\"]`).hidden = false;\\n\n                });\\n\n            });\\n\n        })();\\n\n    </script>\\n\n\\n\n                </div>\\n\n            \\n\n            <div class=\"h-28 lg:hidden\" aria-hidden=\"true\"></div>\\n\n\\n\n<div\\n\n    class=\"fixed inset-x-0 z-30 border-t border-surface-alt bg-surface px-5 py-3 sm:px-6 lg:static lg:mt-6 lg:border-0 lg:bg-transparent lg:p-0\"\\n\n    style=\"bottom: calc(4rem + env(safe-area-inset-bottom));\"\\n\n>\\n\n    \\n\n    <div class=\"mx-auto flex w-full flex-col gap-2 lg:mx-0\">\\n\n        <button type=\"submit\" class=\"press inline-flex h-12 items-center justify-center gap-2 rounded-xl px-5 text-base font-semibold transition-colors disabled:cursor-not-allowed disabled:opacity-60 bg-navy text-card hover:bg-navy-hover w-full\">\\n\n         <span\\n\n    class=\"material-symbols-rounded select-none leading-none\"\\n\n    style=\"font-size: 20px; font-variation-settings: 'FILL' 0, 'wght' 400, 'GRAD' 0, 'opsz' 20;\"\\n\n    aria-hidden=\"true\"\\n\n>fact_check</span>\\n\n         <span id=\"teks-tombol-submit\">Periksa Jurnal</span>\\n\n            </button>\\n\n    </div>\\n\n</div>\\n\n        </form>\\n\n\\n\n        \\n\n        <dialog\\n\n    id=\"modal-ringkasan-jurnal\"\\n\n    style=\"width: min(32rem, calc(100vw - 2rem))\"\\n\n    class=\"fixed inset-0 m-auto h-fit max-h-[calc(100dvh-2rem)] overflow-visible rounded-2xl border-0 bg-card p-0 text-ink shadow-2xl backdrop:bg-navy/30 backdrop:backdrop-blur-sm\"\\n\n>\\n\n    <div class=\"flex items-center justify-between border-b border-surface-alt px-5 py-3.5\">\\n\n        <h3 class=\"text-base font-bold text-ink\" data-modal-title>Periksa Jurnal</h3>\\n\n        <button type=\"button\" data-modal-close class=\"flex h-8 w-8 items-center justify-center rounded-lg text-muted hover:bg-surface-alt hover:text-ink\" aria-label=\"Tutup\">\\n\n            <span\\n\n    class=\"material-symbols-rounded select-none leading-none\"\\n\n    style=\"font-size: 18px; font-variation-settings: 'FILL' 0, 'wght' 400, 'GRAD' 0, 'opsz' 18;\"\\n\n    aria-hidden=\"true\"\\n\n>close</span>\\n\n        </button>\\n\n    </div>\\n\n\\n\n    <div class=\"max-h-[calc(100dvh-8rem)] overflow-y-auto p-5\">\\n\n        <div class=\"flex flex-col gap-3 text-sm\">\\n\n                <div class=\"flex flex-col gap-1.5\">\\n\n            <p class=\"text-xs font-semibold text-muted-2\">Kelas &amp; Mata Pelajaran</p>\\n\n    \\n\n    <div class=\"flex min-w-0 items-start gap-2 text-[15px] text-ink\">\\n\n                <span class=\"min-w-0 flex-1 whitespace-pre-line break-words\"><span data-ringkasan=\"kelas-mapel\">\u2014</span></span>\\n\n    </div>\\n\n</div>\\n\n                <div class=\"flex flex-col gap-1.5\">\\n\n            <p class=\"text-xs font-semibold text-muted-2\">Jam Pelajaran</p>\\n\n    \\n\n    <div class=\"flex min-w-0 items-start gap-2 text-[15px] text-ink\">\\n\n                <span class=\"min-w-0 flex-1 whitespace-pre-line break-words\"><span data-ringkasan=\"jam-pelajaran\">\u2014</span></span>\\n\n    </div>\\n\n</div>\\n\n                <div class=\"flex flex-col gap-1.5\">\\n\n            <p class=\"text-xs font-semibold text-muted-2\">Status Kehadiran Anda</p>\\n\n    \\n\n    <div class=\"flex min-w-0 items-start gap-2 text-[15px] text-ink\">\\n\n                <span class=\"min-w-0 flex-1 whitespace-pre-line break-words\"><span data-ringkasan=\"status-guru\">\u2014</span></span>\\n\n    </div>\\n\n</div>\\n\n\\n\n                \\n\n                <div data-ringkasan-blok-hadir class=\"flex flex-col gap-3\">\\n\n                    <div class=\"flex flex-col gap-1.5\">\\n\n            <p class=\"text-xs font-semibold text-muted-2\">Materi</p>\\n\n    \\n\n    <div class=\"flex min-w-0 items-start gap-2 text-[15px] text-ink\">\\n\n                <span class=\"min-w-0 flex-1 whitespace-pre-line break-words\"><span data-ringkasan=\"materi\">\u2014</span></span>\\n\n    </div>\\n\n</div>\\n\n                    <div class=\"flex flex-col gap-1.5\">\\n\n            <p class=\"text-xs font-semibold text-muted-2\">Foto Suasana Kelas</p>\\n\n    \\n\n    <div class=\"flex min-w-0 items-start gap-2 text-[15px] text-ink\">\\n\n                <span class=\"min-w-0 flex-1 whitespace-pre-line break-words\"><span data-ringkasan=\"foto-hadir\">\u2014</span></span>\\n\n    </div>\\n\n</div>\\n\n                </div>\\n\n                <div data-ringkasan-blok-tidak-hadir class=\"flex flex-col gap-3\" hidden>\\n\n                    <div class=\"flex flex-col gap-1.5\">\\n\n            <p class=\"text-xs font-semibold text-muted-2\">Alasan</p>\\n\n    \\n\n    <div class=\"flex min-w-0 items-start gap-2 text-[15px] text-ink\">\\n\n                <span class=\"min-w-0 flex-1 whitespace-pre-line break-words\"><span data-ringkasan=\"alasan\">\u2014</span></span>\\n\n    </div>\\n\n</div>\\n\n                    <div class=\"flex flex-col gap-1.5\">\\n\n            <p class=\"text-xs font-semibold text-muted-2\">Tugas untuk Siswa</p>\\n\n    \\n\n    <div class=\"flex min-w-0 items-start gap-2 text-[15px] text-ink\">\\n\n                <span class=\"min-w-0 flex-1 whitespace-pre-line break-words\"><span data-ringkasan=\"tugas\">\u2014</span></span>\\n\n    </div>\\n\n</div>\\n\n                    <div class=\"flex flex-col gap-1.5\">\\n\n            <p class=\"text-xs font-semibold text-muted-2\">Surat Izin/Sakit</p>\\n\n    \\n\n    <div class=\"flex min-w-0 items-start gap-2 text-[15px] text-ink\">\\n\n                <span class=\"min-w-0 flex-1 whitespace-pre-line break-words\"><span data-ringkasan=\"surat\">\u2014</span></span>\\n\n    </div>\\n\n</div>\\n\n                </div>\\n\n\\n\n                \\n\n                <div class=\"flex flex-col gap-1.5\" data-ringkasan-blok-presensi=\"data-ringkasan-blok-presensi\">\\n\n            <p class=\"text-xs font-semibold text-muted-2\">Presensi Siswa</p>\\n\n    \\n\n    <div class=\"flex min-w-0 items-start gap-2 text-[15px] text-ink\">\\n\n                <span class=\"min-w-0 flex-1 whitespace-pre-line break-words\"><span data-ringkasan=\"presensi\">\u2014</span></span>\\n\n    </div>\\n\n</div>\\n\n            </div>\\n\n            \\n\n            <div class=\"mt-4 flex gap-2\">\\n\n                <button type=\"button\" class=\"press inline-flex h-12 items-center justify-center gap-2 rounded-xl px-5 text-base font-semibold transition-colors disabled:cursor-not-allowed disabled:opacity-60 bg-navy text-card hover:bg-navy-hover flex-1\" id=\"tombol-kirim-jurnal\">\\n\n         <span\\n\n    class=\"material-symbols-rounded select-none leading-none\"\\n\n    style=\"font-size: 20px; font-variation-settings: 'FILL' 0, 'wght' 400, 'GRAD' 0, 'opsz' 20;\"\\n\n    aria-hidden=\"true\"\\n\n>send</span>\\n\n         Kirim\\n\n            </button>\\n\n                <button type=\"button\" class=\"press inline-flex h-12 items-center justify-center gap-2 rounded-xl px-5 text-base font-semibold transition-colors disabled:cursor-not-allowed disabled:opacity-60 bg-surface-alt text-ink hover:bg-[#cbd5e1] flex-1\" data-modal-close=\"data-modal-close\">\\n\n                Cek Lagi\\n\n            </button>\\n\n            </div>\\n\n    </div>\\n\n</dialog>\\n\n            </main>\\n\n        </div>\\n\n    </div>\\n\n\\n\n    \\n\n    <nav\\n\n        class=\"fixed inset-x-0 bottom-0 z-40 h-16 border-t border-surface-alt bg-card lg:hidden\"\\n\n        style=\"padding-bottom: env(safe-area-inset-bottom);\"\\n\n        aria-label=\"Navigasi utama\"\\n\n    >\\n\n        <div class=\"relative mx-auto flex h-16 max-w-lg items-stretch\">\\n\n            <ul class=\"flex flex-1 items-stretch justify-around\">\\n\n                                    <li class=\"flex-1\">\\n\n    <a\\n\n        href=\"http://jurnalkita.test/guru\"\\n\n        class=\"flex h-full flex-col items-center justify-center gap-0.5 text-[10px] font-semibold transition-colors text-muted-2\"\\n\n            >\\n\n        <span\\n\n    class=\"material-symbols-rounded select-none leading-none\"\\n\n    style=\"font-size: 24px; font-variation-settings: 'FILL' 0, 'wght' 400, 'GRAD' 0, 'opsz' 24;\"\\n\n    aria-hidden=\"true\"\\n\n>home</span>\\n\n        <span>Beranda</span>\\n\n    </a>\\n\n</li>\\n\n                                    <li class=\"flex-1\">\\n\n    <a\\n\n        href=\"http://jurnalkita.test/guru/jurnal\"\\n\n        class=\"flex h-full flex-col items-center justify-center gap-0.5 text-[10px] font-semibold transition-colors text-muted-2\"\\n\n            >\\n\n        <span\\n\n    class=\"material-symbols-rounded select-none leading-none\"\\n\n    style=\"font-size: 24px; font-variation-settings: 'FILL' 0, 'wght' 400, 'GRAD' 0, 'opsz' 24;\"\\n\n    aria-hidden=\"true\"\\n\n>menu_book</span>\\n\n        <span>Riwayat</span>\\n\n    </a>\\n\n</li>\\n\n                                    <li class=\"flex-1\">\\n\n    <a\\n\n        href=\"http://jurnalkita.test/guru/jadwal\"\\n\n        class=\"flex h-full flex-col items-center justify-center gap-0.5 text-[10px] font-semibold transition-colors text-muted-2\"\\n\n            >\\n\n        <span\\n\n    class=\"material-symbols-rounded select-none leading-none\"\\n\n    style=\"font-size: 24px; font-variation-settings: 'FILL' 0, 'wght' 400, 'GRAD' 0, 'opsz' 24;\"\\n\n    aria-hidden=\"true\"\\n\n>calendar_month</span>\\n\n        <span>Jadwal</span>\\n\n    </a>\\n\n</li>\\n\n                                    <li class=\"flex-1\">\\n\n    <a\\n\n        href=\"http://jurnalkita.test/piket/monitor\"\\n\n        class=\"flex h-full flex-col items-center justify-center gap-0.5 text-[10px] font-semibold transition-colors text-muted-2\"\\n\n            >\\n\n        <span\\n\n    class=\"material-symbols-rounded select-none leading-none\"\\n\n    style=\"font-size: 24px; font-variation-settings: 'FILL' 0, 'wght' 400, 'GRAD' 0, 'opsz' 24;\"\\n\n    aria-hidden=\"true\"\\n\n>monitoring</span>\\n\n        <span>Monitor</span>\\n\n    </a>\\n\n</li>\\n\n                                    <li class=\"flex-1\">\\n\n    <a\\n\n        href=\"http://jurnalkita.test/profil\"\\n\n        class=\"flex h-full flex-col items-center justify-center gap-0.5 text-[10px] font-semibold transition-colors text-muted-2\"\\n\n            >\\n\n        <span\\n\n    class=\"material-symbols-rounded select-none leading-none\"\\n\n    style=\"font-size: 24px; font-variation-settings: 'FILL' 0, 'wght' 400, 'GRAD' 0, 'opsz' 24;\"\\n\n    aria-hidden=\"true\"\\n\n>person</span>\\n\n        <span>Profil</span>\\n\n    </a>\\n\n</li>\\n\n                            </ul>\\n\n\\n\n                            \\n\n                <div class=\"w-24 shrink-0\" aria-hidden=\"true\"></div>\\n\n\\n\n                <a\\n\n                    href=\"http://jurnalkita.test/guru/jurnal/tambah\"\\n\n                    data-nav-fab\\n\n                    class=\"press absolute right-1 top-0 flex h-20 w-20 -translate-y-8 flex-col items-center justify-center gap-0.5 rounded-full bg-navy text-card shadow-lg shadow-navy/30 ring-4 ring-surface\"\\n\n                >\\n\n                    <span\\n\n    class=\"material-symbols-rounded select-none leading-none\"\\n\n    style=\"font-size: 22px; font-variation-settings: 'FILL' 1, 'wght' 400, 'GRAD' 0, 'opsz' 22;\"\\n\n    aria-hidden=\"true\"\\n\n>edit_note</span>\\n\n                    <span class=\"text-[10px] font-bold leading-none whitespace-nowrap\">Isi Jurnal</span>\\n\n                </a>\\n\n                    </div>\\n\n    </nav>\\n\n\\n\n            <script>\\n\n            // Delegasi global -- satu skrip ini nyakup SEMUA search bar di\\n\n            // halaman manapun (nggak perlu diulang per pemanggil). Tombol\\n\n            // Reset cuma muncul kalau kolomnya keisi, dan ngosongin + kirim\\n\n            // event \"input\" biar filter JS masing-masing halaman ikut jalan.\\n\n            document.addEventListener('input', (e) => {\\n\n                if (!e.target.matches('[data-search-input]')) return;\\n\n                const tombol = e.target.closest('[data-search-bar]')?.querySelector('[data-search-reset]');\\n\n                if (tombol) tombol.hidden = !e.target.value;\\n\n            });\\n\n\\n\n            document.addEventListener('click', (e) => {\\n\n                const tombol = e.target.closest('[data-search-reset]');\\n\n                if (!tombol) return;\\n\n                const input = tombol.closest('[data-search-bar]')?.querySelector('[data-search-input]');\\n\n                if (!input) return;\\n\n                input.value = '';\\n\n                input.dispatchEvent(new Event('input', { bubbles: true }));\\n\n                tombol.hidden = true;\\n\n                input.focus();\\n\n            });\\n\n\\n\n            document.querySelectorAll('[data-search-input]').forEach((input) => {\\n\n                const tombol = input.closest('[data-search-bar]')?.querySelector('[data-search-reset]');\\n\n                if (tombol) tombol.hidden = !input.value;\\n\n            });\\n\n        </script>\\n\n                <script>\\n\n                (function () {\\n\n                    const form = document.getElementById('form-jurnal');\\n\n                    const modalRingkasan = document.getElementById('modal-ringkasan-jurnal');\\n\n                    if (!form || !modalRingkasan) return;\\n\n\\n\n                    let dikonfirmasi = false;\\n\n                    let sedangMengirim = false;\\n\n\\n\n                    function teksTerpilih(name) {\\n\n                        const opt = form.querySelector(`select[name=\"${name}\"] option:checked`);\\n\n                        return opt ? opt.textContent.trim() : null;\\n\n                    }\\n\n\\n\n                    function isiRingkasan() {\\n\n                        // Mode massal (semua kelas) -> daftar kelas yang beneran\\n\n                        // ditandai, bukan cuma jadwal yang kepilih di atas.\\n\n                        const kelasTertandai = Array.from(form.querySelectorAll('[data-checkbox-jadwal-massal]:not(:disabled):checked'))\\n\n                            .map((cb) => cb.closest('[data-baris-jadwal-massal]')?.querySelector('.text-ink')?.textContent.trim())\\n\n                            .filter(Boolean);\\n\n                        const massal = kelasTertandai.length > 0;\\n\n\\n\n                        let kelasMapel;\\n\n                        if (massal) {\\n\n                            kelasMapel = kelasTertandai.join(', ');\\n\n                        } else {\\n\n                            const jadwalSelect = form.querySelector('select[name=\"jadwal_id\"]');\\n\n                            kelasMapel = jadwalSelect\\n\n                                ? (jadwalSelect.options[jadwalSelect.selectedIndex]?.textContent.trim() || '\u2014')\\n\n                                : (document.querySelector('[data-jadwal-terkunci-teks]')?.textContent.trim() || '\u2014');\\n\n                        }\\n\n                        modalRingkasan.querySelector('[data-ringkasan=\"kelas-mapel\"]').textContent = kelasMapel;\\n\n                        modalRingkasan.querySelector('[data-ringkasan=\"jam-pelajaran\"]').textContent =\\n\n                            document.getElementById('tampilan-jam')?.textContent.trim() || '\u2014';\\n\n\\n\n                        const statusGuru = form.querySelector('input[name=\"status_guru\"]:checked')?.value;\\n\n                        const hadir = statusGuru === 'hadir';\\n\n                        modalRingkasan.querySelector('[data-ringkasan=\"status-guru\"]').textContent = hadir ? 'Hadir' : 'Tidak Hadir';\\n\n\\n\n                        // Field yang ditampilin BEDA total antara Hadir & Tidak\\n\n                        // Hadir (bukan cuma isinya -- labelnya juga nggak masuk\\n\n                        // akal dipakai bareng, mis. \"Foto Suasana Kelas\" nggak\\n\n                        // relevan buat guru yang nggak di sekolah).\\n\n                        modalRingkasan.querySelector('[data-ringkasan-blok-hadir]').hidden = ! hadir;\\n\n                        modalRingkasan.querySelector('[data-ringkasan-blok-tidak-hadir]').hidden = hadir;\\n\n\\n\n                        if (hadir) {\\n\n                            const materi = form.querySelector('[name=\"materi\"]')?.value.trim();\\n\n                            modalRingkasan.querySelector('[data-ringkasan=\"materi\"]').textContent = materi || '(belum diisi)';\\n\n\\n\n                            const fotoKamera = form.querySelector('[data-kamera-input]:not(:disabled)');\\n\n                            modalRingkasan.querySelector('[data-ringkasan=\"foto-hadir\"]').textContent =\\n\n                                (fotoKamera?.files?.length > 0) ? 'Sudah dilampirkan' : 'Belum diambil';\\n\n                        } else {\\n\n                            const tugas = form.querySelector('[name=\"tugas_tambahan\"]:not(:disabled)')?.value.trim();\\n\n                            const tugasPerKelas = Array.from(form.querySelectorAll('[data-checkbox-jadwal-massal]:not(:disabled):checked')).map((checkbox) => {\\n\n                                const row = checkbox.closest('[data-baris-jadwal-massal]');\\n\n                                const nama = row.querySelector('.text-ink').textContent.trim();\\n\n                                const khusus = row.querySelector('[name^=\"tugas_khusus[\"]').value.trim();\\n\n                                return `${nama}: ${khusus || tugas || 'Belum diisi'}`;\\n\n                            });\\n\n                            modalRingkasan.querySelector('[data-ringkasan=\"tugas\"]').textContent = massal ? tugasPerKelas.join('\\n') : (tugas || 'Belum diisi');\\n\n\\n\n                            // Alasan bar (radio), bukan teks bebas -- ambil yang\\n\n                            // BENERAN kecentang, bukan cuma elemen pertama.\\n\n                            const alasanLabel = { sakit: 'Sakit', izin: 'Izin' };\\n\n                            const alasan = form.querySelector('input[name=\"alasan\"]:checked')?.value;\\n\n                            modalRingkasan.querySelector('[data-ringkasan=\"alasan\"]').textContent =\\n\n                                alasan ? (alasanLabel[alasan] ?? alasan) : '(belum dipilih)';\\n\n\\n\n                            const suratInput = form.querySelector('[data-upload-input]:not(:disabled)');\\n\n                            modalRingkasan.querySelector('[data-ringkasan=\"surat\"]').textContent =\\n\n                                (suratInput?.files?.length > 0) ? 'Sudah dilampirkan' : 'Tidak dilampirkan';\\n\n                        }\\n\n\\n\n                        // Presensi cuma relevan kalau ada grid-nya beneran kelihatan\\n\n                        // di halaman (nggak ada sama sekali pas mode massal -- guru\\n\n                        // nggak di kelas manapun buat nentuin presensi manual).\\n\n                        const blokPresensiEl = document.getElementById('blok-presensi');\\n\n                        const presensiField = modalRingkasan.querySelector('[data-ringkasan-blok-presensi]');\\n\n                        const presensiKelihatan = blokPresensiEl && ! blokPresensiEl.hidden;\\n\n                        presensiField.hidden = ! presensiKelihatan;\\n\n\\n\n                        if (presensiKelihatan) {\\n\n                            // Yang ditampilin cuma nama yang BUKAN Hadir -- itu yang\\n\n                            // paling penting dicek ulang sebelum kirim (semuanya\\n\n                            // udah Hadir emang defaultnya, nge-list 36 nama satu-satu\\n\n                            // di sini nggak nambah info, cuma bikin ringkasan panjang).\\n\n                            const rowsSiswa = form.querySelectorAll('[data-siswa-row]');\\n\n                            const kelompok = { sakit: [], izin: [], alpha: [], dispensasi: [] };\\n\n                            let jumlahHadir = 0;\\n\n                            rowsSiswa.forEach((row) => {\\n\n                                const status = row.querySelector('input[type=\"radio\"]:checked')?.value ?? 'hadir';\\n\n                                if (status === 'hadir') { jumlahHadir++; return; }\\n\n                                const nama = row.querySelector('.text-ink')?.textContent.trim() || '(tanpa nama)';\\n\n                                (kelompok[status] ?? (kelompok[status] = [])).push(nama);\\n\n                            });\\n\n                            const label = { sakit: 'Sakit', izin: 'Izin', alpha: 'Alpha', dispensasi: 'Dispensasi' };\\n\n                            const bagianTidakHadir = Object.entries(kelompok)\\n\n                                .filter(([, arr]) => arr.length > 0)\\n\n                                .map(([k, arr]) => `${label[k] || k}: ${arr.join(', ')}`)\\n\n                                .join(' \u00b7 ');\\n\n                            modalRingkasan.querySelector('[data-ringkasan=\"presensi\"]').textContent = rowsSiswa.length\\n\n                                ? (bagianTidakHadir ? `${bagianTidakHadir} (sisanya ${jumlahHadir} Hadir)` : `Semua ${rowsSiswa.length} siswa Hadir`)\\n\n                                : '\u2014';\\n\n                        }\\n\n                    }\\n\n\\n\n                    form.addEventListener('submit', (e) => {\\n\n                        if (sedangMengirim) { e.preventDefault(); return; }\\n\n                        if (dikonfirmasi) {\\n\n                            sedangMengirim = true;\\n\n                            form.setAttribute('aria-busy', 'true');\\n\n                            form.querySelectorAll('[type=\"submit\"]').forEach((button) => { button.disabled = true; });\\n\n                            document.getElementById('teks-tombol-submit').textContent = 'Mengirim\u2026';\\n\n                            return;\\n\n                        }\\n\n                        e.preventDefault();\\n\n                        isiRingkasan();\\n\n                        modalRingkasan.showModal();\\n\n                    });\\n\n\\n\n                    document.getElementById('tombol-kirim-jurnal')?.addEventListener('click', () => {\\n\n                        if (sedangMengirim) return;\\n\n                        if (!form.reportValidity()) { modalRingkasan.close(); return; }\\n\n                        dikonfirmasi = true;\\n\n                        modalRingkasan.close();\\n\n                        form.requestSubmit();\\n\n                        dikonfirmasi = false;\\n\n                    });\\n\n                    window.addEventListener('pageshow', () => {\\n\n                        sedangMengirim = false;\\n\n                        dikonfirmasi = false;\\n\n                        form.removeAttribute('aria-busy');\\n\n                        form.querySelectorAll('[type=\"submit\"]').forEach((button) => { button.disabled = false; });\\n\n                        document.getElementById('teks-tombol-submit').textContent = 'Periksa Jurnal';\\n\n                    });\\n\n                })();\\n\n            </script>\\n\n                    <script>\\n\n                (function () {\\n\n                    const form = document.getElementById('form-jurnal');\\n\n\\n\n                    // Jadwal terkunci (jadwalTerkunci=true) -> select-nya nggak dirender\\n\n                    // sama sekali, jadi elemen ini bisa null.\\n\n                    const jadwal = document.getElementById('jadwal_id');\\n\n                    if (jadwal) {\\n\n                        const tampilanJam = document.getElementById('tampilan-jam');\\n\n                        const inputMulai = document.getElementById('jam_ke_mulai');\\n\n                        const inputSelesai = document.getElementById('jam_ke_selesai');\\n\n\\n\n                        // Sinkronkan rentang JP jika browser otomatis memilih satu-satunya\\n\n                        // opsi tanpa memicu event change.\\n\n                        function sync() {\\n\n                            const opt = jadwal.selectedOptions[0];\\n\n                            const mulai = opt?.dataset.mulai;\\n\n                            const selesai = opt?.dataset.selesai;\\n\n                            if (!mulai) return;\\n\n\\n\n                            const rentangJp = mulai === selesai ? `Jam ke-${mulai}` : `Jam ke-${mulai} sampai ke-${selesai}`;\\n\n                            const rentangWaktu = opt.dataset.mulaiJam && opt.dataset.selesaiJam\\n\n                                ? ` (${opt.dataset.mulaiJam.replace(':', '.')}\u2013${opt.dataset.selesaiJam.replace(':', '.')})`\\n\n                                : '';\\n\n                            tampilanJam.textContent = rentangJp + rentangWaktu;\\n\n                            inputMulai.value = mulai;\\n\n                            inputSelesai.value = selesai;\\n\n                        }\\n\n\\n\n                        const datePicker = document.getElementById('pilih_tanggal_jurnal');\\n\n                        if (datePicker) {\\n\n                            datePicker.addEventListener('change', () => {\\n\n                                if (!datePicker.value) return;\\n\n                                const params = new URLSearchParams(window.location.search);\\n\n                                params.set('tanggal', datePicker.value);\\n\n                                params.delete('jadwal');\\n\n                                window.location.href = 'http://jurnalkita.test/guru/jurnal/tambah?' + params.toString();\\n\n                            });\\n\n                        }\\n\n\\n\n                        // Ganti jadwal -> presensi kelas yang beda perlu dirender ulang\\n\n                        // dari server, jadi muat ulang halaman dengan jadwal itu. Ikut\\n\n                        // sisipin status_guru yang LAGI kepilih (dan pertahanin query\\n\n                        // lain kayak ?hari=kemarin atau ?tanggal=...) -- kalau nggak, pilihan \"Tidak\\n\n                        // Hadir\" yang udah dipilih duluan ke-reset balik ke \"Hadir\"\\n\n                        // begitu halaman render ulang (bug yang sempat dilaporkan).\\n\n                        jadwal.addEventListener('change', () => {\\n\n                            if (!jadwal.value) return;\\n\n                            const params = new URLSearchParams(window.location.search);\\n\n                            params.set('jadwal', jadwal.value);\\n\n                            if (datePicker && datePicker.value) {\\n\n                                params.set('tanggal', datePicker.value);\\n\n                            }\\n\n                            const statusGuru = document.querySelector('input[name=\"status_guru\"]:checked')?.value;\\n\n                            if (statusGuru) params.set('status_guru', statusGuru);\\n\n                            window.location.href = 'http://jurnalkita.test/guru/jurnal/tambah?' + params.toString();\\n\n                        });\\n\n\\n\n                        // Browser bisa langsung memilih satu-satunya opsi jadwal saat halaman\\n\n                        // dimuat (placeholder \"Pilih jadwal\" disembunyikan) tanpa memicu event\\n\n                        // \"change\" -- sinkronkan sekali di awal biar jam yang tampil ga meleset.\\n\n                        sync();\\n\n                    }\\n\n\\n\n                    // Status Kehadiran -> Hadir nampilin Materi+Metode, selain itu\\n\n                    // nampilin Tugas Tambahan+Alasan. Field Jam ke- juga hanya\\n\n                    // relevan ditampilkan saat status Hadir.\\n\n                    const blokHadir = document.getElementById('blok-hadir');\\n\n                    const blokTidakHadir = document.getElementById('blok-tidak-hadir');\\n\n                    const blokTugasTidakHadir = document.getElementById('blok-tugas-tidak-hadir');\\n\n                    const blokPilihJadwal = document.getElementById('blok-pilih-jadwal');\\n\n                    const jamWrap = document.getElementById('tampilan-jam-wrap');\\n\n                    const blokMassal = document.getElementById('blok-massal-kelas');\\n\n                    const blokPresensi = document.getElementById('blok-presensi');\\n\n                    const blokAlertPilihJadwal = document.getElementById('blok-alert-pilih-jadwal');\\n\n                    const teksTombolSubmit = document.getElementById('teks-tombol-submit');\\n\n                    function syncStatusGuru() {\\n\n                        const val = document.querySelector('input[name=\"status_guru\"]:checked')?.value;\\n\n                        const hadir = val === 'hadir';\\n\n                        blokHadir.hidden = !hadir;\\n\n                        blokTidakHadir.hidden = hadir;\\n\n\\n\n                        // Disable SEMUA field (bukan cuma yang \"required\") di blok\\n\n                        // yang lagi disembunyiin -- dua alasan: (1) atribut\\n\n                        // \"required\" bawaan HTML tetap ngecek elemen yang\\n\n                        // disembunyiin lewat ancestor \"hidden\", nggak otomatis\\n\n                        // dikecualiin; (2) dua-duanya sama-sama punya field\\n\n                        // name=\"foto_bukti\" (beda id, kamera vs upload biasa) --\\n\n                        // kalau yang disembunyiin nggak di-disable, dua-duanya\\n\n                        // ikut kesubmit bareng & yang kepakai jadi nggak pasti.\\n\n                        blokHadir.querySelectorAll('input, textarea, select').forEach((el) => { el.disabled = !hadir; });\\n\n                        blokTidakHadir.querySelectorAll('input, textarea, select').forEach((el) => { el.disabled = hadir; });\\n\n                        if (blokTugasTidakHadir) {\\n\n                            blokTugasTidakHadir.hidden = hadir;\\n\n                            blokTugasTidakHadir.querySelectorAll('input, textarea, select').forEach((el) => { el.disabled = hadir; });\\n\n                        }\\n\n\\n\n                        // Info jam pelajaran, kotak presensi, & alert \"pilih jadwal\\n\n                        // dulu\" cuma relevan kalau guru beneran hadir di kelas --\\n\n                        // presensi ikut dinonaktifkan (bukan cuma disembunyikan)\\n\n                        // biar nggak ada input presensi basi yang ikut kesubmit.\\n\n                        if (jamWrap) jamWrap.hidden = !hadir;\\n\n                        if (blokPresensi) {\\n\n                            blokPresensi.hidden = !hadir;\\n\n                            blokPresensi.querySelectorAll('input, textarea, select').forEach((el) => { el.disabled = !hadir; });\\n\n                        }\\n\n                        if (blokAlertPilihJadwal) blokAlertPilihJadwal.hidden = !hadir;\\n\n                        if (teksTombolSubmit) teksTombolSubmit.textContent = 'Periksa Jurnal';\\n\n                    }\\n\n                    // Ganti ke \"Tidak Hadir\" ngaktifin ULANG semua field di blok itu\\n\n                    // (termasuk checklist massal di dalamnya) -- syncMassal() dipanggil\\n\n                    // lagi sesudahnya biar keadaan \"Cuma Kelas Ini\" (checklist massal\\n\n                    // dinonaktifkan) kepasang balik dengan benar, bukan kebuka semua\\n\n                    // lagi kayak abis di-reset. Tanpa ini, popup ringkasan salah nunjuk\\n\n                    // \"berlaku buat semua kelas\" walau cuma 1 kelas yang ditandai (bug\\n\n                    // beneran, ketauan pas dites -- tapi cuma tampilan doang, data yang\\n\n                    // beneran kesimpen tetap benar 1 kelas).\\n\n                    document.querySelectorAll('input[name=\"status_guru\"]').forEach((el) => el.addEventListener('change', () => {\\n\n                        syncStatusGuru();\\n\n                        syncMassal?.();\\n\n                    }));\\n\n                    syncStatusGuru();\\n\n\\n\n                    const tugasUmum = form.querySelector('[name=\"tugas_tambahan\"]');\\n\n                    function syncTugasUmum() {\\n\n                        const massal = blokMassal && !blokMassal.hidden;\\n\n                        const terpilih = Array.from(form.querySelectorAll('[data-checkbox-jadwal-massal]:checked:not(:disabled)'));\\n\n                        const lengkap = terpilih.length > 0 && terpilih.every((checkbox) =>\\n\n                            checkbox.closest('[data-baris-jadwal-massal]').querySelector('[name^=\"tugas_khusus[\"]').value.trim() !== '');\\n\n                        tugasUmum.required = !tugasUmum.disabled && (!massal || !lengkap);\\n\n                        const label = tugasUmum.closest('div.flex-col')?.querySelector('label');\\n\n                        if (label) label.textContent = massal ? `Tugas umum${lengkap ? ' (opsional)' : ' *'}` : 'Tugas untuk Siswa *';\\n\n                    }\\n\n                    form.addEventListener('input', syncTugasUmum);\\n\n                    form.addEventListener('change', syncTugasUmum);\\n\n\\n\n                    // \"Kelas Tujuan\" -> pilih \"Ya\" munculin checklist\\n\n                    // kelas LANGSUNG di bawahnya (nggak pindah halaman), sekalian\\n\n                    // ganti tujuan form ke endpoint massal.\\n\n                    if (blokMassal) {\\n\n                        function syncMassal() {\\n\n                            // \"massal\" HARUS ikut ngecek status Hadir/Tidak Hadir juga --\\n\n                            // radio \"tidak_hadir_sehari_penuh\" nggak ke-reset otomatis pas\\n\n                            // pindah balik ke \"Hadir\", jadi tanpa cek ini blok-pilih-jadwal\\n\n                            // bisa nyangkut tersembunyi (bug beneran, ketauan pas dites:\\n\n                            // pilih Tidak Hadir -> Ya Semua Kelas -> balik ke Hadir ->\\n\n                            // dropdown Kelas & Mata Pelajaran ikutan hilang padahal harusnya\\n\n                            // selalu tampil pas Hadir).\\n\n                            const hadir = document.querySelector('input[name=\"status_guru\"]:checked')?.value === 'hadir';\\n\n                            const massal = !hadir && document.querySelector('input[name=\"tidak_hadir_sehari_penuh\"]:checked')?.value === 'ya';\\n\n                            blokMassal.hidden = !massal;\\n\n                            blokMassal.querySelectorAll('input, textarea, select').forEach((el) => { el.disabled = !massal; });\\n\n                            form.action = massal\\n\n                                ? 'http://jurnalkita.test/guru/jurnal/tidak-hadir-massal'\\n\n                                : 'http://jurnalkita.test/guru/jurnal';\\n\n\\n\n                            // Dropdown \"Kelas & Mata Pelajaran\" (blok-pilih-jadwal)\\n\n                            // disembunyikan total begitu massal aktif -- kelasnya\\n\n                            // udah ditandai lewat checklist di atas, jadi dropdown\\n\n                            // 1-kelas ini nggak relevan lagi. jadwal_id ikut\\n\n                            // di-disable biar \"required\"-nya nggak ngeblok submit.\\n\n                            // Presensi (blok-presensi) udah diurus syncStatusGuru()\\n\n                            // di atas (disembunyikan+dinonaktifkan begitu status\\n\n                            // Tidak Hadir dipilih, terlepas massal atau nggak).\\n\n                            if (blokPilihJadwal) blokPilihJadwal.hidden = massal;\\n\n                            if (jadwal) jadwal.disabled = massal;\\n\n                            syncTugasUmum();\\n\n                        }\\n\n                        document.querySelectorAll('input[name=\"tidak_hadir_sehari_penuh\"]').forEach((el) => el.addEventListener('change', syncMassal));\\n\n                        syncMassal();\\n\n\\n\n                        // Kartu kelas yang nggak dicentang -> field \"tugas khusus\"-nya\\n\n                        // ikut di-disable, biar nggak ketinggalan kesubmit walau\\n\n                        // kelasnya sendiri nggak ditandai. Minimal 1 kelas HARUS\\n\n                        // tetap tercentang -- kalau ini yang terakhir, batalin\\n\n                        // uncheck-nya (server juga nolak jadwal_ids kosong, tapi\\n\n                        // dicegah dari sini biar guru langsung ngerti kenapa).\\n\n                        const semuaCheckboxMassal = blokMassal.querySelectorAll('[data-checkbox-jadwal-massal]');\\n\n                        semuaCheckboxMassal.forEach((cb) => {\\n\n                            cb.addEventListener('change', () => {\\n\n                                if (!cb.checked && ! Array.from(semuaCheckboxMassal).some((c) => c.checked)) {\\n\n                                    cb.checked = true;\\n\n                                    alert('Pilih setidaknya satu kelas.');\\n\n                                    return;\\n\n                                }\\n\n                                const khusus = document.getElementById('tugas-khusus-' + cb.value);\\n\n                                khusus.querySelector('input').disabled = !cb.checked;\\n\n                                syncTugasUmum();\\n\n                            });\\n\n                        });\\n\n\\n\n                        // Tombol \"Tugas khusus\" -> munculin kotak teksnya, TANPA ikut\\n\n                        // nge-toggle checkbox kelas (makanya kartu di atas sengaja\\n\n                        // bukan <label> tunggal buat semuanya).\\n\n                        blokMassal.querySelectorAll('[data-toggle-khusus]').forEach((btn) => {\\n\n                            btn.addEventListener('click', () => {\\n\n                                const khusus = document.getElementById('tugas-khusus-' + btn.dataset.toggleKhusus);\\n\n                                khusus.hidden = false;\\n\n                                khusus.querySelector('input').disabled = false;\\n\n                                btn.hidden = true;\\n\n                                khusus.querySelector('input').focus();\\n\n                            });\\n\n                        });\\n\n                    }\\n\n\\n\n                    // Metode Pembelajaran \"Lainnya\" -> munculin kotak teks bebas\\n\n                    // (wajib diisi kalau \"Lainnya\" dipilih -- disabled pas\\n\n                    // disembunyiin biar required-nya nggak ikut ngeblok submit\\n\n                    // pas metode-nya BUKAN \"Lainnya\").\\n\n                    const metodeCustom = document.getElementById('metode_custom_wrap');\\n\n                    function syncMetode() {\\n\n                        const val = document.querySelector('input[name=\"metode_pilihan\"]:checked')?.value;\\n\n                        const lainnya = val === 'lainnya';\\n\n                        metodeCustom.hidden = ! lainnya;\\n\n                        metodeCustom.querySelector('input').disabled = ! lainnya;\\n\n                    }\\n\n                    document.querySelectorAll('input[name=\"metode_pilihan\"]').forEach((el) => el.addEventListener('change', syncMetode));\\n\n                    syncMetode();\\n\n                    syncTugasUmum();\\n\n                })();\\n\n            </script>\\n\n        </body>\\n\n</html>\\n\n' [UTF-8](length: 96922) contains \"Simpan Jurnal\" [ASCII](length: 13)."},{"test":"Tests\\Feature\\Guru\\JurnalTest::test_form_isi_jurnal_render_pas_mode_bebas_selamanya","file":"/Users/rania/Code/Web/Laravel/Herd/jurnalkita/tests/Feature/Guru/JurnalTest.php","line":459,"message":"Failed asserting that '<!DOCTYPE html>\\n\n<html lang=\"id\" class=\"antialiased\">\\n\n<head>\\n\n    <meta charset=\"utf-8\">\\n\n    <meta name=\"viewport\" content=\"width=device-width, initial-scale=1, viewport-fit=cover\">\\n\n    <meta name=\"theme-color\" content=\"#1B2A4A\">\\n\n    <title>Form Jurnal Mengajar \u00b7 jurnalkita</title>\\n\n\\n\n    \\n\n    <link rel=\"preload\" as=\"font\" href=\"http://jurnalkita.test/build/assets/inter-400-normal-C38fXH4l.woff2\" type=\"font/woff2\" crossorigin=\"anonymous\" />\\n\n<link rel=\"preload\" as=\"font\" href=\"http://jurnalkita.test/build/assets/inter-500-normal-Cerq10X2.woff2\" type=\"font/woff2\" crossorigin=\"anonymous\" />\\n\n<link rel=\"preload\" as=\"font\" href=\"http://jurnalkita.test/build/assets/inter-600-normal-LgqL8muc.woff2\" type=\"font/woff2\" crossorigin=\"anonymous\" />\\n\n<link rel=\"preload\" as=\"font\" href=\"http://jurnalkita.test/build/assets/inter-700-normal-Yt3aPRUw.woff2\" type=\"font/woff2\" crossorigin=\"anonymous\" />\\n\n<link rel=\"preload\" as=\"font\" href=\"http://jurnalkita.test/build/assets/inter-800-normal-BYj_oED-.woff2\" type=\"font/woff2\" crossorigin=\"anonymous\" />\\n\n<style>\\n\n@font-face {\\n\n  font-family: \"Inter\";\\n\n  font-style: normal;\\n\n  font-weight: 400;\\n\n  font-display: swap;\\n\n  src: url(\"/build/assets/inter-400-normal-C38fXH4l.woff2\") format(\"woff2\");\\n\n  unicode-range: U+0000-00FF,U+0131,U+0152-0153,U+02BB-02BC,U+02C6,U+02DA,U+02DC,U+0304,U+0308,U+0329,U+2000-206F,U+20AC,U+2122,U+2191,U+2193,U+2212,U+2215,U+FEFF,U+FFFD;\\n\n}\\n\n\\n\n@font-face {\\n\n  font-family: \"Inter\";\\n\n  font-style: normal;\\n\n  font-weight: 400;\\n\n  font-display: swap;\\n\n  src: url(\"/build/assets/inter-400-normal-CyCys3Eg.woff\") format(\"woff\");\\n\n  unicode-range: U+0000-00FF,U+0131,U+0152-0153,U+02BB-02BC,U+02C6,U+02DA,U+02DC,U+0304,U+0308,U+0329,U+2000-206F,U+20AC,U+2122,U+2191,U+2193,U+2212,U+2215,U+FEFF,U+FFFD;\\n\n}\\n\n\\n\n@font-face {\\n\n  font-family: \"Inter\";\\n\n  font-style: normal;\\n\n  font-weight: 500;\\n\n  font-display: swap;\\n\n  src: url(\"/build/assets/inter-500-normal-Cerq10X2.woff2\") format(\"woff2\");\\n\n  unicode-range: U+0000-00FF,U+0131,U+0152-0153,U+02BB-02BC,U+02C6,U+02DA,U+02DC,U+0304,U+0308,U+0329,U+2000-206F,U+20AC,U+2122,U+2191,U+2193,U+2212,U+2215,U+FEFF,U+FFFD;\\n\n}\\n\n\\n\n@font-face {\\n\n  font-family: \"Inter\";\\n\n  font-style: normal;\\n\n  font-weight: 500;\\n\n  font-display: swap;\\n\n  src: url(\"/build/assets/inter-500-normal-BL9OpVg8.woff\") format(\"woff\");\\n\n  unicode-range: U+0000-00FF,U+0131,U+0152-0153,U+02BB-02BC,U+02C6,U+02DA,U+02DC,U+0304,U+0308,U+0329,U+2000-206F,U+20AC,U+2122,U+2191,U+2193,U+2212,U+2215,U+FEFF,U+FFFD;\\n\n}\\n\n\\n\n@font-face {\\n\n  font-family: \"Inter\";\\n\n  font-style: normal;\\n\n  font-weight: 600;\\n\n  font-display: swap;\\n\n  src: url(\"/build/assets/inter-600-normal-LgqL8muc.woff2\") format(\"woff2\");\\n\n  unicode-range: U+0000-00FF,U+0131,U+0152-0153,U+02BB-02BC,U+02C6,U+02DA,U+02DC,U+0304,U+0308,U+0329,U+2000-206F,U+20AC,U+2122,U+2191,U+2193,U+2212,U+2215,U+FEFF,U+FFFD;\\n\n}\\n\n\\n\n@font-face {\\n\n  font-family: \"Inter\";\\n\n  font-style: normal;\\n\n  font-weight: 600;\\n\n  font-display: swap;\\n\n  src: url(\"/build/assets/inter-600-normal-CiBQ2DWP.woff\") format(\"woff\");\\n\n  unicode-range: U+0000-00FF,U+0131,U+0152-0153,U+02BB-02BC,U+02C6,U+02DA,U+02DC,U+0304,U+0308,U+0329,U+2000-206F,U+20AC,U+2122,U+2191,U+2193,U+2212,U+2215,U+FEFF,U+FFFD;\\n\n}\\n\n\\n\n@font-face {\\n\n  font-family: \"Inter\";\\n\n  font-style: normal;\\n\n  font-weight: 700;\\n\n  font-display: swap;\\n\n  src: url(\"/build/assets/inter-700-normal-Yt3aPRUw.woff2\") format(\"woff2\");\\n\n  unicode-range: U+0000-00FF,U+0131,U+0152-0153,U+02BB-02BC,U+02C6,U+02DA,U+02DC,U+0304,U+0308,U+0329,U+2000-206F,U+20AC,U+2122,U+2191,U+2193,U+2212,U+2215,U+FEFF,U+FFFD;\\n\n}\\n\n\\n\n@font-face {\\n\n  font-family: \"Inter\";\\n\n  font-style: normal;\\n\n  font-weight: 700;\\n\n  font-display: swap;\\n\n  src: url(\"/build/assets/inter-700-normal-BLAVimhd.woff\") format(\"woff\");\\n\n  unicode-range: U+0000-00FF,U+0131,U+0152-0153,U+02BB-02BC,U+02C6,U+02DA,U+02DC,U+0304,U+0308,U+0329,U+2000-206F,U+20AC,U+2122,U+2191,U+2193,U+2212,U+2215,U+FEFF,U+FFFD;\\n\n}\\n\n\\n\n@font-face {\\n\n  font-family: \"Inter\";\\n\n  font-style: normal;\\n\n  font-weight: 800;\\n\n  font-display: swap;\\n\n  src: url(\"/build/assets/inter-800-normal-BYj_oED-.woff2\") format(\"woff2\");\\n\n  unicode-range: U+0000-00FF,U+0131,U+0152-0153,U+02BB-02BC,U+02C6,U+02DA,U+02DC,U+0304,U+0308,U+0329,U+2000-206F,U+20AC,U+2122,U+2191,U+2193,U+2212,U+2215,U+FEFF,U+FFFD;\\n\n}\\n\n\\n\n@font-face {\\n\n  font-family: \"Inter\";\\n\n  font-style: normal;\\n\n  font-weight: 800;\\n\n  font-display: swap;\\n\n  src: url(\"/build/assets/inter-800-normal-D1mf63XC.woff\") format(\"woff\");\\n\n  unicode-range: U+0000-00FF,U+0131,U+0152-0153,U+02BB-02BC,U+02C6,U+02DA,U+02DC,U+0304,U+0308,U+0329,U+2000-206F,U+20AC,U+2122,U+2191,U+2193,U+2212,U+2215,U+FEFF,U+FFFD;\\n\n}\\n\n\\n\n:root {\\n\n  --font-inter: \"Inter\";\\n\n}\\n\n\\n\n.font-inter {\\n\n  font-family: var(--font-inter);\\n\n}\\n\n</style>\\n\n    \\n\n    <link rel=\"preconnect\" href=\"https://fonts.googleapis.com\">\\n\n    <link rel=\"preconnect\" href=\"https://fonts.gstatic.com\" crossorigin>\\n\n    <link\\n\n        href=\"https://fonts.googleapis.com/css2?family=Material+Symbols+Rounded:opsz,wght,FILL,GRAD@20..48,100..700,0..1,-50..200&display=block\"\\n\n        rel=\"stylesheet\"\\n\n    >\\n\n\\n\n    <link rel=\"preload\" as=\"style\" href=\"http://jurnalkita.test/build/assets/app-DNiD5wAK.css\" /><link rel=\"modulepreload\" as=\"script\" href=\"http://jurnalkita.test/build/assets/app-DEpmuWyn.js\" /><link rel=\"stylesheet\" href=\"http://jurnalkita.test/build/assets/app-DNiD5wAK.css\" /><script type=\"module\" src=\"http://jurnalkita.test/build/assets/app-DEpmuWyn.js\"></script>\\n\n    </head>\\n\n\\n\n<body class=\"min-h-screen bg-surface text-ink\">\\n\n    <div class=\"lg:flex lg:min-h-screen\">\\n\n        <aside class=\"hidden shrink-0 border-r border-surface-alt bg-card lg:block lg:w-64\">\\n\n    <div class=\"sticky top-0 flex h-screen flex-col px-4 py-6\">\\n\n        <a href=\"http://jurnalkita.test\" class=\"flex items-center gap-2 px-2\">\\n\n            <span class=\"flex h-9 w-9 items-center justify-center rounded-xl bg-navy text-card\">\\n\n                <span\\n\n    class=\"material-symbols-rounded select-none leading-none\"\\n\n    style=\"font-size: 20px; font-variation-settings: 'FILL' 1, 'wght' 400, 'GRAD' 0, 'opsz' 20;\"\\n\n    aria-hidden=\"true\"\\n\n>menu_book</span>\\n\n            </span>\\n\n            <span class=\"text-base font-extrabold text-ink\">jurnalkita</span>\\n\n        </a>\\n\n\\n\n                    <nav class=\"mt-8 flex flex-1 flex-col gap-1\" aria-label=\"Navigasi utama\">\\n\n                                    <a\\n\n                        href=\"http://jurnalkita.test/guru\"\\n\n                        class=\"flex items-center gap-3 rounded-lg px-3 py-2.5 text-sm font-semibold transition-colors text-muted hover:bg-surface hover:text-ink\"\\n\n                                            >\\n\n                        <span\\n\n    class=\"material-symbols-rounded select-none leading-none\"\\n\n    style=\"font-size: 20px; font-variation-settings: 'FILL' 0, 'wght' 400, 'GRAD' 0, 'opsz' 20;\"\\n\n    aria-hidden=\"true\"\\n\n>home</span>\\n\n                        <span>Beranda</span>\\n\n                    </a>\\n\n                                    <a\\n\n                        href=\"http://jurnalkita.test/guru/jurnal\"\\n\n                        class=\"flex items-center gap-3 rounded-lg px-3 py-2.5 text-sm font-semibold transition-colors text-muted hover:bg-surface hover:text-ink\"\\n\n                                            >\\n\n                        <span\\n\n    class=\"material-symbols-rounded select-none leading-none\"\\n\n    style=\"font-size: 20px; font-variation-settings: 'FILL' 0, 'wght' 400, 'GRAD' 0, 'opsz' 20;\"\\n\n    aria-hidden=\"true\"\\n\n>menu_book</span>\\n\n                        <span>Riwayat</span>\\n\n                    </a>\\n\n                                    <a\\n\n                        href=\"http://jurnalkita.test/guru/jurnal/tambah\"\\n\n                        class=\"flex items-center gap-3 rounded-lg px-3 py-2.5 text-sm font-semibold transition-colors bg-surface text-navy\"\\n\n                         aria-current=\"page\"                     >\\n\n                        <span\\n\n    class=\"material-symbols-rounded select-none leading-none\"\\n\n    style=\"font-size: 20px; font-variation-settings: 'FILL' 1, 'wght' 400, 'GRAD' 0, 'opsz' 20;\"\\n\n    aria-hidden=\"true\"\\n\n>edit_note</span>\\n\n                        <span>Isi Jurnal</span>\\n\n                    </a>\\n\n                                    <a\\n\n                        href=\"http://jurnalkita.test/guru/jadwal\"\\n\n                        class=\"flex items-center gap-3 rounded-lg px-3 py-2.5 text-sm font-semibold transition-colors text-muted hover:bg-surface hover:text-ink\"\\n\n                                            >\\n\n                        <span\\n\n    class=\"material-symbols-rounded select-none leading-none\"\\n\n    style=\"font-size: 20px; font-variation-settings: 'FILL' 0, 'wght' 400, 'GRAD' 0, 'opsz' 20;\"\\n\n    aria-hidden=\"true\"\\n\n>calendar_month</span>\\n\n                        <span>Jadwal</span>\\n\n                    </a>\\n\n                                    <a\\n\n                        href=\"http://jurnalkita.test/piket/monitor\"\\n\n                        class=\"flex items-center gap-3 rounded-lg px-3 py-2.5 text-sm font-semibold transition-colors text-muted hover:bg-surface hover:text-ink\"\\n\n                                            >\\n\n                        <span\\n\n    class=\"material-symbols-rounded select-none leading-none\"\\n\n    style=\"font-size: 20px; font-variation-settings: 'FILL' 0, 'wght' 400, 'GRAD' 0, 'opsz' 20;\"\\n\n    aria-hidden=\"true\"\\n\n>monitoring</span>\\n\n                        <span>Monitor</span>\\n\n                    </a>\\n\n                                    <a\\n\n                        href=\"http://jurnalkita.test/profil\"\\n\n                        class=\"flex items-center gap-3 rounded-lg px-3 py-2.5 text-sm font-semibold transition-colors text-muted hover:bg-surface hover:text-ink\"\\n\n                                            >\\n\n                        <span\\n\n    class=\"material-symbols-rounded select-none leading-none\"\\n\n    style=\"font-size: 20px; font-variation-settings: 'FILL' 0, 'wght' 400, 'GRAD' 0, 'opsz' 20;\"\\n\n    aria-hidden=\"true\"\\n\n>person</span>\\n\n                        <span>Profil</span>\\n\n                    </a>\\n\n                            </nav>\\n\n\\n\n            <form method=\"POST\" action=\"http://jurnalkita.test/logout\" class=\"contents\">\\n\n    <input type=\"hidden\" name=\"_token\" value=\"Zr7l8XtGobE2ZQMxcLLALFKPtVHstAmGsRTd8iYY\" autocomplete=\"off\">            <button type=\"submit\" data-confirm=\"Yakin ingin keluar?\" class=\"flex w-full items-center gap-3 rounded-lg px-3 py-2.5 text-sm font-semibold text-alpha transition-colors hover:bg-alpha-soft\">\\n\n            <span\\n\n    class=\"material-symbols-rounded select-none leading-none\"\\n\n    style=\"font-size: 20px; font-variation-settings: 'FILL' 0, 'wght' 400, 'GRAD' 0, 'opsz' 20;\"\\n\n    aria-hidden=\"true\"\\n\n>logout</span>\\n\n            Keluar\\n\n        </button>\\n\n    </form>\\n\n            </div>\\n\n</aside>\\n\n\\n\n        <div class=\"flex w-full min-w-0 flex-col\">\\n\n            <div class=\"sticky top-0 z-30\">\\n\n    <header class=\"flex items-center justify-between gap-3 border-b border-surface-alt bg-card/95 px-4 py-2.5 backdrop-blur sm:px-6 lg:px-10\">\\n\n        \\n\n        <a href=\"http://jurnalkita.test/profil\" class=\"flex min-w-0 items-center gap-2.5\">\\n\n            <span class=\"flex h-9 w-9 shrink-0 items-center justify-center rounded-full bg-navy text-xs font-bold text-card\">GL</span>\\n\n            <span class=\"flex min-w-0 flex-col leading-tight\">\\n\n                <span class=\"truncate text-sm font-semibold text-ink\">Gudrun Langworth</span>\\n\n                <span class=\"truncate text-[11px] font-bold text-muted\">Guru</span>\\n\n            </span>\\n\n        </a>\\n\n\\n\n        <div class=\"flex shrink-0 items-center gap-1.5\">\\n\n            \\n\n            \\n\n            <button type=\"button\" data-modal-open=\"modal-notifikasi\" data-ajax-url=\"http://jurnalkita.test/notifikasi/fragment\" data-notif-jumlah-url=\"http://jurnalkita.test/notifikasi/jumlah\" class=\"relative flex h-9 w-9 items-center justify-center rounded-full bg-surface-alt text-muted transition-colors hover:text-navy\" aria-label=\"Notifikasi\">\\n\n                <span\\n\n    class=\"material-symbols-rounded select-none leading-none\"\\n\n    style=\"font-size: 20px; font-variation-settings: 'FILL' 0, 'wght' 400, 'GRAD' 0, 'opsz' 20;\"\\n\n    aria-hidden=\"true\"\\n\n>notifications</span>\\n\n                <span data-notif-titik class=\"absolute right-1 top-1 flex h-2.5 w-2.5 rounded-full bg-alpha ring-2 ring-card\"  hidden ></span>\\n\n            </button>\\n\n\\n\n            \\n\n            <span class=\"lg:hidden\">\\n\n                <form method=\"POST\" action=\"http://jurnalkita.test/logout\" class=\"contents\">\\n\n    <input type=\"hidden\" name=\"_token\" value=\"Zr7l8XtGobE2ZQMxcLLALFKPtVHstAmGsRTd8iYY\" autocomplete=\"off\">            <button type=\"submit\" data-confirm=\"Yakin ingin keluar?\" class=\"flex h-9 w-9 items-center justify-center rounded-full bg-surface-alt text-muted transition-colors hover:bg-alpha-soft hover:text-alpha\" aria-label=\"Keluar\">\\n\n            <span\\n\n    class=\"material-symbols-rounded select-none leading-none\"\\n\n    style=\"font-size: 18px; font-variation-settings: 'FILL' 0, 'wght' 400, 'GRAD' 0, 'opsz' 18;\"\\n\n    aria-hidden=\"true\"\\n\n>logout</span>\\n\n        </button>\\n\n    </form>\\n\n            </span>\\n\n        </div>\\n\n    </header>\\n\n\\n\n            \\n\n        <div class=\"px-3 sm:px-6 lg:px-10\">\\n\n            <div class=\"-mt-px flex items-center justify-between gap-2 rounded-b-xl bg-navy px-3.5 py-2 text-card shadow-sm sm:rounded-b-2xl sm:px-5 sm:py-1.5\">\\n\n\\n\n                \\n\n                <p class=\"text-sm font-bold leading-tight text-card sm:text-base\">\\n\n                    Di luar jam pelajaran\\n\n                </p>\\n\n\\n\n                \\n\n                <div class=\"flex shrink-0 items-center gap-1 text-[11px] text-card sm:text-xs\">\\n\n                    <span\\n\n    class=\"material-symbols-rounded select-none leading-none shrink-0 text-card/80\"\\n\n    style=\"font-size: 11px; font-variation-settings: 'FILL' 0, 'wght' 400, 'GRAD' 0, 'opsz' 11;\"\\n\n    aria-hidden=\"true\"\\n\n>schedule</span>\\n\n                    <span class=\"hidden sm:inline\">Selasa, 6 Oktober 2026</span>\\n\n                    <span class=\"sm:hidden\">Selasa, 6 Okt</span>\\n\n                    <span class=\"text-card/60\">\u00b7</span>\\n\n                    <span class=\"tabular-nums font-mono\" data-jam-sekarang>20:32:09</span>\\n\n                </div>\\n\n            </div>\\n\n        </div>\\n\n    </div>\\n\n\\n\n\\n\n<dialog\\n\n    id=\"modal-notifikasi\"\\n\n    style=\"width: min(44rem, calc(100vw - 2rem))\"\\n\n    class=\"fixed inset-0 m-auto h-fit max-h-[calc(100dvh-2rem)] overflow-visible rounded-2xl border-0 bg-card p-0 text-ink shadow-2xl backdrop:bg-navy/30 backdrop:backdrop-blur-sm\"\\n\n>\\n\n    <div class=\"flex items-center justify-between border-b border-surface-alt px-5 py-3.5\">\\n\n        <h3 class=\"text-base font-bold text-ink\" data-modal-title>Notifikasi</h3>\\n\n        <button type=\"button\" data-modal-close class=\"flex h-8 w-8 items-center justify-center rounded-lg text-muted hover:bg-surface-alt hover:text-ink\" aria-label=\"Tutup\">\\n\n            <span\\n\n    class=\"material-symbols-rounded select-none leading-none\"\\n\n    style=\"font-size: 18px; font-variation-settings: 'FILL' 0, 'wght' 400, 'GRAD' 0, 'opsz' 18;\"\\n\n    aria-hidden=\"true\"\\n\n>close</span>\\n\n        </button>\\n\n    </div>\\n\n\\n\n    <div class=\"max-h-[calc(100dvh-8rem)] overflow-y-auto p-5\">\\n\n        <div data-modal-ajax-target></div>\\n\n    </div>\\n\n</dialog>\\n\n\\n\n\\n\n            \\n\n            \\n\n            <main class=\"mx-auto w-full max-w-[1600px] flex-1 px-4 pb-24 pt-4 sm:px-6 sm:pt-6 lg:px-10 lg:pb-16 lg:pt-10\">\\n\n                                                                                                                            \\n\n                <div class=\"mb-5\">\\n\n    \\n\n    <header class=\"flex flex-col items-stretch sm:flex-row sm:items-start gap-3\">\\n\n        \\n\n        <div class=\"flex flex-1 min-w-0 items-start gap-3\">\\n\n                        <div class=\"flex flex-1 flex-col gap-0.5 min-w-0\">\\n\n                                    <h1 class=\"break-words font-bold leading-tight text-ink text-base lg:text-lg\">Isi Jurnal</h1>\\n\n                                                    <p class=\"min-w-0 break-words text-sm leading-snug text-muted lg:text-[15px]\">Isi jurnal mengajar dan kehadiran siswa dalam satu langkah</p>\\n\n                            </div>\\n\n        </div>\\n\n\\n\n            </header>\\n\n</div>\\n\n\\n\n            <div class=\"mb-4 rounded-2xl border border-surface-alt bg-card p-3 sm:p-4 shadow-[var(--shadow-soft)]\">\\n\n            <div class=\"flex flex-col sm:flex-row sm:items-center sm:justify-between gap-3\">\\n\n                <div class=\"flex items-center gap-2.5\">\\n\n                    <span class=\"flex h-9 w-9 shrink-0 items-center justify-center rounded-xl bg-surface-alt text-navy\">\\n\n                        <span\\n\n    class=\"material-symbols-rounded select-none leading-none\"\\n\n    style=\"font-size: 20px; font-variation-settings: 'FILL' 0, 'wght' 400, 'GRAD' 0, 'opsz' 20;\"\\n\n    aria-hidden=\"true\"\\n\n>history_edu</span>\\n\n                    </span>\\n\n                    <div>\\n\n                        <h3 class=\"text-sm font-bold text-ink\">Pilih Tanggal Jurnal</h3>\\n\n                        <p class=\"text-xs text-muted\">Pilih tanggal hari ini atau sebelumnya.</p>\\n\n                    </div>\\n\n                </div>\\n\n                <div class=\"flex items-center gap-2\">\\n\n                    <label for=\"pilih_tanggal_jurnal\" class=\"text-xs font-semibold text-muted whitespace-nowrap\">Tanggal:</label>\\n\n                    <input\\n\n                        type=\"date\"\\n\n                        id=\"pilih_tanggal_jurnal\"\\n\n                        value=\"2026-10-01\"\\n\n                        max=\"2026-10-06\"\\n\n                        class=\"rounded-xl border border-surface-alt bg-surface-alt/70 px-3 py-1.5 text-xs font-bold text-ink focus:border-navy focus:outline-none cursor-pointer\"\\n\n                    >\\n\n                </div>\\n\n            </div>\\n\n        </div>\\n\n    \\n\n    \\n\n                <form id=\"form-jurnal\" method=\"POST\" action=\"http://jurnalkita.test/guru/jurnal\" enctype=\"multipart/form-data\">\\n\n            <input type=\"hidden\" name=\"_token\" value=\"Zr7l8XtGobE2ZQMxcLLALFKPtVHstAmGsRTd8iYY\" autocomplete=\"off\">            <input type=\"hidden\" name=\"tanggal\" value=\"2026-10-01\">\\n\n\\n\n            \\n\n            <div class=\"mb-4 grid grid-cols-1 gap-4 sm:grid-cols-2\">\\n\n                <div class=\"flex items-center gap-2 rounded-xl bg-surface-alt px-3.5 py-3\">\\n\n                    <span\\n\n    class=\"material-symbols-rounded select-none leading-none text-navy\"\\n\n    style=\"font-size: 18px; font-variation-settings: 'FILL' 0, 'wght' 400, 'GRAD' 0, 'opsz' 18;\"\\n\n    aria-hidden=\"true\"\\n\n>person</span>\\n\n                    <span class=\"text-sm font-semibold text-ink\">Gudrun Langworth</span>\\n\n                </div>\\n\n                <div class=\"flex items-center gap-2 rounded-xl bg-surface-alt px-3.5 py-3\">\\n\n                    <span\\n\n    class=\"material-symbols-rounded select-none leading-none text-navy\"\\n\n    style=\"font-size: 18px; font-variation-settings: 'FILL' 0, 'wght' 400, 'GRAD' 0, 'opsz' 18;\"\\n\n    aria-hidden=\"true\"\\n\n>calendar_month</span>\\n\n                    <span class=\"text-sm font-semibold text-ink\">\\n\n                        01 Okt 2026\\n\n                                                    <span class=\"text-xs font-normal text-muted-2\">(Susulan )</span>\\n\n                                            </span>\\n\n                </div>\\n\n            </div>\\n\n\\n\n            \\n\n                        <div class=\"flex flex-col gap-1.5\">\\n\n            <label  class=\"text-sm font-semibold text-ink\">\\n\n    Status Kehadiran Anda\\n\n    </label>\\n\n    \\n\n    <div class=\"flex flex-wrap gap-1.5\" role=\"radiogroup\"  aria-label=\"Status Kehadiran Anda\" >\\n\n                                <label class=\"grow basis-20 select-none cursor-pointer\">\\n\n                <input\\n\n                    type=\"radio\"\\n\n                    name=\"status_guru\"\\n\n                    value=\"hadir\"\\n\n                    checked                                                            class=\"peer sr-only\"\\n\n                >\\n\n                <span class=\"flex w-full items-center justify-center rounded-lg border border-surface-alt bg-card text-center font-semibold text-muted-2 transition-colors peer-focus-visible:ring-2 peer-focus-visible:ring-navy/40 px-3.5 py-2.5 text-[13px] peer-checked:border-hadir peer-checked:bg-hadir-soft peer-checked:text-hadir\">\\n\n                    Hadir\\n\n                </span>\\n\n            </label>\\n\n                                <label class=\"grow basis-20 select-none cursor-pointer\">\\n\n                <input\\n\n                    type=\"radio\"\\n\n                    name=\"status_guru\"\\n\n                    value=\"tidak_hadir\"\\n\n                                                                                class=\"peer sr-only\"\\n\n                >\\n\n                <span class=\"flex w-full items-center justify-center rounded-lg border border-surface-alt bg-card text-center font-semibold text-muted-2 transition-colors peer-focus-visible:ring-2 peer-focus-visible:ring-navy/40 px-3.5 py-2.5 text-[13px] peer-checked:border-alpha peer-checked:bg-alpha-soft peer-checked:text-alpha\">\\n\n                    Tidak Hadir\\n\n                </span>\\n\n            </label>\\n\n            </div>\\n\n</div>\\n\n\\n\n            <div id=\"blok-tidak-hadir\" class=\"mt-2 flex flex-col gap-4\"  hidden >\\n\n                \\n\n                <div class=\"flex flex-col gap-1.5\">\\n\n            <label  class=\"text-sm font-semibold text-ink\">\\n\n    Alasan\\n\n            <span class=\"text-alpha\" aria-hidden=\"true\">*</span>\\n\n        <span class=\"sr-only\">(wajib diisi)</span>\\n\n    </label>\\n\n    \\n\n    <div class=\"flex flex-wrap gap-1.5\" role=\"radiogroup\"  aria-label=\"Alasan\" >\\n\n                                <label class=\"grow basis-20 select-none cursor-pointer\">\\n\n                <input\\n\n                    type=\"radio\"\\n\n                    name=\"alasan\"\\n\n                    value=\"sakit\"\\n\n                                                            required                    class=\"peer sr-only\"\\n\n                >\\n\n                <span class=\"flex w-full items-center justify-center rounded-lg border border-surface-alt bg-card text-center font-semibold text-muted-2 transition-colors peer-focus-visible:ring-2 peer-focus-visible:ring-navy/40 px-3.5 py-2.5 text-[13px] peer-checked:border-navy peer-checked:bg-navy peer-checked:text-card\">\\n\n                    Sakit\\n\n                </span>\\n\n            </label>\\n\n                                <label class=\"grow basis-20 select-none cursor-pointer\">\\n\n                <input\\n\n                    type=\"radio\"\\n\n                    name=\"alasan\"\\n\n                    value=\"izin\"\\n\n                                                            required                    class=\"peer sr-only\"\\n\n                >\\n\n                <span class=\"flex w-full items-center justify-center rounded-lg border border-surface-alt bg-card text-center font-semibold text-muted-2 transition-colors peer-focus-visible:ring-2 peer-focus-visible:ring-navy/40 px-3.5 py-2.5 text-[13px] peer-checked:border-navy peer-checked:bg-navy peer-checked:text-card\">\\n\n                    Izin\\n\n                </span>\\n\n            </label>\\n\n            </div>\\n\n</div>\\n\n\\n\n                \\n\n                \\n\n                <div class=\"flex flex-col gap-1.5\">\\n\n            <label  for=\"foto_bukti_tidak_hadir\"  class=\"text-sm font-semibold text-ink\">\\n\n    Surat Izin/Sakit (opsional)\\n\n    </label>\\n\n    \\n\n    <label\\n\n        for=\"foto_bukti_tidak_hadir\"\\n\n        class=\"flex min-h-40 w-full cursor-pointer flex-col items-center justify-center gap-1.5 rounded-xl border border-dashed bg-card px-5 py-6 text-center transition-colors hover:border-navy border-[#B8C4D9]\"\\n\n    >\\n\n        <span\\n\n    class=\"material-symbols-rounded select-none leading-none text-navy\"\\n\n    style=\"font-size: 28px; font-variation-settings: 'FILL' 0, 'wght' 400, 'GRAD' 0, 'opsz' 28;\"\\n\n    aria-hidden=\"true\"\\n\n>add_photo_alternate</span>\\n\n        <span class=\"text-xs font-semibold text-navy\">Lampirkan Surat / Foto Bukti</span>\\n\n                    <span class=\"text-[11px] text-muted-2\">JPG, PNG, atau PDF</span>\\n\n                \\n\n        <input\\n\n            type=\"file\"\\n\n            name=\"foto_bukti\"\\n\n            id=\"foto_bukti_tidak_hadir\"\\n\n            accept=\"image/*,application/pdf\"\\n\n                                    class=\"sr-only\"\\n\n            data-upload-input\\n\n        >\\n\n    </label>\\n\n\\n\n    </div>\\n\n\\n\n                            </div>\\n\n\\n\n            \\n\n            \\n\n            <div id=\"blok-pilih-jadwal\" class=\"mt-4 flex flex-col gap-2\">\\n\n                                    \\n\n                    <div class=\"flex flex-col gap-1.5\">\\n\n            <label  for=\"jadwal_id\"  class=\"text-sm font-semibold text-ink\">\\n\n    Kelas &amp; Mata Pelajaran\\n\n            <span class=\"text-alpha\" aria-hidden=\"true\">*</span>\\n\n        <span class=\"sr-only\">(wajib diisi)</span>\\n\n    </label>\\n\n    \\n\n    <div class=\"relative\">\\n\n        <select\\n\n             name=\"jadwal_id\"             id=\"jadwal_id\"\\n\n            class=\"h-[52px] w-full cursor-pointer appearance-none rounded-xl border border-surface-alt bg-card px-4 pr-11 text-[15px] text-ink outline-none transition-colors focus:border-navy\" required=\"required\"\\n\n        >\\n\n            <option value=\"\" disabled  hidden>Pilih jadwal</option>\\n\n                                                    <option value=\"1\"\\n\n                                data-mulai=\"1\" data-selesai=\"2\"\\n\n                                data-mulai-jam=\"\"\\n\n                                data-selesai-jam=\"\"\\n\n                                selected>\\n\n                                X RPL 1 \u00b7 Matematika \u2014 Senin\\n\n                            </option>\\n\n        </select>\\n\n        <span\\n\n    class=\"material-symbols-rounded select-none leading-none pointer-events-none absolute right-3.5 top-1/2 -translate-y-1/2 text-muted\"\\n\n    style=\"font-size: 22px; font-variation-settings: 'FILL' 0, 'wght' 400, 'GRAD' 0, 'opsz' 22;\"\\n\n    aria-hidden=\"true\"\\n\n>expand_more</span>\\n\n    </div>\\n\n\\n\n    </div>\\n\n                            </div>\\n\n\\n\n            <div class=\"mt-4\">\\n\n\\n\n            \\n\n            <div id=\"tampilan-jam-wrap\">\\n\n                <div class=\"flex flex-col gap-1.5\">\\n\n            <p class=\"text-xs font-semibold text-muted-2\">Jam Pelajaran</p>\\n\n    \\n\n    <div class=\"flex min-w-0 items-start gap-2 text-[15px] text-ink min-h-[52px] rounded-xl border border-surface-alt bg-surface-alt px-4 py-3\">\\n\n                    <span\\n\n    class=\"material-symbols-rounded select-none leading-none shrink-0 text-muted-2\"\\n\n    style=\"font-size: 20px; font-variation-settings: 'FILL' 0, 'wght' 400, 'GRAD' 0, 'opsz' 20;\"\\n\n    aria-hidden=\"true\"\\n\n>schedule</span>\\n\n                <span class=\"min-w-0 flex-1 whitespace-pre-line break-words\"><span id=\"tampilan-jam\">\\n\n                        Jam ke-1 sampai ke-2\\n\n                                            </span></span>\\n\n    </div>\\n\n</div>\\n\n                <input type=\"hidden\" name=\"jam_ke_mulai\" id=\"jam_ke_mulai\" value=\"1\">\\n\n                <input type=\"hidden\" name=\"jam_ke_selesai\" id=\"jam_ke_selesai\" value=\"2\">\\n\n            </div>\\n\n\\n\n            \\n\n            \\n\n            </div>\\n\n\\n\n            \\n\n            <div id=\"blok-tugas-tidak-hadir\" class=\"mt-4\"  hidden >\\n\n                <div class=\"flex flex-col gap-1.5\">\\n\n            <label  for=\"tugas_tambahan\"  class=\"text-sm font-semibold text-ink\">\\n\n    Tugas untuk Siswa\\n\n            <span class=\"text-alpha\" aria-hidden=\"true\">*</span>\\n\n        <span class=\"sr-only\">(wajib diisi)</span>\\n\n    </label>\\n\n    \\n\n    <textarea\\n\n         name=\"tugas_tambahan\"         id=\"tugas_tambahan\"\\n\n        rows=\"2\"\\n\n        class=\"w-full resize-y rounded-xl border border-surface-alt bg-card px-4 py-3 text-[15px] text-ink outline-none transition-colors placeholder:text-placeholder focus:border-navy\" placeholder=\"Kerjakan LKS halaman...\" required=\"required\"\\n\n    ></textarea>\\n\n\\n\n    </div>\\n\n            </div>\\n\n\\n\n            \\n\n            <div id=\"blok-hadir\" class=\"mt-4 flex flex-col gap-4\" >\\n\n                <div class=\"flex flex-col gap-1.5\">\\n\n            <label  for=\"materi\"  class=\"text-sm font-semibold text-ink\">\\n\n    Materi\\n\n            <span class=\"text-alpha\" aria-hidden=\"true\">*</span>\\n\n        <span class=\"sr-only\">(wajib diisi)</span>\\n\n    </label>\\n\n    \\n\n    <textarea\\n\n         name=\"materi\"         id=\"materi\"\\n\n        rows=\"3\"\\n\n        class=\"w-full resize-y rounded-xl border border-surface-alt bg-card px-4 py-3 text-[15px] text-ink outline-none transition-colors placeholder:text-placeholder focus:border-navy\" placeholder=\"Materi yang diajarkan...\" required=\"required\"\\n\n    ></textarea>\\n\n\\n\n    </div>\\n\n\\n\n                <div class=\"flex flex-col gap-1.5\">\\n\n                    <div class=\"flex flex-col gap-1.5\">\\n\n            <label  class=\"text-sm font-semibold text-ink\">\\n\n    Metode Pembelajaran\\n\n            <span class=\"text-alpha\" aria-hidden=\"true\">*</span>\\n\n        <span class=\"sr-only\">(wajib diisi)</span>\\n\n    </label>\\n\n    \\n\n    <div class=\"flex flex-wrap gap-1.5\" role=\"radiogroup\"  aria-label=\"Metode Pembelajaran\" >\\n\n                                <label class=\"grow basis-20 select-none cursor-pointer\">\\n\n                <input\\n\n                    type=\"radio\"\\n\n                    name=\"metode_pilihan\"\\n\n                    value=\"ceramah\"\\n\n                                                            required                    class=\"peer sr-only\"\\n\n                >\\n\n                <span class=\"flex w-full items-center justify-center rounded-lg border border-surface-alt bg-card text-center font-semibold text-muted-2 transition-colors peer-focus-visible:ring-2 peer-focus-visible:ring-navy/40 px-3.5 py-2.5 text-[13px] peer-checked:border-navy peer-checked:bg-navy peer-checked:text-card\">\\n\n                    Ceramah\\n\n                </span>\\n\n            </label>\\n\n                                <label class=\"grow basis-20 select-none cursor-pointer\">\\n\n                <input\\n\n                    type=\"radio\"\\n\n                    name=\"metode_pilihan\"\\n\n                    value=\"diskusi\"\\n\n                                                            required                    class=\"peer sr-only\"\\n\n                >\\n\n                <span class=\"flex w-full items-center justify-center rounded-lg border border-surface-alt bg-card text-center font-semibold text-muted-2 transition-colors peer-focus-visible:ring-2 peer-focus-visible:ring-navy/40 px-3.5 py-2.5 text-[13px] peer-checked:border-navy peer-checked:bg-navy peer-checked:text-card\">\\n\n                    Diskusi\\n\n                </span>\\n\n            </label>\\n\n                                <label class=\"grow basis-20 select-none cursor-pointer\">\\n\n                <input\\n\n                    type=\"radio\"\\n\n                    name=\"metode_pilihan\"\\n\n                    value=\"praktik\"\\n\n                                                            required                    class=\"peer sr-only\"\\n\n                >\\n\n                <span class=\"flex w-full items-center justify-center rounded-lg border border-surface-alt bg-card text-center font-semibold text-muted-2 transition-colors peer-focus-visible:ring-2 peer-focus-visible:ring-navy/40 px-3.5 py-2.5 text-[13px] peer-checked:border-navy peer-checked:bg-navy peer-checked:text-card\">\\n\n                    Praktik\\n\n                </span>\\n\n            </label>\\n\n                                <label class=\"grow basis-20 select-none cursor-pointer\">\\n\n                <input\\n\n                    type=\"radio\"\\n\n                    name=\"metode_pilihan\"\\n\n                    value=\"ulangan\"\\n\n                                                            required                    class=\"peer sr-only\"\\n\n                >\\n\n                <span class=\"flex w-full items-center justify-center rounded-lg border border-surface-alt bg-card text-center font-semibold text-muted-2 transition-colors peer-focus-visible:ring-2 peer-focus-visible:ring-navy/40 px-3.5 py-2.5 text-[13px] peer-checked:border-navy peer-checked:bg-navy peer-checked:text-card\">\\n\n                    Ulangan/Tes\\n\n                </span>\\n\n            </label>\\n\n                                <label class=\"grow basis-20 select-none cursor-pointer\">\\n\n                <input\\n\n                    type=\"radio\"\\n\n                    name=\"metode_pilihan\"\\n\n                    value=\"presentasi\"\\n\n                                                            required                    class=\"peer sr-only\"\\n\n                >\\n\n                <span class=\"flex w-full items-center justify-center rounded-lg border border-surface-alt bg-card text-center font-semibold text-muted-2 transition-colors peer-focus-visible:ring-2 peer-focus-visible:ring-navy/40 px-3.5 py-2.5 text-[13px] peer-checked:border-navy peer-checked:bg-navy peer-checked:text-card\">\\n\n                    Presentasi\\n\n                </span>\\n\n            </label>\\n\n                                <label class=\"grow basis-20 select-none cursor-pointer\">\\n\n                <input\\n\n                    type=\"radio\"\\n\n                    name=\"metode_pilihan\"\\n\n                    value=\"lainnya\"\\n\n                                                            required                    class=\"peer sr-only\"\\n\n                >\\n\n                <span class=\"flex w-full items-center justify-center rounded-lg border border-surface-alt bg-card text-center font-semibold text-muted-2 transition-colors peer-focus-visible:ring-2 peer-focus-visible:ring-navy/40 px-3.5 py-2.5 text-[13px] peer-checked:border-navy peer-checked:bg-navy peer-checked:text-card\">\\n\n                    Lainnya\\n\n                </span>\\n\n            </label>\\n\n            </div>\\n\n</div>\\n\n                    <div id=\"metode_custom_wrap\" hidden>\\n\n                        <div class=\"flex flex-col gap-1.5\">\\n\n    \\n\n    \\n\n    <div class=\"flex h-[52px] items-center gap-2 rounded-xl border border-surface-alt bg-card px-4 transition-colors focus-within:border-navy has-[:disabled]:bg-surface-alt has-[[readonly]]:bg-surface-alt \">\\n\n        \\n\n        <input\\n\n            type=\"text\"\\n\n             name=\"metode_custom\"             id=\"metode_custom\"\\n\n            class=\"w-full border-none bg-transparent text-[15px] text-ink outline-none placeholder:text-placeholder disabled:cursor-not-allowed disabled:text-muted-2 read-only:cursor-not-allowed read-only:text-muted-2\" placeholder=\"Tulis metode lainnya...\" value=\"\" required=\"required\"\\n\n        >\\n\n\\n\n        \\n\n        \\n\n    </div>\\n\n\\n\n                </div>\\n\n                    </div>\\n\n                </div>\\n\n\\n\n                                    \\n\n                    <div class=\"flex flex-col gap-1.5\" data-kamera-wrap>\\n\n            <label  for=\"foto_bukti\"  class=\"text-sm font-semibold text-ink\">\\n\n    Foto Suasana Kelas\\n\n    </label>\\n\n    \\n\n    <input type=\"file\" name=\"foto_bukti\" id=\"foto_bukti\" accept=\"image/*\" class=\"sr-only\" data-kamera-input >\\n\n\\n\n    <div class=\"flex min-h-40 w-full flex-col items-center justify-center gap-1.5 rounded-xl border border-dashed bg-card px-5 py-6 text-center border-[#B8C4D9]\">\\n\n        <img data-kamera-img hidden alt=\"Pratinjau foto suasana kelas\" class=\"max-h-56 w-full rounded-lg object-cover\">\\n\n\\n\n        <div data-kamera-placeholder class=\"flex flex-col items-center gap-1.5\">\\n\n            <span\\n\n    class=\"material-symbols-rounded select-none leading-none text-navy\"\\n\n    style=\"font-size: 28px; font-variation-settings: 'FILL' 0, 'wght' 400, 'GRAD' 0, 'opsz' 28;\"\\n\n    aria-hidden=\"true\"\\n\n>photo_camera</span>\\n\n            <span class=\"text-xs font-semibold text-navy\">Wajib buka kamera</span>\\n\n                            <span class=\"text-[11px] text-muted-2\">Opsional untuk tanggal sebelumnya.</span>\\n\n                        <button type=\"button\" data-modal-open=\"modal-kamera-foto_bukti\" data-kamera-buka class=\"press mt-2 inline-flex items-center gap-1.5 rounded-lg bg-navy px-3.5 py-2 text-xs font-bold text-card\">\\n\n                <span\\n\n    class=\"material-symbols-rounded select-none leading-none\"\\n\n    style=\"font-size: 15px; font-variation-settings: 'FILL' 0, 'wght' 400, 'GRAD' 0, 'opsz' 15;\"\\n\n    aria-hidden=\"true\"\\n\n>photo_camera</span>\\n\n Buka Kamera\\n\n            </button>\\n\n        </div>\\n\n\\n\n        <button type=\"button\" data-modal-open=\"modal-kamera-foto_bukti\" data-kamera-buka data-kamera-ulang hidden class=\"press mt-2 inline-flex items-center gap-1.5 rounded-lg bg-surface-alt px-3.5 py-2 text-xs font-bold text-ink\">\\n\n            <span\\n\n    class=\"material-symbols-rounded select-none leading-none\"\\n\n    style=\"font-size: 15px; font-variation-settings: 'FILL' 0, 'wght' 400, 'GRAD' 0, 'opsz' 15;\"\\n\n    aria-hidden=\"true\"\\n\n>refresh</span>\\n\n Ambil Ulang\\n\n        </button>\\n\n    </div>\\n\n\\n\n    \\n\n    <dialog\\n\n    id=\"modal-kamera-foto_bukti\"\\n\n    style=\"width: min(32rem, calc(100vw - 2rem))\"\\n\n    class=\"fixed inset-0 m-auto h-fit max-h-[calc(100dvh-2rem)] overflow-visible rounded-2xl border-0 bg-card p-0 text-ink shadow-2xl backdrop:bg-navy/30 backdrop:backdrop-blur-sm\"\\n\n>\\n\n    <div class=\"flex items-center justify-between border-b border-surface-alt px-5 py-3.5\">\\n\n        <h3 class=\"text-base font-bold text-ink\" data-modal-title>Ambil Foto Suasana Kelas</h3>\\n\n        <button type=\"button\" data-modal-close class=\"flex h-8 w-8 items-center justify-center rounded-lg text-muted hover:bg-surface-alt hover:text-ink\" aria-label=\"Tutup\">\\n\n            <span\\n\n    class=\"material-symbols-rounded select-none leading-none\"\\n\n    style=\"font-size: 18px; font-variation-settings: 'FILL' 0, 'wght' 400, 'GRAD' 0, 'opsz' 18;\"\\n\n    aria-hidden=\"true\"\\n\n>close</span>\\n\n        </button>\\n\n    </div>\\n\n\\n\n    <div class=\"max-h-[calc(100dvh-8rem)] overflow-y-auto p-5\">\\n\n        <div class=\"flex flex-col gap-3\">\\n\n            \\n\n            <div data-kamera-box class=\"relative flex max-h-[50vh] items-center justify-center overflow-hidden rounded-xl bg-ink transition-[max-height]\">\\n\n                <video data-kamera-video hidden autoplay playsinline muted class=\"max-h-[50vh] w-full object-contain\"></video>\\n\n                <canvas data-kamera-canvas hidden></canvas>\\n\n                <p data-kamera-error hidden class=\"flex aspect-[4/3] w-full flex-col items-center justify-center gap-2 px-6 text-center text-sm font-semibold text-card\">\\n\n                    Nggak bisa buka kamera. Pastikan izin kamera diaktifkan buat browser ini, lalu coba lagi.\\n\n                </p>\\n\n                \\n\n                <button type=\"button\" data-kamera-ganti hidden\\n\n                    class=\"press absolute right-2.5 top-2.5 flex h-9 w-9 items-center justify-center rounded-full bg-ink/60 text-card\"\\n\n                    aria-label=\"Ganti kamera depan/belakang\">\\n\n                    <span\\n\n    class=\"material-symbols-rounded select-none leading-none\"\\n\n    style=\"font-size: 18px; font-variation-settings: 'FILL' 0, 'wght' 400, 'GRAD' 0, 'opsz' 18;\"\\n\n    aria-hidden=\"true\"\\n\n>cameraswitch</span>\\n\n                </button>\\n\n                \\n\n                <button type=\"button\" data-kamera-perbesar hidden\\n\n                    class=\"press absolute right-2.5 bottom-2.5 flex h-9 w-9 items-center justify-center rounded-full bg-ink/60 text-card\"\\n\n                    aria-label=\"Perbesar tampilan kamera\">\\n\n                    <span\\n\n    class=\"material-symbols-rounded select-none leading-none\"\\n\n    style=\"font-size: 18px; font-variation-settings: 'FILL' 0, 'wght' 400, 'GRAD' 0, 'opsz' 18;\"\\n\n    aria-hidden=\"true\"\\n\n>fullscreen</span>\\n\n                </button>\\n\n            </div>\\n\n            <button type=\"button\" data-kamera-jepret class=\"press flex h-11 w-full items-center justify-center gap-2 rounded-xl bg-navy text-sm font-bold text-card\">\\n\n                <span\\n\n    class=\"material-symbols-rounded select-none leading-none\"\\n\n    style=\"font-size: 18px; font-variation-settings: 'FILL' 0, 'wght' 400, 'GRAD' 0, 'opsz' 18;\"\\n\n    aria-hidden=\"true\"\\n\n>photo_camera</span>\\n\n Jepret\\n\n            </button>\\n\n        </div>\\n\n    </div>\\n\n</dialog>\\n\n\\n\n</div>\\n\n                            </div>\\n\n\\n\n                            \\n\n                <div id=\"blok-presensi\" >\\n\n                    <div class=\"mt-6\">\\n\n    <h2 class=\"mb-1 text-sm font-bold text-ink\">Presensi (2 siswa)</h2>\\n\n    <p class=\"mb-3 text-xs text-muted-2\">Periksa status siswa. Cari nama untuk mengubah kehadiran; catatan sebelumnya sudah terisi.</p>\\n\n\\n\n    \\n\n    <div class=\"relative\">\\n\n        <div class=\"flex h-10 items-center gap-2 rounded-lg border border-surface-alt bg-card px-3\" data-search-bar>\\n\n    <span\\n\n    class=\"material-symbols-rounded select-none leading-none shrink-0 text-muted\"\\n\n    style=\"font-size: 16px; font-variation-settings: 'FILL' 0, 'wght' 400, 'GRAD' 0, 'opsz' 16;\"\\n\n    aria-hidden=\"true\"\\n\n>search</span>\\n\n    <input\\n\n        type=\"text\"\\n\n        name=\"q\"\\n\n        placeholder=\"Cari nama siswa\u2026\"\\n\n        data-search-input\\n\n        class=\"w-full border-none bg-transparent text-sm text-ink outline-none placeholder:text-muted\" id=\"cari-siswa\"\\n\n    >\\n\n    <button\\n\n        type=\"button\"\\n\n        data-search-reset\\n\n        hidden\\n\n        class=\"flex shrink-0 items-center text-muted hover:text-alpha\"\\n\n        aria-label=\"Hapus pencarian\"\\n\n    >\\n\n        <span\\n\n    class=\"material-symbols-rounded select-none leading-none shrink-0\"\\n\n    style=\"font-size: 16px; font-variation-settings: 'FILL' 0, 'wght' 400, 'GRAD' 0, 'opsz' 16;\"\\n\n    aria-hidden=\"true\"\\n\n>close</span>\\n\n    </button>\\n\n</div>\\n\n\\n\n            <div\\n\n            id=\"hasil-cari-siswa\"\\n\n            hidden\\n\n            class=\"absolute z-20 mt-1 max-h-64 w-full overflow-y-auto rounded-xl border border-surface-alt bg-card py-1 shadow-lg\"\\n\n        ></div>\\n\n    </div>\\n\n\\n\n    <div class=\"mt-2 flex items-center justify-between gap-2\">\\n\n        <p class=\"text-xs text-muted-2\" id=\"jumlah-tampil\"></p>\\n\n        \\n\n        <label class=\"flex shrink-0 cursor-pointer items-center gap-1.5 text-xs font-semibold text-navy\">\\n\n            <input type=\"checkbox\" id=\"tampilkan-tidak-hadir-saja\" class=\"h-3.5 w-3.5 rounded border-surface-alt text-navy focus:ring-navy\">\\n\n            Hanya tidak hadir\\n\n        </label>\\n\n    </div>\\n\n\\n\n    \\n\n    <div class=\"mt-2 max-h-[38vh] overflow-y-auto rounded-2xl border border-surface-alt bg-surface-alt/40 p-3 sm:max-h-[50vh]\" style=\"transform: translateZ(0);\">\\n\n        \\n\n        <div class=\"grid grid-cols-1 gap-3 lg:grid-cols-2\" data-grid-presensi>\\n\n                                            <div\\n\n                    class=\"flex flex-col gap-2.5 rounded-2xl bg-card p-3 shadow-[var(--shadow-soft)]\"\\n\n                    data-siswa-row\\n\n                    data-nama=\"a\"\\n\n                    data-no-absen=\"1\"\\n\n                >\\n\n                    <div class=\"flex items-center gap-2.5\">\\n\n                        <span class=\"flex h-10 w-10 items-center justify-center rounded-full text-sm font-bold bg-izin-soft text-izin\">\\n\n    1\\n\n</span>\\n\n                        <div class=\"flex min-w-0 flex-col\">\\n\n                            <span class=\"truncate text-sm font-semibold text-ink\">A</span>\\n\n                                                    </div>\\n\n                    </div>\\n\n\\n\n                    <div class=\"flex flex-col gap-1.5\">\\n\n    \\n\n    <div class=\"flex flex-wrap gap-1.5\" role=\"radiogroup\" >\\n\n                                <label class=\"grow basis-20 select-none cursor-pointer\">\\n\n                <input\\n\n                    type=\"radio\"\\n\n                    name=\"presensi[1][status]\"\\n\n                    value=\"hadir\"\\n\n                    checked                                                            class=\"peer sr-only\"\\n\n                >\\n\n                <span class=\"flex w-full items-center justify-center rounded-lg border border-surface-alt bg-card text-center font-semibold text-muted-2 transition-colors peer-focus-visible:ring-2 peer-focus-visible:ring-navy/40 px-2.5 py-1.5 text-xs peer-checked:border-hadir peer-checked:bg-hadir-soft peer-checked:text-hadir\">\\n\n                    Hadir\\n\n                </span>\\n\n            </label>\\n\n                                <label class=\"grow basis-20 select-none cursor-pointer\">\\n\n                <input\\n\n                    type=\"radio\"\\n\n                    name=\"presensi[1][status]\"\\n\n                    value=\"sakit\"\\n\n                                                                                class=\"peer sr-only\"\\n\n                >\\n\n                <span class=\"flex w-full items-center justify-center rounded-lg border border-surface-alt bg-card text-center font-semibold text-muted-2 transition-colors peer-focus-visible:ring-2 peer-focus-visible:ring-navy/40 px-2.5 py-1.5 text-xs peer-checked:border-sakit peer-checked:bg-sakit-soft peer-checked:text-sakit\">\\n\n                    Sakit\\n\n                </span>\\n\n            </label>\\n\n                                <label class=\"grow basis-20 select-none cursor-pointer\">\\n\n                <input\\n\n                    type=\"radio\"\\n\n                    name=\"presensi[1][status]\"\\n\n                    value=\"izin\"\\n\n                                                                                class=\"peer sr-only\"\\n\n                >\\n\n                <span class=\"flex w-full items-center justify-center rounded-lg border border-surface-alt bg-card text-center font-semibold text-muted-2 transition-colors peer-focus-visible:ring-2 peer-focus-visible:ring-navy/40 px-2.5 py-1.5 text-xs peer-checked:border-izin peer-checked:bg-izin-soft peer-checked:text-izin\">\\n\n                    Izin\\n\n                </span>\\n\n            </label>\\n\n                                <label class=\"grow basis-20 select-none cursor-pointer\">\\n\n                <input\\n\n                    type=\"radio\"\\n\n                    name=\"presensi[1][status]\"\\n\n                    value=\"alpha\"\\n\n                                                                                class=\"peer sr-only\"\\n\n                >\\n\n                <span class=\"flex w-full items-center justify-center rounded-lg border border-surface-alt bg-card text-center font-semibold text-muted-2 transition-colors peer-focus-visible:ring-2 peer-focus-visible:ring-navy/40 px-2.5 py-1.5 text-xs peer-checked:border-alpha peer-checked:bg-alpha-soft peer-checked:text-alpha\">\\n\n                    Alpha\\n\n                </span>\\n\n            </label>\\n\n                                <label class=\"grow basis-20 select-none cursor-pointer\">\\n\n                <input\\n\n                    type=\"radio\"\\n\n                    name=\"presensi[1][status]\"\\n\n                    value=\"dispensasi\"\\n\n                                                                                class=\"peer sr-only\"\\n\n                >\\n\n                <span class=\"flex w-full items-center justify-center rounded-lg border border-surface-alt bg-card text-center font-semibold text-muted-2 transition-colors peer-focus-visible:ring-2 peer-focus-visible:ring-navy/40 px-2.5 py-1.5 text-xs peer-checked:border-dispen peer-checked:bg-dispen-soft peer-checked:text-dispen\">\\n\n                    Dispensasi\\n\n                </span>\\n\n            </label>\\n\n            </div>\\n\n</div>\\n\n\\n\n                    <div class=\"border-t border-surface-alt pt-2.5\">\\n\n                        <button\\n\n                            type=\"button\"\\n\n                            data-toggle-catatan=\"catatan-1\"\\n\n                            class=\"flex items-center gap-1 text-xs font-semibold text-navy hover:underline\"\\n\n                                                    >\\n\n                            <span\\n\n    class=\"material-symbols-rounded select-none leading-none\"\\n\n    style=\"font-size: 14px; font-variation-settings: 'FILL' 0, 'wght' 400, 'GRAD' 0, 'opsz' 14;\"\\n\n    aria-hidden=\"true\"\\n\n>add_circle</span>\\n\n                            Tambah catatan\\n\n                        </button>\\n\n\\n\n                        <div id=\"catatan-1\"  hidden >\\n\n                            <div class=\"flex flex-col gap-1.5\">\\n\n    \\n\n    \\n\n    <div class=\"flex h-[52px] items-center gap-2 rounded-xl border border-surface-alt bg-card px-4 transition-colors focus-within:border-navy has-[:disabled]:bg-surface-alt has-[[readonly]]:bg-surface-alt \">\\n\n        \\n\n        <input\\n\n            type=\"text\"\\n\n             name=\"presensi[1][catatan]\"             id=\"presensi[1][catatan]\"\\n\n            class=\"w-full border-none bg-transparent text-[15px] text-ink outline-none placeholder:text-placeholder disabled:cursor-not-allowed disabled:text-muted-2 read-only:cursor-not-allowed read-only:text-muted-2\" placeholder=\"Catatan (opsional)\"\\n\n        >\\n\n\\n\n        \\n\n        <button type=\"button\" data-close-catatan=\"catatan-1\" class=\"flex shrink-0 items-center text-muted-2 hover:text-ink\" tabindex=\"-1\" aria-label=\"Tutup catatan\">\\n\n                                    <span\\n\n    class=\"material-symbols-rounded select-none leading-none\"\\n\n    style=\"font-size: 18px; font-variation-settings: 'FILL' 0, 'wght' 400, 'GRAD' 0, 'opsz' 18;\"\\n\n    aria-hidden=\"true\"\\n\n>close</span>\\n\n                                </button>\\n\n    </div>\\n\n\\n\n                </div>\\n\n                        </div>\\n\n                    </div>\\n\n                </div>\\n\n                                            <div\\n\n                    class=\"flex flex-col gap-2.5 rounded-2xl bg-card p-3 shadow-[var(--shadow-soft)]\"\\n\n                    data-siswa-row\\n\n                    data-nama=\"b\"\\n\n                    data-no-absen=\"2\"\\n\n                >\\n\n                    <div class=\"flex items-center gap-2.5\">\\n\n                        <span class=\"flex h-10 w-10 items-center justify-center rounded-full text-sm font-bold bg-[#FCE7F3] text-[#BE185D]\">\\n\n    2\\n\n</span>\\n\n                        <div class=\"flex min-w-0 flex-col\">\\n\n                            <span class=\"truncate text-sm font-semibold text-ink\">B</span>\\n\n                                                    </div>\\n\n                    </div>\\n\n\\n\n                    <div class=\"flex flex-col gap-1.5\">\\n\n    \\n\n    <div class=\"flex flex-wrap gap-1.5\" role=\"radiogroup\" >\\n\n                                <label class=\"grow basis-20 select-none cursor-pointer\">\\n\n                <input\\n\n                    type=\"radio\"\\n\n                    name=\"presensi[2][status]\"\\n\n                    value=\"hadir\"\\n\n                    checked                                                            class=\"peer sr-only\"\\n\n                >\\n\n                <span class=\"flex w-full items-center justify-center rounded-lg border border-surface-alt bg-card text-center font-semibold text-muted-2 transition-colors peer-focus-visible:ring-2 peer-focus-visible:ring-navy/40 px-2.5 py-1.5 text-xs peer-checked:border-hadir peer-checked:bg-hadir-soft peer-checked:text-hadir\">\\n\n                    Hadir\\n\n                </span>\\n\n            </label>\\n\n                                <label class=\"grow basis-20 select-none cursor-pointer\">\\n\n                <input\\n\n                    type=\"radio\"\\n\n                    name=\"presensi[2][status]\"\\n\n                    value=\"sakit\"\\n\n                                                                                class=\"peer sr-only\"\\n\n                >\\n\n                <span class=\"flex w-full items-center justify-center rounded-lg border border-surface-alt bg-card text-center font-semibold text-muted-2 transition-colors peer-focus-visible:ring-2 peer-focus-visible:ring-navy/40 px-2.5 py-1.5 text-xs peer-checked:border-sakit peer-checked:bg-sakit-soft peer-checked:text-sakit\">\\n\n                    Sakit\\n\n                </span>\\n\n            </label>\\n\n                                <label class=\"grow basis-20 select-none cursor-pointer\">\\n\n                <input\\n\n                    type=\"radio\"\\n\n                    name=\"presensi[2][status]\"\\n\n                    value=\"izin\"\\n\n                                                                                class=\"peer sr-only\"\\n\n                >\\n\n                <span class=\"flex w-full items-center justify-center rounded-lg border border-surface-alt bg-card text-center font-semibold text-muted-2 transition-colors peer-focus-visible:ring-2 peer-focus-visible:ring-navy/40 px-2.5 py-1.5 text-xs peer-checked:border-izin peer-checked:bg-izin-soft peer-checked:text-izin\">\\n\n                    Izin\\n\n                </span>\\n\n            </label>\\n\n                                <label class=\"grow basis-20 select-none cursor-pointer\">\\n\n                <input\\n\n                    type=\"radio\"\\n\n                    name=\"presensi[2][status]\"\\n\n                    value=\"alpha\"\\n\n                                                                                class=\"peer sr-only\"\\n\n                >\\n\n                <span class=\"flex w-full items-center justify-center rounded-lg border border-surface-alt bg-card text-center font-semibold text-muted-2 transition-colors peer-focus-visible:ring-2 peer-focus-visible:ring-navy/40 px-2.5 py-1.5 text-xs peer-checked:border-alpha peer-checked:bg-alpha-soft peer-checked:text-alpha\">\\n\n                    Alpha\\n\n                </span>\\n\n            </label>\\n\n                                <label class=\"grow basis-20 select-none cursor-pointer\">\\n\n                <input\\n\n                    type=\"radio\"\\n\n                    name=\"presensi[2][status]\"\\n\n                    value=\"dispensasi\"\\n\n                                                                                class=\"peer sr-only\"\\n\n                >\\n\n                <span class=\"flex w-full items-center justify-center rounded-lg border border-surface-alt bg-card text-center font-semibold text-muted-2 transition-colors peer-focus-visible:ring-2 peer-focus-visible:ring-navy/40 px-2.5 py-1.5 text-xs peer-checked:border-dispen peer-checked:bg-dispen-soft peer-checked:text-dispen\">\\n\n                    Dispensasi\\n\n                </span>\\n\n            </label>\\n\n            </div>\\n\n</div>\\n\n\\n\n                    <div class=\"border-t border-surface-alt pt-2.5\">\\n\n                        <button\\n\n                            type=\"button\"\\n\n                            data-toggle-catatan=\"catatan-2\"\\n\n                            class=\"flex items-center gap-1 text-xs font-semibold text-navy hover:underline\"\\n\n                                                    >\\n\n                            <span\\n\n    class=\"material-symbols-rounded select-none leading-none\"\\n\n    style=\"font-size: 14px; font-variation-settings: 'FILL' 0, 'wght' 400, 'GRAD' 0, 'opsz' 14;\"\\n\n    aria-hidden=\"true\"\\n\n>add_circle</span>\\n\n                            Tambah catatan\\n\n                        </button>\\n\n\\n\n                        <div id=\"catatan-2\"  hidden >\\n\n                            <div class=\"flex flex-col gap-1.5\">\\n\n    \\n\n    \\n\n    <div class=\"flex h-[52px] items-center gap-2 rounded-xl border border-surface-alt bg-card px-4 transition-colors focus-within:border-navy has-[:disabled]:bg-surface-alt has-[[readonly]]:bg-surface-alt \">\\n\n        \\n\n        <input\\n\n            type=\"text\"\\n\n             name=\"presensi[2][catatan]\"             id=\"presensi[2][catatan]\"\\n\n            class=\"w-full border-none bg-transparent text-[15px] text-ink outline-none placeholder:text-placeholder disabled:cursor-not-allowed disabled:text-muted-2 read-only:cursor-not-allowed read-only:text-muted-2\" placeholder=\"Catatan (opsional)\"\\n\n        >\\n\n\\n\n        \\n\n        <button type=\"button\" data-close-catatan=\"catatan-2\" class=\"flex shrink-0 items-center text-muted-2 hover:text-ink\" tabindex=\"-1\" aria-label=\"Tutup catatan\">\\n\n                                    <span\\n\n    class=\"material-symbols-rounded select-none leading-none\"\\n\n    style=\"font-size: 18px; font-variation-settings: 'FILL' 0, 'wght' 400, 'GRAD' 0, 'opsz' 18;\"\\n\n    aria-hidden=\"true\"\\n\n>close</span>\\n\n                                </button>\\n\n    </div>\\n\n\\n\n                </div>\\n\n                        </div>\\n\n                    </div>\\n\n                </div>\\n\n                    </div>\\n\n    </div>\\n\n</div>\\n\n\\n\n\\n\n<script>\\n\n    (function () {\\n\n            const cari = document.getElementById('cari-siswa');\\n\n            const hasil = document.getElementById('hasil-cari-siswa');\\n\n            const rows = Array.from(document.querySelectorAll('[data-siswa-row]'));\\n\n            const counter = document.getElementById('jumlah-tampil');\\n\n            const tampilkanTidakHadirSaja = document.getElementById('tampilkan-tidak-hadir-saja');\\n\n\\n\n            // Kartu yang barusan \"dibuka\" lewat dropdown cari -- tetap kelihatan\\n\n            // SEMENTARA biar guru sempat ubah statusnya, TAPI begitu statusnya\\n\n            // balik/tetap Hadir, langsung disembunyikan lagi (nggak nyangkut\\n\n            // nampil selamanya cuma gara-gara pernah dicari). Dipakai Set biar\\n\n            // gampang cek/nambah/hapus tanpa dobel.\\n\n            const dipilihManual = new Set();\\n\n\\n\n            function statusRow(row) {\\n\n                return row.querySelector('input[type=\"radio\"]:checked')?.value ?? 'hadir';\\n\n            }\\n\n\\n\n            function namaAsli(row) {\\n\n                return row.querySelector('.text-ink')?.textContent.trim() ?? '';\\n\n            }\\n\n\\n\n            // Kotak cari (dan input catatan/metode lainnya) ada di DALAM form\\n\n            // besar -- pencet Enter di situ defaultnya langsung submit SELURUH\\n\n            // jurnal, padahal maksudnya cuma nyaring daftar siswa. Cegah itu\\n\n            // buat semua kotak teks satu-baris di form ini, biar Enter aman.\\n\n            cari?.closest('form')?.addEventListener('keydown', (e) => {\\n\n                if (e.key === 'Enter' && (e.target.type === 'text' || e.target.type === 'search')) {\\n\n                    e.preventDefault();\\n\n                }\\n\n            });\\n\n\\n\n            function renderHasilCari(q) {\\n\n                if (!hasil) return;\\n\n                // Kosong (baru fokus, belum ngetik apa-apa) -> tampilin SEMUA\\n\n                // nama, bukan malah nyembunyiin dropdown-nya. Guru bisa lihat\\n\n                // daftar lengkap dulu sebelum mutusin mau cari siapa.\\n\n                const cocok = q ? rows.filter((row) => row.dataset.nama.includes(q) || row.dataset.noAbsen.includes(q)) : rows;\\n\n                if (cocok.length === 0) {\\n\n                    hasil.innerHTML = '<p class=\"px-3.5 py-2.5 text-sm text-muted-2\">Tidak ada siswa yang cocok.</p>';\\n\n                } else {\\n\n                    hasil.innerHTML = cocok.slice(0, 50).map((row, i) => `\\n\n                        <button type=\"button\" data-pilih-hasil=\"${i}\" class=\"flex w-full flex-col gap-0.5 px-3.5 py-2.5 text-left hover:bg-surface-alt\">\\n\n                            <span class=\"text-sm font-semibold text-ink\">${namaAsli(row)}</span>\\n\n                            <span class=\"text-xs text-muted-2\">No. ${row.dataset.noAbsen} \u00b7 ${statusRow(row) === 'hadir' ? 'Hadir' : 'Sudah ditandai'}</span>\\n\n                        </button>\\n\n                    `).join('');\\n\n                    hasil.querySelectorAll('[data-pilih-hasil]').forEach((btn) => {\\n\n                        btn.addEventListener('click', () => {\\n\n                            const row = cocok[Number(btn.dataset.pilihHasil)];\\n\n                            dipilihManual.add(row);\\n\n                            cari.value = '';\\n\n                            hasil.hidden = true;\\n\n                            refresh();\\n\n                            row.scrollIntoView({ block: 'center', behavior: 'smooth' });\\n\n                            row.querySelector('input[type=\"radio\"]')?.focus();\\n\n                        });\\n\n                    });\\n\n                }\\n\n                hasil.hidden = false;\\n\n            }\\n\n\\n\n            function refresh() {\\n\n                const hanyaTidakHadir = tampilkanTidakHadirSaja?.checked;\\n\n                let tidakHadir = 0;\\n\n\\n\n                rows.forEach((row) => {\\n\n                    const statusNyaTidakHadir = statusRow(row) !== 'hadir';\\n\n                    if (statusNyaTidakHadir) tidakHadir++;\\n\n                    row.hidden = hanyaTidakHadir && !(statusNyaTidakHadir || dipilihManual.has(row));\\n\n                    row.classList.remove('lg:col-span-2');\\n\n                });\\n\n\\n\n                // Kartu yang KELIHATAN (bukan yang di-hidden) terakhir -- kalau\\n\n                // jumlahnya ganjil di layar lebar (grid 2 kolom), stretch dia\\n\n                // penuh 1 baris biar nggak nyisa gap kosong di sampingnya.\\n\n                const tampil = rows.filter((row) => !row.hidden);\\n\n                if (tampil.length % 2 === 1) {\\n\n                    tampil[tampil.length - 1].classList.add('lg:col-span-2');\\n\n                }\\n\n\\n\n                // Rekap TETAP soal jumlah tidak hadir, apa pun mode tampilannya\\n\n                // (semua kartu ATAU disaring tidak hadir doang).\\n\n                counter.textContent = tidakHadir > 0\\n\n                    ? `${tidakHadir} siswa ditandai tidak hadir (dari ${rows.length} siswa)`\\n\n                    : `Semua ${rows.length} siswa Hadir`;\\n\n            }\\n\n\\n\n            cari?.addEventListener('input', () => renderHasilCari(cari.value.trim().toLowerCase()));\\n\n            cari?.addEventListener('focus', () => renderHasilCari(cari.value.trim().toLowerCase()));\\n\n            document.addEventListener('click', (e) => {\\n\n                if (hasil && !hasil.hidden && !e.target.closest('#hasil-cari-siswa') && e.target !== cari) {\\n\n                    hasil.hidden = true;\\n\n                }\\n\n            });\\n\n            tampilkanTidakHadirSaja?.addEventListener('change', refresh);\\n\n            rows.forEach((row) => {\\n\n                row.querySelectorAll('input[type=\"radio\"]').forEach((r) => r.addEventListener('change', () => {\\n\n                    // Statusnya balik/tetap Hadir -> lepas dari daftar \"kartu\\n\n                    // yang lagi dibuka manual\", biar refresh() nyembunyiin\\n\n                    // lagi kayak kartu Hadir lainnya (bukan nyangkut nampil\\n\n                    // selamanya cuma gara-gara pernah dicari & dibuka).\\n\n                    if (statusRow(row) === 'hadir') dipilihManual.delete(row);\\n\n                    refresh();\\n\n                }));\\n\n            });\\n\n\\n\n            refresh();\\n\n\\n\n            document.querySelectorAll('[data-toggle-catatan]').forEach((btn) => {\\n\n                btn.addEventListener('click', () => {\\n\n                    const target = document.getElementById(btn.dataset.toggleCatatan);\\n\n                    target.hidden = false;\\n\n                    btn.hidden = true;\\n\n                    target.querySelector('input')?.focus();\\n\n                });\\n\n            });\\n\n\\n\n            // Tombol \"x\" di kotak catatan -- tutup lagi & kosongin isinya (biar\\n\n            // nggak nyangkut kebuka kosongan kalau ternyata nggak jadi diisi).\\n\n            document.querySelectorAll('[data-close-catatan]').forEach((btn) => {\\n\n                btn.addEventListener('click', () => {\\n\n                    const wrapId = btn.dataset.closeCatatan;\\n\n                    const wrap = document.getElementById(wrapId);\\n\n                    const input = wrap.querySelector('input');\\n\n                    if (input) input.value = '';\\n\n                    wrap.hidden = true;\\n\n                    document.querySelector(`[data-toggle-catatan=\"${wrapId}\"]`).hidden = false;\\n\n                });\\n\n            });\\n\n        })();\\n\n    </script>\\n\n\\n\n                </div>\\n\n            \\n\n            <div class=\"h-28 lg:hidden\" aria-hidden=\"true\"></div>\\n\n\\n\n<div\\n\n    class=\"fixed inset-x-0 z-30 border-t border-surface-alt bg-surface px-5 py-3 sm:px-6 lg:static lg:mt-6 lg:border-0 lg:bg-transparent lg:p-0\"\\n\n    style=\"bottom: calc(4rem + env(safe-area-inset-bottom));\"\\n\n>\\n\n    \\n\n    <div class=\"mx-auto flex w-full flex-col gap-2 lg:mx-0\">\\n\n        <button type=\"submit\" class=\"press inline-flex h-12 items-center justify-center gap-2 rounded-xl px-5 text-base font-semibold transition-colors disabled:cursor-not-allowed disabled:opacity-60 bg-navy text-card hover:bg-navy-hover w-full\">\\n\n         <span\\n\n    class=\"material-symbols-rounded select-none leading-none\"\\n\n    style=\"font-size: 20px; font-variation-settings: 'FILL' 0, 'wght' 400, 'GRAD' 0, 'opsz' 20;\"\\n\n    aria-hidden=\"true\"\\n\n>fact_check</span>\\n\n         <span id=\"teks-tombol-submit\">Periksa Jurnal</span>\\n\n            </button>\\n\n    </div>\\n\n</div>\\n\n        </form>\\n\n\\n\n        \\n\n        <dialog\\n\n    id=\"modal-ringkasan-jurnal\"\\n\n    style=\"width: min(32rem, calc(100vw - 2rem))\"\\n\n    class=\"fixed inset-0 m-auto h-fit max-h-[calc(100dvh-2rem)] overflow-visible rounded-2xl border-0 bg-card p-0 text-ink shadow-2xl backdrop:bg-navy/30 backdrop:backdrop-blur-sm\"\\n\n>\\n\n    <div class=\"flex items-center justify-between border-b border-surface-alt px-5 py-3.5\">\\n\n        <h3 class=\"text-base font-bold text-ink\" data-modal-title>Periksa Jurnal</h3>\\n\n        <button type=\"button\" data-modal-close class=\"flex h-8 w-8 items-center justify-center rounded-lg text-muted hover:bg-surface-alt hover:text-ink\" aria-label=\"Tutup\">\\n\n            <span\\n\n    class=\"material-symbols-rounded select-none leading-none\"\\n\n    style=\"font-size: 18px; font-variation-settings: 'FILL' 0, 'wght' 400, 'GRAD' 0, 'opsz' 18;\"\\n\n    aria-hidden=\"true\"\\n\n>close</span>\\n\n        </button>\\n\n    </div>\\n\n\\n\n    <div class=\"max-h-[calc(100dvh-8rem)] overflow-y-auto p-5\">\\n\n        <div class=\"flex flex-col gap-3 text-sm\">\\n\n                <div class=\"flex flex-col gap-1.5\">\\n\n            <p class=\"text-xs font-semibold text-muted-2\">Kelas &amp; Mata Pelajaran</p>\\n\n    \\n\n    <div class=\"flex min-w-0 items-start gap-2 text-[15px] text-ink\">\\n\n                <span class=\"min-w-0 flex-1 whitespace-pre-line break-words\"><span data-ringkasan=\"kelas-mapel\">\u2014</span></span>\\n\n    </div>\\n\n</div>\\n\n                <div class=\"flex flex-col gap-1.5\">\\n\n            <p class=\"text-xs font-semibold text-muted-2\">Jam Pelajaran</p>\\n\n    \\n\n    <div class=\"flex min-w-0 items-start gap-2 text-[15px] text-ink\">\\n\n                <span class=\"min-w-0 flex-1 whitespace-pre-line break-words\"><span data-ringkasan=\"jam-pelajaran\">\u2014</span></span>\\n\n    </div>\\n\n</div>\\n\n                <div class=\"flex flex-col gap-1.5\">\\n\n            <p class=\"text-xs font-semibold text-muted-2\">Status Kehadiran Anda</p>\\n\n    \\n\n    <div class=\"flex min-w-0 items-start gap-2 text-[15px] text-ink\">\\n\n                <span class=\"min-w-0 flex-1 whitespace-pre-line break-words\"><span data-ringkasan=\"status-guru\">\u2014</span></span>\\n\n    </div>\\n\n</div>\\n\n\\n\n                \\n\n                <div data-ringkasan-blok-hadir class=\"flex flex-col gap-3\">\\n\n                    <div class=\"flex flex-col gap-1.5\">\\n\n            <p class=\"text-xs font-semibold text-muted-2\">Materi</p>\\n\n    \\n\n    <div class=\"flex min-w-0 items-start gap-2 text-[15px] text-ink\">\\n\n                <span class=\"min-w-0 flex-1 whitespace-pre-line break-words\"><span data-ringkasan=\"materi\">\u2014</span></span>\\n\n    </div>\\n\n</div>\\n\n                    <div class=\"flex flex-col gap-1.5\">\\n\n            <p class=\"text-xs font-semibold text-muted-2\">Foto Suasana Kelas</p>\\n\n    \\n\n    <div class=\"flex min-w-0 items-start gap-2 text-[15px] text-ink\">\\n\n                <span class=\"min-w-0 flex-1 whitespace-pre-line break-words\"><span data-ringkasan=\"foto-hadir\">\u2014</span></span>\\n\n    </div>\\n\n</div>\\n\n                </div>\\n\n                <div data-ringkasan-blok-tidak-hadir class=\"flex flex-col gap-3\" hidden>\\n\n                    <div class=\"flex flex-col gap-1.5\">\\n\n            <p class=\"text-xs font-semibold text-muted-2\">Alasan</p>\\n\n    \\n\n    <div class=\"flex min-w-0 items-start gap-2 text-[15px] text-ink\">\\n\n                <span class=\"min-w-0 flex-1 whitespace-pre-line break-words\"><span data-ringkasan=\"alasan\">\u2014</span></span>\\n\n    </div>\\n\n</div>\\n\n                    <div class=\"flex flex-col gap-1.5\">\\n\n            <p class=\"text-xs font-semibold text-muted-2\">Tugas untuk Siswa</p>\\n\n    \\n\n    <div class=\"flex min-w-0 items-start gap-2 text-[15px] text-ink\">\\n\n                <span class=\"min-w-0 flex-1 whitespace-pre-line break-words\"><span data-ringkasan=\"tugas\">\u2014</span></span>\\n\n    </div>\\n\n</div>\\n\n                    <div class=\"flex flex-col gap-1.5\">\\n\n            <p class=\"text-xs font-semibold text-muted-2\">Surat Izin/Sakit</p>\\n\n    \\n\n    <div class=\"flex min-w-0 items-start gap-2 text-[15px] text-ink\">\\n\n                <span class=\"min-w-0 flex-1 whitespace-pre-line break-words\"><span data-ringkasan=\"surat\">\u2014</span></span>\\n\n    </div>\\n\n</div>\\n\n                </div>\\n\n\\n\n                \\n\n                <div class=\"flex flex-col gap-1.5\" data-ringkasan-blok-presensi=\"data-ringkasan-blok-presensi\">\\n\n            <p class=\"text-xs font-semibold text-muted-2\">Presensi Siswa</p>\\n\n    \\n\n    <div class=\"flex min-w-0 items-start gap-2 text-[15px] text-ink\">\\n\n                <span class=\"min-w-0 flex-1 whitespace-pre-line break-words\"><span data-ringkasan=\"presensi\">\u2014</span></span>\\n\n    </div>\\n\n</div>\\n\n            </div>\\n\n            \\n\n            <div class=\"mt-4 flex gap-2\">\\n\n                <button type=\"button\" class=\"press inline-flex h-12 items-center justify-center gap-2 rounded-xl px-5 text-base font-semibold transition-colors disabled:cursor-not-allowed disabled:opacity-60 bg-navy text-card hover:bg-navy-hover flex-1\" id=\"tombol-kirim-jurnal\">\\n\n         <span\\n\n    class=\"material-symbols-rounded select-none leading-none\"\\n\n    style=\"font-size: 20px; font-variation-settings: 'FILL' 0, 'wght' 400, 'GRAD' 0, 'opsz' 20;\"\\n\n    aria-hidden=\"true\"\\n\n>send</span>\\n\n         Kirim\\n\n            </button>\\n\n                <button type=\"button\" class=\"press inline-flex h-12 items-center justify-center gap-2 rounded-xl px-5 text-base font-semibold transition-colors disabled:cursor-not-allowed disabled:opacity-60 bg-surface-alt text-ink hover:bg-[#cbd5e1] flex-1\" data-modal-close=\"data-modal-close\">\\n\n                Cek Lagi\\n\n            </button>\\n\n            </div>\\n\n    </div>\\n\n</dialog>\\n\n            </main>\\n\n        </div>\\n\n    </div>\\n\n\\n\n    \\n\n    <nav\\n\n        class=\"fixed inset-x-0 bottom-0 z-40 h-16 border-t border-surface-alt bg-card lg:hidden\"\\n\n        style=\"padding-bottom: env(safe-area-inset-bottom);\"\\n\n        aria-label=\"Navigasi utama\"\\n\n    >\\n\n        <div class=\"relative mx-auto flex h-16 max-w-lg items-stretch\">\\n\n            <ul class=\"flex flex-1 items-stretch justify-around\">\\n\n                                    <li class=\"flex-1\">\\n\n    <a\\n\n        href=\"http://jurnalkita.test/guru\"\\n\n        class=\"flex h-full flex-col items-center justify-center gap-0.5 text-[10px] font-semibold transition-colors text-muted-2\"\\n\n            >\\n\n        <span\\n\n    class=\"material-symbols-rounded select-none leading-none\"\\n\n    style=\"font-size: 24px; font-variation-settings: 'FILL' 0, 'wght' 400, 'GRAD' 0, 'opsz' 24;\"\\n\n    aria-hidden=\"true\"\\n\n>home</span>\\n\n        <span>Beranda</span>\\n\n    </a>\\n\n</li>\\n\n                                    <li class=\"flex-1\">\\n\n    <a\\n\n        href=\"http://jurnalkita.test/guru/jurnal\"\\n\n        class=\"flex h-full flex-col items-center justify-center gap-0.5 text-[10px] font-semibold transition-colors text-muted-2\"\\n\n            >\\n\n        <span\\n\n    class=\"material-symbols-rounded select-none leading-none\"\\n\n    style=\"font-size: 24px; font-variation-settings: 'FILL' 0, 'wght' 400, 'GRAD' 0, 'opsz' 24;\"\\n\n    aria-hidden=\"true\"\\n\n>menu_book</span>\\n\n        <span>Riwayat</span>\\n\n    </a>\\n\n</li>\\n\n                                    <li class=\"flex-1\">\\n\n    <a\\n\n        href=\"http://jurnalkita.test/guru/jadwal\"\\n\n        class=\"flex h-full flex-col items-center justify-center gap-0.5 text-[10px] font-semibold transition-colors text-muted-2\"\\n\n            >\\n\n        <span\\n\n    class=\"material-symbols-rounded select-none leading-none\"\\n\n    style=\"font-size: 24px; font-variation-settings: 'FILL' 0, 'wght' 400, 'GRAD' 0, 'opsz' 24;\"\\n\n    aria-hidden=\"true\"\\n\n>calendar_month</span>\\n\n        <span>Jadwal</span>\\n\n    </a>\\n\n</li>\\n\n                                    <li class=\"flex-1\">\\n\n    <a\\n\n        href=\"http://jurnalkita.test/piket/monitor\"\\n\n        class=\"flex h-full flex-col items-center justify-center gap-0.5 text-[10px] font-semibold transition-colors text-muted-2\"\\n\n            >\\n\n        <span\\n\n    class=\"material-symbols-rounded select-none leading-none\"\\n\n    style=\"font-size: 24px; font-variation-settings: 'FILL' 0, 'wght' 400, 'GRAD' 0, 'opsz' 24;\"\\n\n    aria-hidden=\"true\"\\n\n>monitoring</span>\\n\n        <span>Monitor</span>\\n\n    </a>\\n\n</li>\\n\n                                    <li class=\"flex-1\">\\n\n    <a\\n\n        href=\"http://jurnalkita.test/profil\"\\n\n        class=\"flex h-full flex-col items-center justify-center gap-0.5 text-[10px] font-semibold transition-colors text-muted-2\"\\n\n            >\\n\n        <span\\n\n    class=\"material-symbols-rounded select-none leading-none\"\\n\n    style=\"font-size: 24px; font-variation-settings: 'FILL' 0, 'wght' 400, 'GRAD' 0, 'opsz' 24;\"\\n\n    aria-hidden=\"true\"\\n\n>person</span>\\n\n        <span>Profil</span>\\n\n    </a>\\n\n</li>\\n\n                            </ul>\\n\n\\n\n                            \\n\n                <div class=\"w-24 shrink-0\" aria-hidden=\"true\"></div>\\n\n\\n\n                <a\\n\n                    href=\"http://jurnalkita.test/guru/jurnal/tambah\"\\n\n                    data-nav-fab\\n\n                    class=\"press absolute right-1 top-0 flex h-20 w-20 -translate-y-8 flex-col items-center justify-center gap-0.5 rounded-full bg-navy text-card shadow-lg shadow-navy/30 ring-4 ring-surface\"\\n\n                >\\n\n                    <span\\n\n    class=\"material-symbols-rounded select-none leading-none\"\\n\n    style=\"font-size: 22px; font-variation-settings: 'FILL' 1, 'wght' 400, 'GRAD' 0, 'opsz' 22;\"\\n\n    aria-hidden=\"true\"\\n\n>edit_note</span>\\n\n                    <span class=\"text-[10px] font-bold leading-none whitespace-nowrap\">Isi Jurnal</span>\\n\n                </a>\\n\n                    </div>\\n\n    </nav>\\n\n\\n\n            <script>\\n\n            // Delegasi global -- satu skrip ini nyakup SEMUA search bar di\\n\n            // halaman manapun (nggak perlu diulang per pemanggil). Tombol\\n\n            // Reset cuma muncul kalau kolomnya keisi, dan ngosongin + kirim\\n\n            // event \"input\" biar filter JS masing-masing halaman ikut jalan.\\n\n            document.addEventListener('input', (e) => {\\n\n                if (!e.target.matches('[data-search-input]')) return;\\n\n                const tombol = e.target.closest('[data-search-bar]')?.querySelector('[data-search-reset]');\\n\n                if (tombol) tombol.hidden = !e.target.value;\\n\n            });\\n\n\\n\n            document.addEventListener('click', (e) => {\\n\n                const tombol = e.target.closest('[data-search-reset]');\\n\n                if (!tombol) return;\\n\n                const input = tombol.closest('[data-search-bar]')?.querySelector('[data-search-input]');\\n\n                if (!input) return;\\n\n                input.value = '';\\n\n                input.dispatchEvent(new Event('input', { bubbles: true }));\\n\n                tombol.hidden = true;\\n\n                input.focus();\\n\n            });\\n\n\\n\n            document.querySelectorAll('[data-search-input]').forEach((input) => {\\n\n                const tombol = input.closest('[data-search-bar]')?.querySelector('[data-search-reset]');\\n\n                if (tombol) tombol.hidden = !input.value;\\n\n            });\\n\n        </script>\\n\n                <script>\\n\n                (function () {\\n\n                    const form = document.getElementById('form-jurnal');\\n\n                    const modalRingkasan = document.getElementById('modal-ringkasan-jurnal');\\n\n                    if (!form || !modalRingkasan) return;\\n\n\\n\n                    let dikonfirmasi = false;\\n\n                    let sedangMengirim = false;\\n\n\\n\n                    function teksTerpilih(name) {\\n\n                        const opt = form.querySelector(`select[name=\"${name}\"] option:checked`);\\n\n                        return opt ? opt.textContent.trim() : null;\\n\n                    }\\n\n\\n\n                    function isiRingkasan() {\\n\n                        // Mode massal (semua kelas) -> daftar kelas yang beneran\\n\n                        // ditandai, bukan cuma jadwal yang kepilih di atas.\\n\n                        const kelasTertandai = Array.from(form.querySelectorAll('[data-checkbox-jadwal-massal]:not(:disabled):checked'))\\n\n                            .map((cb) => cb.closest('[data-baris-jadwal-massal]')?.querySelector('.text-ink')?.textContent.trim())\\n\n                            .filter(Boolean);\\n\n                        const massal = kelasTertandai.length > 0;\\n\n\\n\n                        let kelasMapel;\\n\n                        if (massal) {\\n\n                            kelasMapel = kelasTertandai.join(', ');\\n\n                        } else {\\n\n                            const jadwalSelect = form.querySelector('select[name=\"jadwal_id\"]');\\n\n                            kelasMapel = jadwalSelect\\n\n                                ? (jadwalSelect.options[jadwalSelect.selectedIndex]?.textContent.trim() || '\u2014')\\n\n                                : (document.querySelector('[data-jadwal-terkunci-teks]')?.textContent.trim() || '\u2014');\\n\n                        }\\n\n                        modalRingkasan.querySelector('[data-ringkasan=\"kelas-mapel\"]').textContent = kelasMapel;\\n\n                        modalRingkasan.querySelector('[data-ringkasan=\"jam-pelajaran\"]').textContent =\\n\n                            document.getElementById('tampilan-jam')?.textContent.trim() || '\u2014';\\n\n\\n\n                        const statusGuru = form.querySelector('input[name=\"status_guru\"]:checked')?.value;\\n\n                        const hadir = statusGuru === 'hadir';\\n\n                        modalRingkasan.querySelector('[data-ringkasan=\"status-guru\"]').textContent = hadir ? 'Hadir' : 'Tidak Hadir';\\n\n\\n\n                        // Field yang ditampilin BEDA total antara Hadir & Tidak\\n\n                        // Hadir (bukan cuma isinya -- labelnya juga nggak masuk\\n\n                        // akal dipakai bareng, mis. \"Foto Suasana Kelas\" nggak\\n\n                        // relevan buat guru yang nggak di sekolah).\\n\n                        modalRingkasan.querySelector('[data-ringkasan-blok-hadir]').hidden = ! hadir;\\n\n                        modalRingkasan.querySelector('[data-ringkasan-blok-tidak-hadir]').hidden = hadir;\\n\n\\n\n                        if (hadir) {\\n\n                            const materi = form.querySelector('[name=\"materi\"]')?.value.trim();\\n\n                            modalRingkasan.querySelector('[data-ringkasan=\"materi\"]').textContent = materi || '(belum diisi)';\\n\n\\n\n                            const fotoKamera = form.querySelector('[data-kamera-input]:not(:disabled)');\\n\n                            modalRingkasan.querySelector('[data-ringkasan=\"foto-hadir\"]').textContent =\\n\n                                (fotoKamera?.files?.length > 0) ? 'Sudah dilampirkan' : 'Belum diambil';\\n\n                        } else {\\n\n                            const tugas = form.querySelector('[name=\"tugas_tambahan\"]:not(:disabled)')?.value.trim();\\n\n                            const tugasPerKelas = Array.from(form.querySelectorAll('[data-checkbox-jadwal-massal]:not(:disabled):checked')).map((checkbox) => {\\n\n                                const row = checkbox.closest('[data-baris-jadwal-massal]');\\n\n                                const nama = row.querySelector('.text-ink').textContent.trim();\\n\n                                const khusus = row.querySelector('[name^=\"tugas_khusus[\"]').value.trim();\\n\n                                return `${nama}: ${khusus || tugas || 'Belum diisi'}`;\\n\n                            });\\n\n                            modalRingkasan.querySelector('[data-ringkasan=\"tugas\"]').textContent = massal ? tugasPerKelas.join('\\n') : (tugas || 'Belum diisi');\\n\n\\n\n                            // Alasan bar (radio), bukan teks bebas -- ambil yang\\n\n                            // BENERAN kecentang, bukan cuma elemen pertama.\\n\n                            const alasanLabel = { sakit: 'Sakit', izin: 'Izin' };\\n\n                            const alasan = form.querySelector('input[name=\"alasan\"]:checked')?.value;\\n\n                            modalRingkasan.querySelector('[data-ringkasan=\"alasan\"]').textContent =\\n\n                                alasan ? (alasanLabel[alasan] ?? alasan) : '(belum dipilih)';\\n\n\\n\n                            const suratInput = form.querySelector('[data-upload-input]:not(:disabled)');\\n\n                            modalRingkasan.querySelector('[data-ringkasan=\"surat\"]').textContent =\\n\n                                (suratInput?.files?.length > 0) ? 'Sudah dilampirkan' : 'Tidak dilampirkan';\\n\n                        }\\n\n\\n\n                        // Presensi cuma relevan kalau ada grid-nya beneran kelihatan\\n\n                        // di halaman (nggak ada sama sekali pas mode massal -- guru\\n\n                        // nggak di kelas manapun buat nentuin presensi manual).\\n\n                        const blokPresensiEl = document.getElementById('blok-presensi');\\n\n                        const presensiField = modalRingkasan.querySelector('[data-ringkasan-blok-presensi]');\\n\n                        const presensiKelihatan = blokPresensiEl && ! blokPresensiEl.hidden;\\n\n                        presensiField.hidden = ! presensiKelihatan;\\n\n\\n\n                        if (presensiKelihatan) {\\n\n                            // Yang ditampilin cuma nama yang BUKAN Hadir -- itu yang\\n\n                            // paling penting dicek ulang sebelum kirim (semuanya\\n\n                            // udah Hadir emang defaultnya, nge-list 36 nama satu-satu\\n\n                            // di sini nggak nambah info, cuma bikin ringkasan panjang).\\n\n                            const rowsSiswa = form.querySelectorAll('[data-siswa-row]');\\n\n                            const kelompok = { sakit: [], izin: [], alpha: [], dispensasi: [] };\\n\n                            let jumlahHadir = 0;\\n\n                            rowsSiswa.forEach((row) => {\\n\n                                const status = row.querySelector('input[type=\"radio\"]:checked')?.value ?? 'hadir';\\n\n                                if (status === 'hadir') { jumlahHadir++; return; }\\n\n                                const nama = row.querySelector('.text-ink')?.textContent.trim() || '(tanpa nama)';\\n\n                                (kelompok[status] ?? (kelompok[status] = [])).push(nama);\\n\n                            });\\n\n                            const label = { sakit: 'Sakit', izin: 'Izin', alpha: 'Alpha', dispensasi: 'Dispensasi' };\\n\n                            const bagianTidakHadir = Object.entries(kelompok)\\n\n                                .filter(([, arr]) => arr.length > 0)\\n\n                                .map(([k, arr]) => `${label[k] || k}: ${arr.join(', ')}`)\\n\n                                .join(' \u00b7 ');\\n\n                            modalRingkasan.querySelector('[data-ringkasan=\"presensi\"]').textContent = rowsSiswa.length\\n\n                                ? (bagianTidakHadir ? `${bagianTidakHadir} (sisanya ${jumlahHadir} Hadir)` : `Semua ${rowsSiswa.length} siswa Hadir`)\\n\n                                : '\u2014';\\n\n                        }\\n\n                    }\\n\n\\n\n                    form.addEventListener('submit', (e) => {\\n\n                        if (sedangMengirim) { e.preventDefault(); return; }\\n\n                        if (dikonfirmasi) {\\n\n                            sedangMengirim = true;\\n\n                            form.setAttribute('aria-busy', 'true');\\n\n                            form.querySelectorAll('[type=\"submit\"]').forEach((button) => { button.disabled = true; });\\n\n                            document.getElementById('teks-tombol-submit').textContent = 'Mengirim\u2026';\\n\n                            return;\\n\n                        }\\n\n                        e.preventDefault();\\n\n                        isiRingkasan();\\n\n                        modalRingkasan.showModal();\\n\n                    });\\n\n\\n\n                    document.getElementById('tombol-kirim-jurnal')?.addEventListener('click', () => {\\n\n                        if (sedangMengirim) return;\\n\n                        if (!form.reportValidity()) { modalRingkasan.close(); return; }\\n\n                        dikonfirmasi = true;\\n\n                        modalRingkasan.close();\\n\n                        form.requestSubmit();\\n\n                        dikonfirmasi = false;\\n\n                    });\\n\n                    window.addEventListener('pageshow', () => {\\n\n                        sedangMengirim = false;\\n\n                        dikonfirmasi = false;\\n\n                        form.removeAttribute('aria-busy');\\n\n                        form.querySelectorAll('[type=\"submit\"]').forEach((button) => { button.disabled = false; });\\n\n                        document.getElementById('teks-tombol-submit').textContent = 'Periksa Jurnal';\\n\n                    });\\n\n                })();\\n\n            </script>\\n\n                    <script>\\n\n                (function () {\\n\n                    const form = document.getElementById('form-jurnal');\\n\n\\n\n                    // Jadwal terkunci (jadwalTerkunci=true) -> select-nya nggak dirender\\n\n                    // sama sekali, jadi elemen ini bisa null.\\n\n                    const jadwal = document.getElementById('jadwal_id');\\n\n                    if (jadwal) {\\n\n                        const tampilanJam = document.getElementById('tampilan-jam');\\n\n                        const inputMulai = document.getElementById('jam_ke_mulai');\\n\n                        const inputSelesai = document.getElementById('jam_ke_selesai');\\n\n\\n\n                        // Sinkronkan rentang JP jika browser otomatis memilih satu-satunya\\n\n                        // opsi tanpa memicu event change.\\n\n                        function sync() {\\n\n                            const opt = jadwal.selectedOptions[0];\\n\n                            const mulai = opt?.dataset.mulai;\\n\n                            const selesai = opt?.dataset.selesai;\\n\n                            if (!mulai) return;\\n\n\\n\n                            const rentangJp = mulai === selesai ? `Jam ke-${mulai}` : `Jam ke-${mulai} sampai ke-${selesai}`;\\n\n                            const rentangWaktu = opt.dataset.mulaiJam && opt.dataset.selesaiJam\\n\n                                ? ` (${opt.dataset.mulaiJam.replace(':', '.')}\u2013${opt.dataset.selesaiJam.replace(':', '.')})`\\n\n                                : '';\\n\n                            tampilanJam.textContent = rentangJp + rentangWaktu;\\n\n                            inputMulai.value = mulai;\\n\n                            inputSelesai.value = selesai;\\n\n                        }\\n\n\\n\n                        const datePicker = document.getElementById('pilih_tanggal_jurnal');\\n\n                        if (datePicker) {\\n\n                            datePicker.addEventListener('change', () => {\\n\n                                if (!datePicker.value) return;\\n\n                                const params = new URLSearchParams(window.location.search);\\n\n                                params.set('tanggal', datePicker.value);\\n\n                                params.delete('jadwal');\\n\n                                window.location.href = 'http://jurnalkita.test/guru/jurnal/tambah?' + params.toString();\\n\n                            });\\n\n                        }\\n\n\\n\n                        // Ganti jadwal -> presensi kelas yang beda perlu dirender ulang\\n\n                        // dari server, jadi muat ulang halaman dengan jadwal itu. Ikut\\n\n                        // sisipin status_guru yang LAGI kepilih (dan pertahanin query\\n\n                        // lain kayak ?hari=kemarin atau ?tanggal=...) -- kalau nggak, pilihan \"Tidak\\n\n                        // Hadir\" yang udah dipilih duluan ke-reset balik ke \"Hadir\"\\n\n                        // begitu halaman render ulang (bug yang sempat dilaporkan).\\n\n                        jadwal.addEventListener('change', () => {\\n\n                            if (!jadwal.value) return;\\n\n                            const params = new URLSearchParams(window.location.search);\\n\n                            params.set('jadwal', jadwal.value);\\n\n                            if (datePicker && datePicker.value) {\\n\n                                params.set('tanggal', datePicker.value);\\n\n                            }\\n\n                            const statusGuru = document.querySelector('input[name=\"status_guru\"]:checked')?.value;\\n\n                            if (statusGuru) params.set('status_guru', statusGuru);\\n\n                            window.location.href = 'http://jurnalkita.test/guru/jurnal/tambah?' + params.toString();\\n\n                        });\\n\n\\n\n                        // Browser bisa langsung memilih satu-satunya opsi jadwal saat halaman\\n\n                        // dimuat (placeholder \"Pilih jadwal\" disembunyikan) tanpa memicu event\\n\n                        // \"change\" -- sinkronkan sekali di awal biar jam yang tampil ga meleset.\\n\n                        sync();\\n\n                    }\\n\n\\n\n                    // Status Kehadiran -> Hadir nampilin Materi+Metode, selain itu\\n\n                    // nampilin Tugas Tambahan+Alasan. Field Jam ke- juga hanya\\n\n                    // relevan ditampilkan saat status Hadir.\\n\n                    const blokHadir = document.getElementById('blok-hadir');\\n\n                    const blokTidakHadir = document.getElementById('blok-tidak-hadir');\\n\n                    const blokTugasTidakHadir = document.getElementById('blok-tugas-tidak-hadir');\\n\n                    const blokPilihJadwal = document.getElementById('blok-pilih-jadwal');\\n\n                    const jamWrap = document.getElementById('tampilan-jam-wrap');\\n\n                    const blokMassal = document.getElementById('blok-massal-kelas');\\n\n                    const blokPresensi = document.getElementById('blok-presensi');\\n\n                    const blokAlertPilihJadwal = document.getElementById('blok-alert-pilih-jadwal');\\n\n                    const teksTombolSubmit = document.getElementById('teks-tombol-submit');\\n\n                    function syncStatusGuru() {\\n\n                        const val = document.querySelector('input[name=\"status_guru\"]:checked')?.value;\\n\n                        const hadir = val === 'hadir';\\n\n                        blokHadir.hidden = !hadir;\\n\n                        blokTidakHadir.hidden = hadir;\\n\n\\n\n                        // Disable SEMUA field (bukan cuma yang \"required\") di blok\\n\n                        // yang lagi disembunyiin -- dua alasan: (1) atribut\\n\n                        // \"required\" bawaan HTML tetap ngecek elemen yang\\n\n                        // disembunyiin lewat ancestor \"hidden\", nggak otomatis\\n\n                        // dikecualiin; (2) dua-duanya sama-sama punya field\\n\n                        // name=\"foto_bukti\" (beda id, kamera vs upload biasa) --\\n\n                        // kalau yang disembunyiin nggak di-disable, dua-duanya\\n\n                        // ikut kesubmit bareng & yang kepakai jadi nggak pasti.\\n\n                        blokHadir.querySelectorAll('input, textarea, select').forEach((el) => { el.disabled = !hadir; });\\n\n                        blokTidakHadir.querySelectorAll('input, textarea, select').forEach((el) => { el.disabled = hadir; });\\n\n                        if (blokTugasTidakHadir) {\\n\n                            blokTugasTidakHadir.hidden = hadir;\\n\n                            blokTugasTidakHadir.querySelectorAll('input, textarea, select').forEach((el) => { el.disabled = hadir; });\\n\n                        }\\n\n\\n\n                        // Info jam pelajaran, kotak presensi, & alert \"pilih jadwal\\n\n                        // dulu\" cuma relevan kalau guru beneran hadir di kelas --\\n\n                        // presensi ikut dinonaktifkan (bukan cuma disembunyikan)\\n\n                        // biar nggak ada input presensi basi yang ikut kesubmit.\\n\n                        if (jamWrap) jamWrap.hidden = !hadir;\\n\n                        if (blokPresensi) {\\n\n                            blokPresensi.hidden = !hadir;\\n\n                            blokPresensi.querySelectorAll('input, textarea, select').forEach((el) => { el.disabled = !hadir; });\\n\n                        }\\n\n                        if (blokAlertPilihJadwal) blokAlertPilihJadwal.hidden = !hadir;\\n\n                        if (teksTombolSubmit) teksTombolSubmit.textContent = 'Periksa Jurnal';\\n\n                    }\\n\n                    // Ganti ke \"Tidak Hadir\" ngaktifin ULANG semua field di blok itu\\n\n                    // (termasuk checklist massal di dalamnya) -- syncMassal() dipanggil\\n\n                    // lagi sesudahnya biar keadaan \"Cuma Kelas Ini\" (checklist massal\\n\n                    // dinonaktifkan) kepasang balik dengan benar, bukan kebuka semua\\n\n                    // lagi kayak abis di-reset. Tanpa ini, popup ringkasan salah nunjuk\\n\n                    // \"berlaku buat semua kelas\" walau cuma 1 kelas yang ditandai (bug\\n\n                    // beneran, ketauan pas dites -- tapi cuma tampilan doang, data yang\\n\n                    // beneran kesimpen tetap benar 1 kelas).\\n\n                    document.querySelectorAll('input[name=\"status_guru\"]').forEach((el) => el.addEventListener('change', () => {\\n\n                        syncStatusGuru();\\n\n                        syncMassal?.();\\n\n                    }));\\n\n                    syncStatusGuru();\\n\n\\n\n                    const tugasUmum = form.querySelector('[name=\"tugas_tambahan\"]');\\n\n                    function syncTugasUmum() {\\n\n                        const massal = blokMassal && !blokMassal.hidden;\\n\n                        const terpilih = Array.from(form.querySelectorAll('[data-checkbox-jadwal-massal]:checked:not(:disabled)'));\\n\n                        const lengkap = terpilih.length > 0 && terpilih.every((checkbox) =>\\n\n                            checkbox.closest('[data-baris-jadwal-massal]').querySelector('[name^=\"tugas_khusus[\"]').value.trim() !== '');\\n\n                        tugasUmum.required = !tugasUmum.disabled && (!massal || !lengkap);\\n\n                        const label = tugasUmum.closest('div.flex-col')?.querySelector('label');\\n\n                        if (label) label.textContent = massal ? `Tugas umum${lengkap ? ' (opsional)' : ' *'}` : 'Tugas untuk Siswa *';\\n\n                    }\\n\n                    form.addEventListener('input', syncTugasUmum);\\n\n                    form.addEventListener('change', syncTugasUmum);\\n\n\\n\n                    // \"Kelas Tujuan\" -> pilih \"Ya\" munculin checklist\\n\n                    // kelas LANGSUNG di bawahnya (nggak pindah halaman), sekalian\\n\n                    // ganti tujuan form ke endpoint massal.\\n\n                    if (blokMassal) {\\n\n                        function syncMassal() {\\n\n                            // \"massal\" HARUS ikut ngecek status Hadir/Tidak Hadir juga --\\n\n                            // radio \"tidak_hadir_sehari_penuh\" nggak ke-reset otomatis pas\\n\n                            // pindah balik ke \"Hadir\", jadi tanpa cek ini blok-pilih-jadwal\\n\n                            // bisa nyangkut tersembunyi (bug beneran, ketauan pas dites:\\n\n                            // pilih Tidak Hadir -> Ya Semua Kelas -> balik ke Hadir ->\\n\n                            // dropdown Kelas & Mata Pelajaran ikutan hilang padahal harusnya\\n\n                            // selalu tampil pas Hadir).\\n\n                            const hadir = document.querySelector('input[name=\"status_guru\"]:checked')?.value === 'hadir';\\n\n                            const massal = !hadir && document.querySelector('input[name=\"tidak_hadir_sehari_penuh\"]:checked')?.value === 'ya';\\n\n                            blokMassal.hidden = !massal;\\n\n                            blokMassal.querySelectorAll('input, textarea, select').forEach((el) => { el.disabled = !massal; });\\n\n                            form.action = massal\\n\n                                ? 'http://jurnalkita.test/guru/jurnal/tidak-hadir-massal'\\n\n                                : 'http://jurnalkita.test/guru/jurnal';\\n\n\\n\n                            // Dropdown \"Kelas & Mata Pelajaran\" (blok-pilih-jadwal)\\n\n                            // disembunyikan total begitu massal aktif -- kelasnya\\n\n                            // udah ditandai lewat checklist di atas, jadi dropdown\\n\n                            // 1-kelas ini nggak relevan lagi. jadwal_id ikut\\n\n                            // di-disable biar \"required\"-nya nggak ngeblok submit.\\n\n                            // Presensi (blok-presensi) udah diurus syncStatusGuru()\\n\n                            // di atas (disembunyikan+dinonaktifkan begitu status\\n\n                            // Tidak Hadir dipilih, terlepas massal atau nggak).\\n\n                            if (blokPilihJadwal) blokPilihJadwal.hidden = massal;\\n\n                            if (jadwal) jadwal.disabled = massal;\\n\n                            syncTugasUmum();\\n\n                        }\\n\n                        document.querySelectorAll('input[name=\"tidak_hadir_sehari_penuh\"]').forEach((el) => el.addEventListener('change', syncMassal));\\n\n                        syncMassal();\\n\n\\n\n                        // Kartu kelas yang nggak dicentang -> field \"tugas khusus\"-nya\\n\n                        // ikut di-disable, biar nggak ketinggalan kesubmit walau\\n\n                        // kelasnya sendiri nggak ditandai. Minimal 1 kelas HARUS\\n\n                        // tetap tercentang -- kalau ini yang terakhir, batalin\\n\n                        // uncheck-nya (server juga nolak jadwal_ids kosong, tapi\\n\n                        // dicegah dari sini biar guru langsung ngerti kenapa).\\n\n                        const semuaCheckboxMassal = blokMassal.querySelectorAll('[data-checkbox-jadwal-massal]');\\n\n                        semuaCheckboxMassal.forEach((cb) => {\\n\n                            cb.addEventListener('change', () => {\\n\n                                if (!cb.checked && ! Array.from(semuaCheckboxMassal).some((c) => c.checked)) {\\n\n                                    cb.checked = true;\\n\n                                    alert('Pilih setidaknya satu kelas.');\\n\n                                    return;\\n\n                                }\\n\n                                const khusus = document.getElementById('tugas-khusus-' + cb.value);\\n\n                                khusus.querySelector('input').disabled = !cb.checked;\\n\n                                syncTugasUmum();\\n\n                            });\\n\n                        });\\n\n\\n\n                        // Tombol \"Tugas khusus\" -> munculin kotak teksnya, TANPA ikut\\n\n                        // nge-toggle checkbox kelas (makanya kartu di atas sengaja\\n\n                        // bukan <label> tunggal buat semuanya).\\n\n                        blokMassal.querySelectorAll('[data-toggle-khusus]').forEach((btn) => {\\n\n                            btn.addEventListener('click', () => {\\n\n                                const khusus = document.getElementById('tugas-khusus-' + btn.dataset.toggleKhusus);\\n\n                                khusus.hidden = false;\\n\n                                khusus.querySelector('input').disabled = false;\\n\n                                btn.hidden = true;\\n\n                                khusus.querySelector('input').focus();\\n\n                            });\\n\n                        });\\n\n                    }\\n\n\\n\n                    // Metode Pembelajaran \"Lainnya\" -> munculin kotak teks bebas\\n\n                    // (wajib diisi kalau \"Lainnya\" dipilih -- disabled pas\\n\n                    // disembunyiin biar required-nya nggak ikut ngeblok submit\\n\n                    // pas metode-nya BUKAN \"Lainnya\").\\n\n                    const metodeCustom = document.getElementById('metode_custom_wrap');\\n\n                    function syncMetode() {\\n\n                        const val = document.querySelector('input[name=\"metode_pilihan\"]:checked')?.value;\\n\n                        const lainnya = val === 'lainnya';\\n\n                        metodeCustom.hidden = ! lainnya;\\n\n                        metodeCustom.querySelector('input').disabled = ! lainnya;\\n\n                    }\\n\n                    document.querySelectorAll('input[name=\"metode_pilihan\"]').forEach((el) => el.addEventListener('change', syncMetode));\\n\n                    syncMetode();\\n\n                    syncTugasUmum();\\n\n                })();\\n\n            </script>\\n\n        </body>\\n\n</html>\\n\n' [UTF-8](length: 98336) contains \"Bebas Isi Jurnal (Tanggal Pilihan Sendiri)\" [ASCII](length: 42)."},{"test":"Tests\\Feature\\Guru\\WaliKelasTest::test_rekap_per_hari_menghitung_satu_status_utama_dalam_satu_hari","file":"/Users/rania/Code/Web/Laravel/Herd/jurnalkita/tests/Feature/Guru/WaliKelasTest.php","line":20,"message":"Failed asserting that '<!DOCTYPE html>\\n\n<html lang=\"id\" class=\"antialiased\">\\n\n<head>\\n\n    <meta charset=\"utf-8\">\\n\n    <meta name=\"viewport\" content=\"width=device-width, initial-scale=1, viewport-fit=cover\">\\n\n    <meta name=\"theme-color\" content=\"#1B2A4A\">\\n\n    <title>Rekap Kelas Wali \u00b7 jurnalkita</title>\\n\n\\n\n    \\n\n    <link rel=\"preload\" as=\"font\" href=\"http://jurnalkita.test/build/assets/inter-400-normal-C38fXH4l.woff2\" type=\"font/woff2\" crossorigin=\"anonymous\" />\\n\n<link rel=\"preload\" as=\"font\" href=\"http://jurnalkita.test/build/assets/inter-500-normal-Cerq10X2.woff2\" type=\"font/woff2\" crossorigin=\"anonymous\" />\\n\n<link rel=\"preload\" as=\"font\" href=\"http://jurnalkita.test/build/assets/inter-600-normal-LgqL8muc.woff2\" type=\"font/woff2\" crossorigin=\"anonymous\" />\\n\n<link rel=\"preload\" as=\"font\" href=\"http://jurnalkita.test/build/assets/inter-700-normal-Yt3aPRUw.woff2\" type=\"font/woff2\" crossorigin=\"anonymous\" />\\n\n<link rel=\"preload\" as=\"font\" href=\"http://jurnalkita.test/build/assets/inter-800-normal-BYj_oED-.woff2\" type=\"font/woff2\" crossorigin=\"anonymous\" />\\n\n<style>\\n\n@font-face {\\n\n  font-family: \"Inter\";\\n\n  font-style: normal;\\n\n  font-weight: 400;\\n\n  font-display: swap;\\n\n  src: url(\"/build/assets/inter-400-normal-C38fXH4l.woff2\") format(\"woff2\");\\n\n  unicode-range: U+0000-00FF,U+0131,U+0152-0153,U+02BB-02BC,U+02C6,U+02DA,U+02DC,U+0304,U+0308,U+0329,U+2000-206F,U+20AC,U+2122,U+2191,U+2193,U+2212,U+2215,U+FEFF,U+FFFD;\\n\n}\\n\n\\n\n@font-face {\\n\n  font-family: \"Inter\";\\n\n  font-style: normal;\\n\n  font-weight: 400;\\n\n  font-display: swap;\\n\n  src: url(\"/build/assets/inter-400-normal-CyCys3Eg.woff\") format(\"woff\");\\n\n  unicode-range: U+0000-00FF,U+0131,U+0152-0153,U+02BB-02BC,U+02C6,U+02DA,U+02DC,U+0304,U+0308,U+0329,U+2000-206F,U+20AC,U+2122,U+2191,U+2193,U+2212,U+2215,U+FEFF,U+FFFD;\\n\n}\\n\n\\n\n@font-face {\\n\n  font-family: \"Inter\";\\n\n  font-style: normal;\\n\n  font-weight: 500;\\n\n  font-display: swap;\\n\n  src: url(\"/build/assets/inter-500-normal-Cerq10X2.woff2\") format(\"woff2\");\\n\n  unicode-range: U+0000-00FF,U+0131,U+0152-0153,U+02BB-02BC,U+02C6,U+02DA,U+02DC,U+0304,U+0308,U+0329,U+2000-206F,U+20AC,U+2122,U+2191,U+2193,U+2212,U+2215,U+FEFF,U+FFFD;\\n\n}\\n\n\\n\n@font-face {\\n\n  font-family: \"Inter\";\\n\n  font-style: normal;\\n\n  font-weight: 500;\\n\n  font-display: swap;\\n\n  src: url(\"/build/assets/inter-500-normal-BL9OpVg8.woff\") format(\"woff\");\\n\n  unicode-range: U+0000-00FF,U+0131,U+0152-0153,U+02BB-02BC,U+02C6,U+02DA,U+02DC,U+0304,U+0308,U+0329,U+2000-206F,U+20AC,U+2122,U+2191,U+2193,U+2212,U+2215,U+FEFF,U+FFFD;\\n\n}\\n\n\\n\n@font-face {\\n\n  font-family: \"Inter\";\\n\n  font-style: normal;\\n\n  font-weight: 600;\\n\n  font-display: swap;\\n\n  src: url(\"/build/assets/inter-600-normal-LgqL8muc.woff2\") format(\"woff2\");\\n\n  unicode-range: U+0000-00FF,U+0131,U+0152-0153,U+02BB-02BC,U+02C6,U+02DA,U+02DC,U+0304,U+0308,U+0329,U+2000-206F,U+20AC,U+2122,U+2191,U+2193,U+2212,U+2215,U+FEFF,U+FFFD;\\n\n}\\n\n\\n\n@font-face {\\n\n  font-family: \"Inter\";\\n\n  font-style: normal;\\n\n  font-weight: 600;\\n\n  font-display: swap;\\n\n  src: url(\"/build/assets/inter-600-normal-CiBQ2DWP.woff\") format(\"woff\");\\n\n  unicode-range: U+0000-00FF,U+0131,U+0152-0153,U+02BB-02BC,U+02C6,U+02DA,U+02DC,U+0304,U+0308,U+0329,U+2000-206F,U+20AC,U+2122,U+2191,U+2193,U+2212,U+2215,U+FEFF,U+FFFD;\\n\n}\\n\n\\n\n@font-face {\\n\n  font-family: \"Inter\";\\n\n  font-style: normal;\\n\n  font-weight: 700;\\n\n  font-display: swap;\\n\n  src: url(\"/build/assets/inter-700-normal-Yt3aPRUw.woff2\") format(\"woff2\");\\n\n  unicode-range: U+0000-00FF,U+0131,U+0152-0153,U+02BB-02BC,U+02C6,U+02DA,U+02DC,U+0304,U+0308,U+0329,U+2000-206F,U+20AC,U+2122,U+2191,U+2193,U+2212,U+2215,U+FEFF,U+FFFD;\\n\n}\\n\n\\n\n@font-face {\\n\n  font-family: \"Inter\";\\n\n  font-style: normal;\\n\n  font-weight: 700;\\n\n  font-display: swap;\\n\n  src: url(\"/build/assets/inter-700-normal-BLAVimhd.woff\") format(\"woff\");\\n\n  unicode-range: U+0000-00FF,U+0131,U+0152-0153,U+02BB-02BC,U+02C6,U+02DA,U+02DC,U+0304,U+0308,U+0329,U+2000-206F,U+20AC,U+2122,U+2191,U+2193,U+2212,U+2215,U+FEFF,U+FFFD;\\n\n}\\n\n\\n\n@font-face {\\n\n  font-family: \"Inter\";\\n\n  font-style: normal;\\n\n  font-weight: 800;\\n\n  font-display: swap;\\n\n  src: url(\"/build/assets/inter-800-normal-BYj_oED-.woff2\") format(\"woff2\");\\n\n  unicode-range: U+0000-00FF,U+0131,U+0152-0153,U+02BB-02BC,U+02C6,U+02DA,U+02DC,U+0304,U+0308,U+0329,U+2000-206F,U+20AC,U+2122,U+2191,U+2193,U+2212,U+2215,U+FEFF,U+FFFD;\\n\n}\\n\n\\n\n@font-face {\\n\n  font-family: \"Inter\";\\n\n  font-style: normal;\\n\n  font-weight: 800;\\n\n  font-display: swap;\\n\n  src: url(\"/build/assets/inter-800-normal-D1mf63XC.woff\") format(\"woff\");\\n\n  unicode-range: U+0000-00FF,U+0131,U+0152-0153,U+02BB-02BC,U+02C6,U+02DA,U+02DC,U+0304,U+0308,U+0329,U+2000-206F,U+20AC,U+2122,U+2191,U+2193,U+2212,U+2215,U+FEFF,U+FFFD;\\n\n}\\n\n\\n\n:root {\\n\n  --font-inter: \"Inter\";\\n\n}\\n\n\\n\n.font-inter {\\n\n  font-family: var(--font-inter);\\n\n}\\n\n</style>\\n\n    \\n\n    <link rel=\"preconnect\" href=\"https://fonts.googleapis.com\">\\n\n    <link rel=\"preconnect\" href=\"https://fonts.gstatic.com\" crossorigin>\\n\n    <link\\n\n        href=\"https://fonts.googleapis.com/css2?family=Material+Symbols+Rounded:opsz,wght,FILL,GRAD@20..48,100..700,0..1,-50..200&display=block\"\\n\n        rel=\"stylesheet\"\\n\n    >\\n\n\\n\n    <link rel=\"preload\" as=\"style\" href=\"http://jurnalkita.test/build/assets/app-DNiD5wAK.css\" /><link rel=\"modulepreload\" as=\"script\" href=\"http://jurnalkita.test/build/assets/app-DEpmuWyn.js\" /><link rel=\"stylesheet\" href=\"http://jurnalkita.test/build/assets/app-DNiD5wAK.css\" /><script type=\"module\" src=\"http://jurnalkita.test/build/assets/app-DEpmuWyn.js\"></script>\\n\n    </head>\\n\n\\n\n<body class=\"min-h-screen bg-surface text-ink\">\\n\n    <div class=\"lg:flex lg:min-h-screen\">\\n\n        <aside class=\"hidden shrink-0 border-r border-surface-alt bg-card lg:block lg:w-64\">\\n\n    <div class=\"sticky top-0 flex h-screen flex-col px-4 py-6\">\\n\n        <a href=\"http://jurnalkita.test\" class=\"flex items-center gap-2 px-2\">\\n\n            <span class=\"flex h-9 w-9 items-center justify-center rounded-xl bg-navy text-card\">\\n\n                <span\\n\n    class=\"material-symbols-rounded select-none leading-none\"\\n\n    style=\"font-size: 20px; font-variation-settings: 'FILL' 1, 'wght' 400, 'GRAD' 0, 'opsz' 20;\"\\n\n    aria-hidden=\"true\"\\n\n>menu_book</span>\\n\n            </span>\\n\n            <span class=\"text-base font-extrabold text-ink\">jurnalkita</span>\\n\n        </a>\\n\n\\n\n                    <nav class=\"mt-8 flex flex-1 flex-col gap-1\" aria-label=\"Navigasi utama\">\\n\n                                    <a\\n\n                        href=\"http://jurnalkita.test/guru\"\\n\n                        class=\"flex items-center gap-3 rounded-lg px-3 py-2.5 text-sm font-semibold transition-colors text-muted hover:bg-surface hover:text-ink\"\\n\n                                            >\\n\n                        <span\\n\n    class=\"material-symbols-rounded select-none leading-none\"\\n\n    style=\"font-size: 20px; font-variation-settings: 'FILL' 0, 'wght' 400, 'GRAD' 0, 'opsz' 20;\"\\n\n    aria-hidden=\"true\"\\n\n>home</span>\\n\n                        <span>Beranda</span>\\n\n                    </a>\\n\n                                    <a\\n\n                        href=\"http://jurnalkita.test/guru/jurnal\"\\n\n                        class=\"flex items-center gap-3 rounded-lg px-3 py-2.5 text-sm font-semibold transition-colors text-muted hover:bg-surface hover:text-ink\"\\n\n                                            >\\n\n                        <span\\n\n    class=\"material-symbols-rounded select-none leading-none\"\\n\n    style=\"font-size: 20px; font-variation-settings: 'FILL' 0, 'wght' 400, 'GRAD' 0, 'opsz' 20;\"\\n\n    aria-hidden=\"true\"\\n\n>menu_book</span>\\n\n                        <span>Riwayat</span>\\n\n                    </a>\\n\n                                    <a\\n\n                        href=\"http://jurnalkita.test/guru/jurnal/tambah\"\\n\n                        class=\"flex items-center gap-3 rounded-lg px-3 py-2.5 text-sm font-semibold transition-colors text-muted hover:bg-surface hover:text-ink\"\\n\n                                            >\\n\n                        <span\\n\n    class=\"material-symbols-rounded select-none leading-none\"\\n\n    style=\"font-size: 20px; font-variation-settings: 'FILL' 0, 'wght' 400, 'GRAD' 0, 'opsz' 20;\"\\n\n    aria-hidden=\"true\"\\n\n>edit_note</span>\\n\n                        <span>Isi Jurnal</span>\\n\n                    </a>\\n\n                                    <a\\n\n                        href=\"http://jurnalkita.test/guru/jadwal\"\\n\n                        class=\"flex items-center gap-3 rounded-lg px-3 py-2.5 text-sm font-semibold transition-colors text-muted hover:bg-surface hover:text-ink\"\\n\n                                            >\\n\n                        <span\\n\n    class=\"material-symbols-rounded select-none leading-none\"\\n\n    style=\"font-size: 20px; font-variation-settings: 'FILL' 0, 'wght' 400, 'GRAD' 0, 'opsz' 20;\"\\n\n    aria-hidden=\"true\"\\n\n>calendar_month</span>\\n\n                        <span>Jadwal</span>\\n\n                    </a>\\n\n                                    <a\\n\n                        href=\"http://jurnalkita.test/piket/monitor\"\\n\n                        class=\"flex items-center gap-3 rounded-lg px-3 py-2.5 text-sm font-semibold transition-colors text-muted hover:bg-surface hover:text-ink\"\\n\n                                            >\\n\n                        <span\\n\n    class=\"material-symbols-rounded select-none leading-none\"\\n\n    style=\"font-size: 20px; font-variation-settings: 'FILL' 0, 'wght' 400, 'GRAD' 0, 'opsz' 20;\"\\n\n    aria-hidden=\"true\"\\n\n>monitoring</span>\\n\n                        <span>Monitor</span>\\n\n                    </a>\\n\n                                    <a\\n\n                        href=\"http://jurnalkita.test/guru/wali-kelas\"\\n\n                        class=\"flex items-center gap-3 rounded-lg px-3 py-2.5 text-sm font-semibold transition-colors bg-surface text-navy\"\\n\n                         aria-current=\"page\"                     >\\n\n                        <span\\n\n    class=\"material-symbols-rounded select-none leading-none\"\\n\n    style=\"font-size: 20px; font-variation-settings: 'FILL' 1, 'wght' 400, 'GRAD' 0, 'opsz' 20;\"\\n\n    aria-hidden=\"true\"\\n\n>groups</span>\\n\n                        <span>Wali Kelas</span>\\n\n                    </a>\\n\n                                    <a\\n\n                        href=\"http://jurnalkita.test/profil\"\\n\n                        class=\"flex items-center gap-3 rounded-lg px-3 py-2.5 text-sm font-semibold transition-colors text-muted hover:bg-surface hover:text-ink\"\\n\n                                            >\\n\n                        <span\\n\n    class=\"material-symbols-rounded select-none leading-none\"\\n\n    style=\"font-size: 20px; font-variation-settings: 'FILL' 0, 'wght' 400, 'GRAD' 0, 'opsz' 20;\"\\n\n    aria-hidden=\"true\"\\n\n>person</span>\\n\n                        <span>Profil</span>\\n\n                    </a>\\n\n                            </nav>\\n\n\\n\n            <form method=\"POST\" action=\"http://jurnalkita.test/logout\" class=\"contents\">\\n\n    <input type=\"hidden\" name=\"_token\" value=\"mzz3JvvoR6lQ7qssgBm9SzwWtLCridYK8lE1CTSK\" autocomplete=\"off\">            <button type=\"submit\" data-confirm=\"Yakin ingin keluar?\" class=\"flex w-full items-center gap-3 rounded-lg px-3 py-2.5 text-sm font-semibold text-alpha transition-colors hover:bg-alpha-soft\">\\n\n            <span\\n\n    class=\"material-symbols-rounded select-none leading-none\"\\n\n    style=\"font-size: 20px; font-variation-settings: 'FILL' 0, 'wght' 400, 'GRAD' 0, 'opsz' 20;\"\\n\n    aria-hidden=\"true\"\\n\n>logout</span>\\n\n            Keluar\\n\n        </button>\\n\n    </form>\\n\n            </div>\\n\n</aside>\\n\n\\n\n        <div class=\"flex w-full min-w-0 flex-col\">\\n\n            <div class=\"sticky top-0 z-30\">\\n\n    <header class=\"flex items-center justify-between gap-3 border-b border-surface-alt bg-card/95 px-4 py-2.5 backdrop-blur sm:px-6 lg:px-10\">\\n\n        \\n\n        <a href=\"http://jurnalkita.test/profil\" class=\"flex min-w-0 items-center gap-2.5\">\\n\n            <span class=\"flex h-9 w-9 shrink-0 items-center justify-center rounded-full bg-navy text-xs font-bold text-card\">DD</span>\\n\n            <span class=\"flex min-w-0 flex-col leading-tight\">\\n\n                <span class=\"truncate text-sm font-semibold text-ink\">Dr. Deondre Douglas Sr.</span>\\n\n                <span class=\"truncate text-[11px] font-bold text-muted\">Guru</span>\\n\n            </span>\\n\n        </a>\\n\n\\n\n        <div class=\"flex shrink-0 items-center gap-1.5\">\\n\n            \\n\n            \\n\n            <button type=\"button\" data-modal-open=\"modal-notifikasi\" data-ajax-url=\"http://jurnalkita.test/notifikasi/fragment\" data-notif-jumlah-url=\"http://jurnalkita.test/notifikasi/jumlah\" class=\"relative flex h-9 w-9 items-center justify-center rounded-full bg-surface-alt text-muted transition-colors hover:text-navy\" aria-label=\"Notifikasi\">\\n\n                <span\\n\n    class=\"material-symbols-rounded select-none leading-none\"\\n\n    style=\"font-size: 20px; font-variation-settings: 'FILL' 0, 'wght' 400, 'GRAD' 0, 'opsz' 20;\"\\n\n    aria-hidden=\"true\"\\n\n>notifications</span>\\n\n                <span data-notif-titik class=\"absolute right-1 top-1 flex h-2.5 w-2.5 rounded-full bg-alpha ring-2 ring-card\"  hidden ></span>\\n\n            </button>\\n\n\\n\n            \\n\n            <span class=\"lg:hidden\">\\n\n                <form method=\"POST\" action=\"http://jurnalkita.test/logout\" class=\"contents\">\\n\n    <input type=\"hidden\" name=\"_token\" value=\"mzz3JvvoR6lQ7qssgBm9SzwWtLCridYK8lE1CTSK\" autocomplete=\"off\">            <button type=\"submit\" data-confirm=\"Yakin ingin keluar?\" class=\"flex h-9 w-9 items-center justify-center rounded-full bg-surface-alt text-muted transition-colors hover:bg-alpha-soft hover:text-alpha\" aria-label=\"Keluar\">\\n\n            <span\\n\n    class=\"material-symbols-rounded select-none leading-none\"\\n\n    style=\"font-size: 18px; font-variation-settings: 'FILL' 0, 'wght' 400, 'GRAD' 0, 'opsz' 18;\"\\n\n    aria-hidden=\"true\"\\n\n>logout</span>\\n\n        </button>\\n\n    </form>\\n\n            </span>\\n\n        </div>\\n\n    </header>\\n\n\\n\n            \\n\n        <div class=\"px-3 sm:px-6 lg:px-10\">\\n\n            <div class=\"-mt-px flex items-center justify-between gap-2 rounded-b-xl bg-navy px-3.5 py-2 text-card shadow-sm sm:rounded-b-2xl sm:px-5 sm:py-1.5\">\\n\n\\n\n                \\n\n                <p class=\"text-sm font-bold leading-tight text-card sm:text-base\">\\n\n                    Di luar jam pelajaran\\n\n                </p>\\n\n\\n\n                \\n\n                <div class=\"flex shrink-0 items-center gap-1 text-[11px] text-card sm:text-xs\">\\n\n                    <span\\n\n    class=\"material-symbols-rounded select-none leading-none shrink-0 text-card/80\"\\n\n    style=\"font-size: 11px; font-variation-settings: 'FILL' 0, 'wght' 400, 'GRAD' 0, 'opsz' 11;\"\\n\n    aria-hidden=\"true\"\\n\n>schedule</span>\\n\n                    <span class=\"hidden sm:inline\">Selasa, 6 Oktober 2026</span>\\n\n                    <span class=\"sm:hidden\">Selasa, 6 Okt</span>\\n\n                    <span class=\"text-card/60\">\u00b7</span>\\n\n                    <span class=\"tabular-nums font-mono\" data-jam-sekarang>20:32:10</span>\\n\n                </div>\\n\n            </div>\\n\n        </div>\\n\n    </div>\\n\n\\n\n\\n\n<dialog\\n\n    id=\"modal-notifikasi\"\\n\n    style=\"width: min(44rem, calc(100vw - 2rem))\"\\n\n    class=\"fixed inset-0 m-auto h-fit max-h-[calc(100dvh-2rem)] overflow-visible rounded-2xl border-0 bg-card p-0 text-ink shadow-2xl backdrop:bg-navy/30 backdrop:backdrop-blur-sm\"\\n\n>\\n\n    <div class=\"flex items-center justify-between border-b border-surface-alt px-5 py-3.5\">\\n\n        <h3 class=\"text-base font-bold text-ink\" data-modal-title>Notifikasi</h3>\\n\n        <button type=\"button\" data-modal-close class=\"flex h-8 w-8 items-center justify-center rounded-lg text-muted hover:bg-surface-alt hover:text-ink\" aria-label=\"Tutup\">\\n\n            <span\\n\n    class=\"material-symbols-rounded select-none leading-none\"\\n\n    style=\"font-size: 18px; font-variation-settings: 'FILL' 0, 'wght' 400, 'GRAD' 0, 'opsz' 18;\"\\n\n    aria-hidden=\"true\"\\n\n>close</span>\\n\n        </button>\\n\n    </div>\\n\n\\n\n    <div class=\"max-h-[calc(100dvh-8rem)] overflow-y-auto p-5\">\\n\n        <div data-modal-ajax-target></div>\\n\n    </div>\\n\n</dialog>\\n\n\\n\n\\n\n            \\n\n            \\n\n            <main class=\"mx-auto w-full max-w-[1600px] flex-1 px-4 pb-24 pt-4 sm:px-6 sm:pt-6 lg:px-10 lg:pb-16 lg:pt-10\">\\n\n                                                                                                                            \\n\n                <div class=\"mb-5\">\\n\n    \\n\n    <header class=\"flex flex-col items-stretch sm:flex-row sm:items-start gap-3\">\\n\n        \\n\n        <div class=\"flex flex-1 min-w-0 items-start gap-3\">\\n\n                        <div class=\"flex flex-1 flex-col gap-0.5 min-w-0\">\\n\n                                    <h1 class=\"break-words font-bold leading-tight text-ink text-base lg:text-lg\">Rekap Kehadiran Kelas</h1>\\n\n                                                    <p class=\"min-w-0 break-words text-sm leading-snug text-muted lg:text-[15px]\">X RPL 1 \u00b7 Anda adalah wali kelas ini</p>\\n\n                            </div>\\n\n        </div>\\n\n\\n\n            </header>\\n\n</div>\\n\n\\n\n    <div class=\"mb-4 flex gap-1 overflow-x-auto rounded-lg border border-surface-alt bg-card p-1\">\\n\n        <a href=\"http://jurnalkita.test/guru/wali-kelas/1\"\\n\n           class=\"flex-1 rounded-md px-2.5 py-1.5 text-center text-xs font-semibold whitespace-nowrap bg-navy text-card\">\\n\n            Rekap Kehadiran\\n\n        </a>\\n\n        <a href=\"http://jurnalkita.test/guru/wali-kelas/1/jurnal\"\\n\n           class=\"flex-1 rounded-md px-2.5 py-1.5 text-center text-xs font-semibold whitespace-nowrap text-muted-2 hover:text-ink\">\\n\n            Jurnal Harian\\n\n        </a>\\n\n    </div>\\n\n\\n\n    \\n\n    <form method=\"GET\" action=\"http://jurnalkita.test/guru/wali-kelas/1\" class=\"mb-4 flex flex-wrap items-end gap-3\">\\n\n    <input type=\"hidden\" name=\"tipe\" id=\"filter-tipe\" value=\"hari\" />\\n\n        <label class=\"flex min-w-[6.5rem] flex-1 flex-col gap-1\">\\n\n    <span class=\"text-xs font-semibold text-muted-2\">Dari tanggal</span>\\n\n    <input type=\"date\" name=\"dari\" value=\"\"\\n\n        data-pasangan=\"sampai\"\\n\n        class=\"h-10 w-full rounded-lg border border-surface-alt bg-card px-3 text-sm text-ink outline-none focus:border-navy\">\\n\n</label>\\n\n\\n\n                        <label class=\"flex min-w-[6.5rem] flex-1 flex-col gap-1\">\\n\n    <span class=\"text-xs font-semibold text-muted-2\">Sampai tanggal</span>\\n\n    <input type=\"date\" name=\"sampai\" value=\"\"\\n\n        onchange=\"this.form.submit()\"\\n\n        class=\"h-10 w-full rounded-lg border border-surface-alt bg-card px-3 text-sm text-ink outline-none focus:border-navy\">\\n\n</label>\\n\n</form>\\n\n\\n\n    \\n\n    <div class=\"mb-4 flex flex-col sm:flex-row sm:items-center sm:justify-between gap-3\">\\n\n        <div class=\"inline-flex rounded-xl border border-surface-alt bg-card p-1 shadow-xs text-xs font-semibold\">\\n\n            <button type=\"button\"\\n\n                id=\"btn-tipe-hari\"\\n\n                class=\"flex items-center gap-1.5 rounded-lg px-3 py-1.5 transition-all bg-navy text-card\"\\n\n                data-switch-tipe=\"hari\">\\n\n                <span\\n\n    class=\"material-symbols-rounded select-none leading-none\"\\n\n    style=\"font-size: 16px; font-variation-settings: 'FILL' 0, 'wght' 400, 'GRAD' 0, 'opsz' 16;\"\\n\n    aria-hidden=\"true\"\\n\n>calendar_today</span>\\n\n                <span>Per Hari</span>\\n\n            </button>\\n\n            <button type=\"button\"\\n\n                id=\"btn-tipe-mapel\"\\n\n                class=\"flex items-center gap-1.5 rounded-lg px-3 py-1.5 transition-all text-muted-2 hover:text-ink\"\\n\n                data-switch-tipe=\"mapel\">\\n\n                <span\\n\n    class=\"material-symbols-rounded select-none leading-none\"\\n\n    style=\"font-size: 16px; font-variation-settings: 'FILL' 0, 'wght' 400, 'GRAD' 0, 'opsz' 16;\"\\n\n    aria-hidden=\"true\"\\n\n>menu_book</span>\\n\n                <span>Per Mapel</span>\\n\n            </button>\\n\n        </div>\\n\n        <p class=\"text-xs text-muted-2 flex items-center gap-1.5\">\\n\n            <span\\n\n    class=\"material-symbols-rounded select-none leading-none\"\\n\n    style=\"font-size: 15px; font-variation-settings: 'FILL' 0, 'wght' 400, 'GRAD' 0, 'opsz' 15;\"\\n\n    aria-hidden=\"true\"\\n\n>touch_app</span>\\n\n            <span>Klik baris / kartu siswa untuk melihat rincian mapel & riwayat</span>\\n\n        </p>\\n\n    </div>\\n\n\\n\n    <div class=\"mb-4\">\\n\n        <div class=\"flex h-10 items-center gap-2 rounded-lg border border-surface-alt bg-card px-3\" data-search-bar>\\n\n    <span\\n\n    class=\"material-symbols-rounded select-none leading-none shrink-0 text-muted\"\\n\n    style=\"font-size: 16px; font-variation-settings: 'FILL' 0, 'wght' 400, 'GRAD' 0, 'opsz' 16;\"\\n\n    aria-hidden=\"true\"\\n\n>search</span>\\n\n    <input\\n\n        type=\"text\"\\n\n        name=\"q\"\\n\n        placeholder=\"Cari nama siswa...\"\\n\n        data-search-input\\n\n        class=\"w-full border-none bg-transparent text-sm text-ink outline-none placeholder:text-muted\" id=\"cari-rekap-wali\"\\n\n    >\\n\n    <button\\n\n        type=\"button\"\\n\n        data-search-reset\\n\n        hidden\\n\n        class=\"flex shrink-0 items-center text-muted hover:text-alpha\"\\n\n        aria-label=\"Hapus pencarian\"\\n\n    >\\n\n        <span\\n\n    class=\"material-symbols-rounded select-none leading-none shrink-0\"\\n\n    style=\"font-size: 16px; font-variation-settings: 'FILL' 0, 'wght' 400, 'GRAD' 0, 'opsz' 16;\"\\n\n    aria-hidden=\"true\"\\n\n>close</span>\\n\n    </button>\\n\n</div>\\n\n\\n\n        </div>\\n\n\\n\n            <div class=\"hidden sm:block\">\\n\n            <div class=\"overflow-x-auto rounded-xl border border-surface-alt bg-card\">\\n\n    <table class=\"responsive-table w-full text-left text-sm\">\\n\n                    <thead>\\n\n                <tr class=\"border-b border-surface-alt\">\\n\n                                            <th class=\"px-4 py-3 text-xs font-bold uppercase tracking-wide text-muted-2\">No.</th>\\n\n                                            <th class=\"px-4 py-3 text-xs font-bold uppercase tracking-wide text-muted-2\">Nama</th>\\n\n                                            <th class=\"px-4 py-3 text-xs font-bold uppercase tracking-wide text-muted-2\">Hadir</th>\\n\n                                            <th class=\"px-4 py-3 text-xs font-bold uppercase tracking-wide text-muted-2\">Sakit</th>\\n\n                                            <th class=\"px-4 py-3 text-xs font-bold uppercase tracking-wide text-muted-2\">Izin</th>\\n\n                                            <th class=\"px-4 py-3 text-xs font-bold uppercase tracking-wide text-muted-2\">Alpha</th>\\n\n                                            <th class=\"px-4 py-3 text-xs font-bold uppercase tracking-wide text-muted-2\">Dispensasi</th>\\n\n                                    </tr>\\n\n            </thead>\\n\n                <tbody class=\"divide-y divide-surface-alt\">\\n\n            <tr\\n\n                        data-rekap-item\\n\n                        data-cari=\"budi\"\\n\n                        data-modal-open=\"modal-rekap-siswa\"\\n\n                        data-modal-title=\"Detail Kehadiran: Budi\"\\n\n                        data-ajax-url=\"http://jurnalkita.test/guru/wali-kelas/1/siswa/1/fragment\"\\n\n                        class=\"cursor-pointer hover:bg-surface-alt/40 transition-colors\"\\n\n                        title=\"Klik untuk melihat rincian mapel & riwayat\"\\n\n                    >\\n\n                        <td class=\"px-4 py-2.5 text-muted\">\u2014</td>\\n\n                        <td class=\"px-4 py-2.5 font-semibold text-ink\">\\n\n                            <div class=\"flex items-center justify-between gap-2\">\\n\n                                <span>Budi</span>\\n\n                                <span\\n\n    class=\"material-symbols-rounded select-none leading-none text-muted-2 opacity-50\"\\n\n    style=\"font-size: 16px; font-variation-settings: 'FILL' 0, 'wght' 400, 'GRAD' 0, 'opsz' 16;\"\\n\n    aria-hidden=\"true\"\\n\n>chevron_right</span>\\n\n                            </div>\\n\n                        </td>\\n\n                        <td class=\"px-4 py-2.5\">\\n\n                            <span data-tipe=\"hari\" class=\"\"></span>\\n\n                            <span data-tipe=\"mapel\" class=\"hidden\"><span class=\"inline-flex h-6 min-w-[1.5rem] items-center justify-center rounded-full px-1.5 text-[11px] font-bold bg-hadir-soft text-hadir\">1</span>\\n\n</span>\\n\n                        </td>\\n\n                        <td class=\"px-4 py-2.5\">\\n\n                            <span data-tipe=\"hari\" class=\"\"><span class=\"inline-flex h-6 min-w-[1.5rem] items-center justify-center rounded-full px-1.5 text-[11px] font-bold bg-sakit-soft text-sakit\">1</span>\\n\n</span>\\n\n                            <span data-tipe=\"mapel\" class=\"hidden\"><span class=\"inline-flex h-6 min-w-[1.5rem] items-center justify-center rounded-full px-1.5 text-[11px] font-bold bg-sakit-soft text-sakit\">1</span>\\n\n</span>\\n\n                        </td>\\n\n                        <td class=\"px-4 py-2.5\">\\n\n                            <span data-tipe=\"hari\" class=\"\"></span>\\n\n                            <span data-tipe=\"mapel\" class=\"hidden\"></span>\\n\n                        </td>\\n\n                        <td class=\"px-4 py-2.5\">\\n\n                            <span data-tipe=\"hari\" class=\"\"></span>\\n\n                            <span data-tipe=\"mapel\" class=\"hidden\"></span>\\n\n                        </td>\\n\n                        <td class=\"px-4 py-2.5\">\\n\n                            <span data-tipe=\"hari\" class=\"\"></span>\\n\n                            <span data-tipe=\"mapel\" class=\"hidden\"></span>\\n\n                        </td>\\n\n                    </tr>\\n\n        </tbody>\\n\n    </table>\\n\n</div>\\n\n        </div>\\n\n\\n\n        <div class=\"sm:hidden\">\\n\n            <div class=\"mb-2 flex flex-wrap items-center gap-x-3 gap-y-1 text-[11px] text-muted-2\">\\n\n    <span class=\"inline-flex items-center gap-1\"><span class=\"h-2 w-2 rounded-full bg-hadir\"></span>Hadir</span>\\n\n    <span class=\"inline-flex items-center gap-1\"><span class=\"h-2 w-2 rounded-full bg-sakit\"></span>Sakit</span>\\n\n    <span class=\"inline-flex items-center gap-1\"><span class=\"h-2 w-2 rounded-full bg-izin\"></span>Izin</span>\\n\n    <span class=\"inline-flex items-center gap-1\"><span class=\"h-2 w-2 rounded-full bg-alpha\"></span>Alpha</span>\\n\n    <span class=\"inline-flex items-center gap-1\"><span class=\"h-2 w-2 rounded-full bg-dispen\"></span>Dispensasi</span>\\n\n</div>\\n\n            <div class=\"flex flex-col gap-2\">\\n\n                                                        <div data-rekap-item data-cari=\"budi\">\\n\n                        <div data-tipe=\"hari\" class=\"\">\\n\n                            <div class=\"flex items-center justify-between gap-3 rounded-xl border border-surface-alt bg-card p-3 cursor-pointer hover:border-navy/40 transition\" data-modal-open=\"modal-rekap-siswa\" data-modal-title=\"Detail Kehadiran: Budi\" data-ajax-url=\"http://jurnalkita.test/guru/wali-kelas/1/siswa/1/fragment\">\\n\n    <div class=\"min-w-0\">\\n\n        <p class=\"truncate text-sm font-semibold text-ink\">Budi</p>\\n\n                    <p class=\"truncate text-xs text-muted-2\">No. \u2014</p>\\n\n            </div>\\n\n    <div class=\"flex shrink-0 flex-wrap justify-end gap-1\">\\n\n                <span class=\"inline-flex h-6 min-w-[1.5rem] items-center justify-center rounded-full px-1.5 text-[11px] font-bold bg-sakit-soft text-sakit\">1</span>\\n\n                            </div>\\n\n</div>\\n\n                        </div>\\n\n                        <div data-tipe=\"mapel\" class=\"hidden\">\\n\n                            <div class=\"flex items-center justify-between gap-3 rounded-xl border border-surface-alt bg-card p-3 cursor-pointer hover:border-navy/40 transition\" data-modal-open=\"modal-rekap-siswa\" data-modal-title=\"Detail Kehadiran: Budi\" data-ajax-url=\"http://jurnalkita.test/guru/wali-kelas/1/siswa/1/fragment\">\\n\n    <div class=\"min-w-0\">\\n\n        <p class=\"truncate text-sm font-semibold text-ink\">Budi</p>\\n\n                    <p class=\"truncate text-xs text-muted-2\">No. \u2014</p>\\n\n            </div>\\n\n    <div class=\"flex shrink-0 flex-wrap justify-end gap-1\">\\n\n        <span class=\"inline-flex h-6 min-w-[1.5rem] items-center justify-center rounded-full px-1.5 text-[11px] font-bold bg-hadir-soft text-hadir\">1</span>\\n\n        <span class=\"inline-flex h-6 min-w-[1.5rem] items-center justify-center rounded-full px-1.5 text-[11px] font-bold bg-sakit-soft text-sakit\">1</span>\\n\n                            </div>\\n\n</div>\\n\n                        </div>\\n\n                    </div>\\n\n                            </div>\\n\n        </div>\\n\n        <p id=\"rekap-wali-kosong\" hidden class=\"rounded-xl border border-dashed border-surface-alt bg-card p-6 text-center text-sm text-muted-2\">\\n\n            Tidak ada siswa yang cocok dengan pencarian.\\n\n        </p>\\n\n        <p class=\"mt-3 text-xs text-muted-2\">\\n\n            <span id=\"ket-tipe-hari\" class=\"\">\\n\n                Dihitung <strong>per hari</strong> (kehadiran harian) dari jurnal yang sudah diisi sepanjang riwayat.\\n\n            </span>\\n\n            <span id=\"ket-tipe-mapel\" class=\"hidden\">\\n\n                Dihitung <strong>per mapel</strong> (jam pelajaran) dari jurnal yang sudah diisi sepanjang riwayat.\\n\n            </span>\\n\n            Belum termasuk jam pelajaran yang jurnalnya belum diisi guru.\\n\n        </p>\\n\n    \\n\n    \\n\n    <dialog\\n\n    id=\"modal-rekap-siswa\"\\n\n    style=\"width: min(44rem, calc(100vw - 2rem))\"\\n\n    class=\"fixed inset-0 m-auto h-fit max-h-[calc(100dvh-2rem)] overflow-visible rounded-2xl border-0 bg-card p-0 text-ink shadow-2xl backdrop:bg-navy/30 backdrop:backdrop-blur-sm\"\\n\n>\\n\n    <div class=\"flex items-center justify-between border-b border-surface-alt px-5 py-3.5\">\\n\n        <h3 class=\"text-base font-bold text-ink\" data-modal-title>Detail Rekap Kehadiran</h3>\\n\n        <button type=\"button\" data-modal-close class=\"flex h-8 w-8 items-center justify-center rounded-lg text-muted hover:bg-surface-alt hover:text-ink\" aria-label=\"Tutup\">\\n\n            <span\\n\n    class=\"material-symbols-rounded select-none leading-none\"\\n\n    style=\"font-size: 18px; font-variation-settings: 'FILL' 0, 'wght' 400, 'GRAD' 0, 'opsz' 18;\"\\n\n    aria-hidden=\"true\"\\n\n>close</span>\\n\n        </button>\\n\n    </div>\\n\n\\n\n    <div class=\"max-h-[calc(100dvh-8rem)] overflow-y-auto p-5\">\\n\n        <div data-modal-ajax-target></div>\\n\n    </div>\\n\n</dialog>\\n\n            </main>\\n\n        </div>\\n\n    </div>\\n\n\\n\n    \\n\n    <nav\\n\n        class=\"fixed inset-x-0 bottom-0 z-40 h-16 border-t border-surface-alt bg-card lg:hidden\"\\n\n        style=\"padding-bottom: env(safe-area-inset-bottom);\"\\n\n        aria-label=\"Navigasi utama\"\\n\n    >\\n\n        <div class=\"relative mx-auto flex h-16 max-w-lg items-stretch\">\\n\n            <ul class=\"flex flex-1 items-stretch justify-around\">\\n\n                                    <li class=\"flex-1\">\\n\n    <a\\n\n        href=\"http://jurnalkita.test/guru\"\\n\n        class=\"flex h-full flex-col items-center justify-center gap-0.5 text-[10px] font-semibold transition-colors text-muted-2\"\\n\n            >\\n\n        <span\\n\n    class=\"material-symbols-rounded select-none leading-none\"\\n\n    style=\"font-size: 24px; font-variation-settings: 'FILL' 0, 'wght' 400, 'GRAD' 0, 'opsz' 24;\"\\n\n    aria-hidden=\"true\"\\n\n>home</span>\\n\n        <span>Beranda</span>\\n\n    </a>\\n\n</li>\\n\n                                    <li class=\"flex-1\">\\n\n    <a\\n\n        href=\"http://jurnalkita.test/guru/jurnal\"\\n\n        class=\"flex h-full flex-col items-center justify-center gap-0.5 text-[10px] font-semibold transition-colors text-muted-2\"\\n\n            >\\n\n        <span\\n\n    class=\"material-symbols-rounded select-none leading-none\"\\n\n    style=\"font-size: 24px; font-variation-settings: 'FILL' 0, 'wght' 400, 'GRAD' 0, 'opsz' 24;\"\\n\n    aria-hidden=\"true\"\\n\n>menu_book</span>\\n\n        <span>Riwayat</span>\\n\n    </a>\\n\n</li>\\n\n                                    <li class=\"flex-1\">\\n\n    <a\\n\n        href=\"http://jurnalkita.test/guru/jadwal\"\\n\n        class=\"flex h-full flex-col items-center justify-center gap-0.5 text-[10px] font-semibold transition-colors text-muted-2\"\\n\n            >\\n\n        <span\\n\n    class=\"material-symbols-rounded select-none leading-none\"\\n\n    style=\"font-size: 24px; font-variation-settings: 'FILL' 0, 'wght' 400, 'GRAD' 0, 'opsz' 24;\"\\n\n    aria-hidden=\"true\"\\n\n>calendar_month</span>\\n\n        <span>Jadwal</span>\\n\n    </a>\\n\n</li>\\n\n                                    <li class=\"flex-1\">\\n\n    <a\\n\n        href=\"http://jurnalkita.test/piket/monitor\"\\n\n        class=\"flex h-full flex-col items-center justify-center gap-0.5 text-[10px] font-semibold transition-colors text-muted-2\"\\n\n            >\\n\n        <span\\n\n    class=\"material-symbols-rounded select-none leading-none\"\\n\n    style=\"font-size: 24px; font-variation-settings: 'FILL' 0, 'wght' 400, 'GRAD' 0, 'opsz' 24;\"\\n\n    aria-hidden=\"true\"\\n\n>monitoring</span>\\n\n        <span>Monitor</span>\\n\n    </a>\\n\n</li>\\n\n                                    <li class=\"flex-1\">\\n\n    <a\\n\n        href=\"http://jurnalkita.test/guru/wali-kelas\"\\n\n        class=\"flex h-full flex-col items-center justify-center gap-0.5 text-[10px] font-semibold transition-colors text-navy\"\\n\n         aria-current=\"page\"     >\\n\n        <span\\n\n    class=\"material-symbols-rounded select-none leading-none\"\\n\n    style=\"font-size: 24px; font-variation-settings: 'FILL' 1, 'wght' 400, 'GRAD' 0, 'opsz' 24;\"\\n\n    aria-hidden=\"true\"\\n\n>groups</span>\\n\n        <span>Wali Kelas</span>\\n\n    </a>\\n\n</li>\\n\n                                    <li class=\"flex-1\">\\n\n    <a\\n\n        href=\"http://jurnalkita.test/profil\"\\n\n        class=\"flex h-full flex-col items-center justify-center gap-0.5 text-[10px] font-semibold transition-colors text-muted-2\"\\n\n            >\\n\n        <span\\n\n    class=\"material-symbols-rounded select-none leading-none\"\\n\n    style=\"font-size: 24px; font-variation-settings: 'FILL' 0, 'wght' 400, 'GRAD' 0, 'opsz' 24;\"\\n\n    aria-hidden=\"true\"\\n\n>person</span>\\n\n        <span>Profil</span>\\n\n    </a>\\n\n</li>\\n\n                            </ul>\\n\n\\n\n                            \\n\n                <div class=\"w-24 shrink-0\" aria-hidden=\"true\"></div>\\n\n\\n\n                <a\\n\n                    href=\"http://jurnalkita.test/guru/jurnal/tambah\"\\n\n                    data-nav-fab\\n\n                    class=\"press absolute right-1 top-0 flex h-20 w-20 -translate-y-8 flex-col items-center justify-center gap-0.5 rounded-full bg-navy text-card shadow-lg shadow-navy/30 ring-4 ring-surface\"\\n\n                >\\n\n                    <span\\n\n    class=\"material-symbols-rounded select-none leading-none\"\\n\n    style=\"font-size: 22px; font-variation-settings: 'FILL' 1, 'wght' 400, 'GRAD' 0, 'opsz' 22;\"\\n\n    aria-hidden=\"true\"\\n\n>edit_note</span>\\n\n                    <span class=\"text-[10px] font-bold leading-none whitespace-nowrap\">Isi Jurnal</span>\\n\n                </a>\\n\n                    </div>\\n\n    </nav>\\n\n\\n\n                <script>\\n\n                (function () {\\n\n                    // Kalau \"Dari\" diganti jadi lebih belakang dari \"Sampai\"\\n\n                    // yang lagi keisi, majuin \"Sampai\" ikut biar rentangnya\\n\n                    // gak pernah kebalik (Sampai < Dari). Perbandingan string\\n\n                    // aman soalnya <input type=date> nilainya SELALU format\\n\n                    // ISO yyyy-mm-dd, itu ngurut sama kayak ngurut tanggal asli.\\n\n                    document.querySelectorAll('[data-pasangan]').forEach((dariInput) => {\\n\n                        const form = dariInput.closest('form');\\n\n                        const sampaiInput = form?.querySelector(`[name=\"${dariInput.dataset.pasangan}\"]`);\\n\n                        if (!form || !sampaiInput) return;\\n\n                        dariInput.addEventListener('change', () => {\\n\n                            if (dariInput.value && sampaiInput.value && dariInput.value > sampaiInput.value) {\\n\n                                sampaiInput.value = dariInput.value;\\n\n                            }\\n\n                            form.submit();\\n\n                        });\\n\n                    });\\n\n                })();\\n\n            </script>\\n\n                <script>\\n\n            // Delegasi global -- satu skrip ini nyakup SEMUA search bar di\\n\n            // halaman manapun (nggak perlu diulang per pemanggil). Tombol\\n\n            // Reset cuma muncul kalau kolomnya keisi, dan ngosongin + kirim\\n\n            // event \"input\" biar filter JS masing-masing halaman ikut jalan.\\n\n            document.addEventListener('input', (e) => {\\n\n                if (!e.target.matches('[data-search-input]')) return;\\n\n                const tombol = e.target.closest('[data-search-bar]')?.querySelector('[data-search-reset]');\\n\n                if (tombol) tombol.hidden = !e.target.value;\\n\n            });\\n\n\\n\n            document.addEventListener('click', (e) => {\\n\n                const tombol = e.target.closest('[data-search-reset]');\\n\n                if (!tombol) return;\\n\n                const input = tombol.closest('[data-search-bar]')?.querySelector('[data-search-input]');\\n\n                if (!input) return;\\n\n                input.value = '';\\n\n                input.dispatchEvent(new Event('input', { bubbles: true }));\\n\n                tombol.hidden = true;\\n\n                input.focus();\\n\n            });\\n\n\\n\n            document.querySelectorAll('[data-search-input]').forEach((input) => {\\n\n                const tombol = input.closest('[data-search-bar]')?.querySelector('[data-search-reset]');\\n\n                if (tombol) tombol.hidden = !input.value;\\n\n            });\\n\n        </script>\\n\n            <script>\\n\n            (function () {\\n\n                // 1. Toggle Per Hari vs Per Mapel\\n\n                const btnHari = document.getElementById('btn-tipe-hari');\\n\n                const btnMapel = document.getElementById('btn-tipe-mapel');\\n\n                const filterTipe = document.getElementById('filter-tipe');\\n\n                const ketHari = document.getElementById('ket-tipe-hari');\\n\n                const ketMapel = document.getElementById('ket-tipe-mapel');\\n\n\\n\n                function switchTipe(target) {\\n\n                    if (filterTipe) filterTipe.value = target;\\n\n\\n\n                    if (target === 'hari') {\\n\n                        btnHari?.classList.add('bg-navy', 'text-card');\\n\n                        btnHari?.classList.remove('text-muted-2', 'hover:text-ink');\\n\n                        btnMapel?.classList.remove('bg-navy', 'text-card');\\n\n                        btnMapel?.classList.add('text-muted-2', 'hover:text-ink');\\n\n                        if (ketHari) ketHari.classList.remove('hidden');\\n\n                        if (ketMapel) ketMapel.classList.add('hidden');\\n\n                    } else {\\n\n                        btnMapel?.classList.add('bg-navy', 'text-card');\\n\n                        btnMapel?.classList.remove('text-muted-2', 'hover:text-ink');\\n\n                        btnHari?.classList.remove('bg-navy', 'text-card');\\n\n                        btnHari?.classList.add('text-muted-2', 'hover:text-ink');\\n\n                        if (ketHari) ketHari.classList.add('hidden');\\n\n                        if (ketMapel) ketMapel.classList.remove('hidden');\\n\n                    }\\n\n\\n\n                    document.querySelectorAll('[data-tipe=\"hari\"]').forEach((el) => {\\n\n                        el.classList.toggle('hidden', target !== 'hari');\\n\n                    });\\n\n                    document.querySelectorAll('[data-tipe=\"mapel\"]').forEach((el) => {\\n\n                        el.classList.toggle('hidden', target !== 'mapel');\\n\n                    });\\n\n\\n\n                    const url = new URL(window.location);\\n\n                    url.searchParams.set('tipe', target);\\n\n                    window.history.replaceState({}, '', url);\\n\n                }\\n\n\\n\n                btnHari?.addEventListener('click', () => switchTipe('hari'));\\n\n                btnMapel?.addEventListener('click', () => switchTipe('mapel'));\\n\n\\n\n                // 2. Client-side search siswa\\n\n                const cari = document.getElementById('cari-rekap-wali');\\n\n                const items = document.querySelectorAll('[data-rekap-item]');\\n\n                const kosong = document.getElementById('rekap-wali-kosong');\\n\n                if (!cari) return;\\n\n\\n\n                cari.addEventListener('input', () => {\\n\n                    const q = cari.value.trim().toLowerCase();\\n\n                    let ada = false;\\n\n                    items.forEach((item) => {\\n\n                        const cocok = !q || item.dataset.cari.includes(q);\\n\n                        item.hidden = !cocok;\\n\n                        if (cocok) ada = true;\\n\n                    });\\n\n                    if (kosong) kosong.hidden = ada;\\n\n                });\\n\n            })();\\n\n        </script>\\n\n    </body>\\n\n</html>\\n\n' [UTF-8](length: 39589) does not contain \"text-hadir\">1</span>\" [ASCII](length: 20)."},{"test":"Tests\\Feature\\NavigasiGuruPiketTest::test_chip_header_bilang_guru_piket_pas_hari_piketnya","file":"/Users/rania/Code/Web/Laravel/Herd/jurnalkita/tests/Feature/NavigasiGuruPiketTest.php","line":76,"message":"Failed asserting that '<!DOCTYPE html>\\n\n<html lang=\"id\" class=\"antialiased\">\\n\n<head>\\n\n    <meta charset=\"utf-8\">\\n\n    <meta name=\"viewport\" content=\"width=device-width, initial-scale=1, viewport-fit=cover\">\\n\n    <meta name=\"theme-color\" content=\"#1B2A4A\">\\n\n    <title>Beranda Guru \u00b7 jurnalkita</title>\\n\n\\n\n    \\n\n    <link rel=\"preload\" as=\"font\" href=\"http://jurnalkita.test/build/assets/inter-400-normal-C38fXH4l.woff2\" type=\"font/woff2\" crossorigin=\"anonymous\" />\\n\n<link rel=\"preload\" as=\"font\" href=\"http://jurnalkita.test/build/assets/inter-500-normal-Cerq10X2.woff2\" type=\"font/woff2\" crossorigin=\"anonymous\" />\\n\n<link rel=\"preload\" as=\"font\" href=\"http://jurnalkita.test/build/assets/inter-600-normal-LgqL8muc.woff2\" type=\"font/woff2\" crossorigin=\"anonymous\" />\\n\n<link rel=\"preload\" as=\"font\" href=\"http://jurnalkita.test/build/assets/inter-700-normal-Yt3aPRUw.woff2\" type=\"font/woff2\" crossorigin=\"anonymous\" />\\n\n<link rel=\"preload\" as=\"font\" href=\"http://jurnalkita.test/build/assets/inter-800-normal-BYj_oED-.woff2\" type=\"font/woff2\" crossorigin=\"anonymous\" />\\n\n<style>\\n\n@font-face {\\n\n  font-family: \"Inter\";\\n\n  font-style: normal;\\n\n  font-weight: 400;\\n\n  font-display: swap;\\n\n  src: url(\"/build/assets/inter-400-normal-C38fXH4l.woff2\") format(\"woff2\");\\n\n  unicode-range: U+0000-00FF,U+0131,U+0152-0153,U+02BB-02BC,U+02C6,U+02DA,U+02DC,U+0304,U+0308,U+0329,U+2000-206F,U+20AC,U+2122,U+2191,U+2193,U+2212,U+2215,U+FEFF,U+FFFD;\\n\n}\\n\n\\n\n@font-face {\\n\n  font-family: \"Inter\";\\n\n  font-style: normal;\\n\n  font-weight: 400;\\n\n  font-display: swap;\\n\n  src: url(\"/build/assets/inter-400-normal-CyCys3Eg.woff\") format(\"woff\");\\n\n  unicode-range: U+0000-00FF,U+0131,U+0152-0153,U+02BB-02BC,U+02C6,U+02DA,U+02DC,U+0304,U+0308,U+0329,U+2000-206F,U+20AC,U+2122,U+2191,U+2193,U+2212,U+2215,U+FEFF,U+FFFD;\\n\n}\\n\n\\n\n@font-face {\\n\n  font-family: \"Inter\";\\n\n  font-style: normal;\\n\n  font-weight: 500;\\n\n  font-display: swap;\\n\n  src: url(\"/build/assets/inter-500-normal-Cerq10X2.woff2\") format(\"woff2\");\\n\n  unicode-range: U+0000-00FF,U+0131,U+0152-0153,U+02BB-02BC,U+02C6,U+02DA,U+02DC,U+0304,U+0308,U+0329,U+2000-206F,U+20AC,U+2122,U+2191,U+2193,U+2212,U+2215,U+FEFF,U+FFFD;\\n\n}\\n\n\\n\n@font-face {\\n\n  font-family: \"Inter\";\\n\n  font-style: normal;\\n\n  font-weight: 500;\\n\n  font-display: swap;\\n\n  src: url(\"/build/assets/inter-500-normal-BL9OpVg8.woff\") format(\"woff\");\\n\n  unicode-range: U+0000-00FF,U+0131,U+0152-0153,U+02BB-02BC,U+02C6,U+02DA,U+02DC,U+0304,U+0308,U+0329,U+2000-206F,U+20AC,U+2122,U+2191,U+2193,U+2212,U+2215,U+FEFF,U+FFFD;\\n\n}\\n\n\\n\n@font-face {\\n\n  font-family: \"Inter\";\\n\n  font-style: normal;\\n\n  font-weight: 600;\\n\n  font-display: swap;\\n\n  src: url(\"/build/assets/inter-600-normal-LgqL8muc.woff2\") format(\"woff2\");\\n\n  unicode-range: U+0000-00FF,U+0131,U+0152-0153,U+02BB-02BC,U+02C6,U+02DA,U+02DC,U+0304,U+0308,U+0329,U+2000-206F,U+20AC,U+2122,U+2191,U+2193,U+2212,U+2215,U+FEFF,U+FFFD;\\n\n}\\n\n\\n\n@font-face {\\n\n  font-family: \"Inter\";\\n\n  font-style: normal;\\n\n  font-weight: 600;\\n\n  font-display: swap;\\n\n  src: url(\"/build/assets/inter-600-normal-CiBQ2DWP.woff\") format(\"woff\");\\n\n  unicode-range: U+0000-00FF,U+0131,U+0152-0153,U+02BB-02BC,U+02C6,U+02DA,U+02DC,U+0304,U+0308,U+0329,U+2000-206F,U+20AC,U+2122,U+2191,U+2193,U+2212,U+2215,U+FEFF,U+FFFD;\\n\n}\\n\n\\n\n@font-face {\\n\n  font-family: \"Inter\";\\n\n  font-style: normal;\\n\n  font-weight: 700;\\n\n  font-display: swap;\\n\n  src: url(\"/build/assets/inter-700-normal-Yt3aPRUw.woff2\") format(\"woff2\");\\n\n  unicode-range: U+0000-00FF,U+0131,U+0152-0153,U+02BB-02BC,U+02C6,U+02DA,U+02DC,U+0304,U+0308,U+0329,U+2000-206F,U+20AC,U+2122,U+2191,U+2193,U+2212,U+2215,U+FEFF,U+FFFD;\\n\n}\\n\n\\n\n@font-face {\\n\n  font-family: \"Inter\";\\n\n  font-style: normal;\\n\n  font-weight: 700;\\n\n  font-display: swap;\\n\n  src: url(\"/build/assets/inter-700-normal-BLAVimhd.woff\") format(\"woff\");\\n\n  unicode-range: U+0000-00FF,U+0131,U+0152-0153,U+02BB-02BC,U+02C6,U+02DA,U+02DC,U+0304,U+0308,U+0329,U+2000-206F,U+20AC,U+2122,U+2191,U+2193,U+2212,U+2215,U+FEFF,U+FFFD;\\n\n}\\n\n\\n\n@font-face {\\n\n  font-family: \"Inter\";\\n\n  font-style: normal;\\n\n  font-weight: 800;\\n\n  font-display: swap;\\n\n  src: url(\"/build/assets/inter-800-normal-BYj_oED-.woff2\") format(\"woff2\");\\n\n  unicode-range: U+0000-00FF,U+0131,U+0152-0153,U+02BB-02BC,U+02C6,U+02DA,U+02DC,U+0304,U+0308,U+0329,U+2000-206F,U+20AC,U+2122,U+2191,U+2193,U+2212,U+2215,U+FEFF,U+FFFD;\\n\n}\\n\n\\n\n@font-face {\\n\n  font-family: \"Inter\";\\n\n  font-style: normal;\\n\n  font-weight: 800;\\n\n  font-display: swap;\\n\n  src: url(\"/build/assets/inter-800-normal-D1mf63XC.woff\") format(\"woff\");\\n\n  unicode-range: U+0000-00FF,U+0131,U+0152-0153,U+02BB-02BC,U+02C6,U+02DA,U+02DC,U+0304,U+0308,U+0329,U+2000-206F,U+20AC,U+2122,U+2191,U+2193,U+2212,U+2215,U+FEFF,U+FFFD;\\n\n}\\n\n\\n\n:root {\\n\n  --font-inter: \"Inter\";\\n\n}\\n\n\\n\n.font-inter {\\n\n  font-family: var(--font-inter);\\n\n}\\n\n</style>\\n\n    \\n\n    <link rel=\"preconnect\" href=\"https://fonts.googleapis.com\">\\n\n    <link rel=\"preconnect\" href=\"https://fonts.gstatic.com\" crossorigin>\\n\n    <link\\n\n        href=\"https://fonts.googleapis.com/css2?family=Material+Symbols+Rounded:opsz,wght,FILL,GRAD@20..48,100..700,0..1,-50..200&display=block\"\\n\n        rel=\"stylesheet\"\\n\n    >\\n\n\\n\n    <link rel=\"preload\" as=\"style\" href=\"http://jurnalkita.test/build/assets/app-DNiD5wAK.css\" /><link rel=\"modulepreload\" as=\"script\" href=\"http://jurnalkita.test/build/assets/app-DEpmuWyn.js\" /><link rel=\"stylesheet\" href=\"http://jurnalkita.test/build/assets/app-DNiD5wAK.css\" /><script type=\"module\" src=\"http://jurnalkita.test/build/assets/app-DEpmuWyn.js\"></script>\\n\n    </head>\\n\n\\n\n<body class=\"min-h-screen bg-surface text-ink\">\\n\n    <div class=\"lg:flex lg:min-h-screen\">\\n\n        <aside class=\"hidden shrink-0 border-r border-surface-alt bg-card lg:block lg:w-64\">\\n\n    <div class=\"sticky top-0 flex h-screen flex-col px-4 py-6\">\\n\n        <a href=\"http://jurnalkita.test\" class=\"flex items-center gap-2 px-2\">\\n\n            <span class=\"flex h-9 w-9 items-center justify-center rounded-xl bg-navy text-card\">\\n\n                <span\\n\n    class=\"material-symbols-rounded select-none leading-none\"\\n\n    style=\"font-size: 20px; font-variation-settings: 'FILL' 1, 'wght' 400, 'GRAD' 0, 'opsz' 20;\"\\n\n    aria-hidden=\"true\"\\n\n>menu_book</span>\\n\n            </span>\\n\n            <span class=\"text-base font-extrabold text-ink\">jurnalkita</span>\\n\n        </a>\\n\n\\n\n                    <nav class=\"mt-8 flex flex-1 flex-col gap-1\" aria-label=\"Navigasi utama\">\\n\n                                    <a\\n\n                        href=\"http://jurnalkita.test/guru\"\\n\n                        class=\"flex items-center gap-3 rounded-lg px-3 py-2.5 text-sm font-semibold transition-colors bg-surface text-navy\"\\n\n                         aria-current=\"page\"                     >\\n\n                        <span\\n\n    class=\"material-symbols-rounded select-none leading-none\"\\n\n    style=\"font-size: 20px; font-variation-settings: 'FILL' 1, 'wght' 400, 'GRAD' 0, 'opsz' 20;\"\\n\n    aria-hidden=\"true\"\\n\n>home</span>\\n\n                        <span>Beranda</span>\\n\n                    </a>\\n\n                                    <a\\n\n                        href=\"http://jurnalkita.test/guru/jadwal\"\\n\n                        class=\"flex items-center gap-3 rounded-lg px-3 py-2.5 text-sm font-semibold transition-colors text-muted hover:bg-surface hover:text-ink\"\\n\n                                            >\\n\n                        <span\\n\n    class=\"material-symbols-rounded select-none leading-none\"\\n\n    style=\"font-size: 20px; font-variation-settings: 'FILL' 0, 'wght' 400, 'GRAD' 0, 'opsz' 20;\"\\n\n    aria-hidden=\"true\"\\n\n>calendar_month</span>\\n\n                        <span>Jadwal</span>\\n\n                    </a>\\n\n                                    <a\\n\n                        href=\"http://jurnalkita.test/piket/monitor\"\\n\n                        class=\"flex items-center gap-3 rounded-lg px-3 py-2.5 text-sm font-semibold transition-colors text-muted hover:bg-surface hover:text-ink\"\\n\n                                            >\\n\n                        <span\\n\n    class=\"material-symbols-rounded select-none leading-none\"\\n\n    style=\"font-size: 20px; font-variation-settings: 'FILL' 0, 'wght' 400, 'GRAD' 0, 'opsz' 20;\"\\n\n    aria-hidden=\"true\"\\n\n>monitoring</span>\\n\n                        <span>Monitor</span>\\n\n                    </a>\\n\n                                    <a\\n\n                        href=\"http://jurnalkita.test/piket/presensi-siswa\"\\n\n                        class=\"flex items-center gap-3 rounded-lg px-3 py-2.5 text-sm font-semibold transition-colors text-muted hover:bg-surface hover:text-ink\"\\n\n                                            >\\n\n                        <span\\n\n    class=\"material-symbols-rounded select-none leading-none\"\\n\n    style=\"font-size: 20px; font-variation-settings: 'FILL' 0, 'wght' 400, 'GRAD' 0, 'opsz' 20;\"\\n\n    aria-hidden=\"true\"\\n\n>how_to_reg</span>\\n\n                        <span>Presensi Siswa</span>\\n\n                    </a>\\n\n                                    <a\\n\n                        href=\"http://jurnalkita.test/dispensasi\"\\n\n                        class=\"flex items-center gap-3 rounded-lg px-3 py-2.5 text-sm font-semibold transition-colors text-muted hover:bg-surface hover:text-ink\"\\n\n                                            >\\n\n                        <span\\n\n    class=\"material-symbols-rounded select-none leading-none\"\\n\n    style=\"font-size: 20px; font-variation-settings: 'FILL' 0, 'wght' 400, 'GRAD' 0, 'opsz' 20;\"\\n\n    aria-hidden=\"true\"\\n\n>fact_check</span>\\n\n                        <span>Dispensasi</span>\\n\n                    </a>\\n\n                                    <a\\n\n                        href=\"http://jurnalkita.test/profil\"\\n\n                        class=\"flex items-center gap-3 rounded-lg px-3 py-2.5 text-sm font-semibold transition-colors text-muted hover:bg-surface hover:text-ink\"\\n\n                                            >\\n\n                        <span\\n\n    class=\"material-symbols-rounded select-none leading-none\"\\n\n    style=\"font-size: 20px; font-variation-settings: 'FILL' 0, 'wght' 400, 'GRAD' 0, 'opsz' 20;\"\\n\n    aria-hidden=\"true\"\\n\n>person</span>\\n\n                        <span>Profil</span>\\n\n                    </a>\\n\n                            </nav>\\n\n\\n\n            <form method=\"POST\" action=\"http://jurnalkita.test/logout\" class=\"contents\">\\n\n    <input type=\"hidden\" name=\"_token\" value=\"kL3HIpWyujDBHNE54lyJvOBlwse9f9DoTaU3kqqU\" autocomplete=\"off\">            <button type=\"submit\" data-confirm=\"Yakin ingin keluar?\" class=\"flex w-full items-center gap-3 rounded-lg px-3 py-2.5 text-sm font-semibold text-alpha transition-colors hover:bg-alpha-soft\">\\n\n            <span\\n\n    class=\"material-symbols-rounded select-none leading-none\"\\n\n    style=\"font-size: 20px; font-variation-settings: 'FILL' 0, 'wght' 400, 'GRAD' 0, 'opsz' 20;\"\\n\n    aria-hidden=\"true\"\\n\n>logout</span>\\n\n            Keluar\\n\n        </button>\\n\n    </form>\\n\n            </div>\\n\n</aside>\\n\n\\n\n        <div class=\"flex w-full min-w-0 flex-col\">\\n\n            <div class=\"sticky top-0 z-30\">\\n\n    <header class=\"flex items-center justify-between gap-3 border-b border-surface-alt bg-card/95 px-4 py-2.5 backdrop-blur sm:px-6 lg:px-10\">\\n\n        \\n\n        <a href=\"http://jurnalkita.test/profil\" class=\"flex min-w-0 items-center gap-2.5\">\\n\n            <span class=\"flex h-9 w-9 shrink-0 items-center justify-center rounded-full bg-navy text-xs font-bold text-card\">WH</span>\\n\n            <span class=\"flex min-w-0 flex-col leading-tight\">\\n\n                <span class=\"truncate text-sm font-semibold text-ink\">Willie Hodkiewicz</span>\\n\n                <span class=\"truncate text-[11px] font-bold text-muted\">Bertugas Piket Hari Ini</span>\\n\n            </span>\\n\n        </a>\\n\n\\n\n        <div class=\"flex shrink-0 items-center gap-1.5\">\\n\n            \\n\n            \\n\n            <button type=\"button\" data-modal-open=\"modal-notifikasi\" data-ajax-url=\"http://jurnalkita.test/notifikasi/fragment\" data-notif-jumlah-url=\"http://jurnalkita.test/notifikasi/jumlah\" class=\"relative flex h-9 w-9 items-center justify-center rounded-full bg-surface-alt text-muted transition-colors hover:text-navy\" aria-label=\"Notifikasi\">\\n\n                <span\\n\n    class=\"material-symbols-rounded select-none leading-none\"\\n\n    style=\"font-size: 20px; font-variation-settings: 'FILL' 0, 'wght' 400, 'GRAD' 0, 'opsz' 20;\"\\n\n    aria-hidden=\"true\"\\n\n>notifications</span>\\n\n                <span data-notif-titik class=\"absolute right-1 top-1 flex h-2.5 w-2.5 rounded-full bg-alpha ring-2 ring-card\"  hidden ></span>\\n\n            </button>\\n\n\\n\n            \\n\n            <span class=\"lg:hidden\">\\n\n                <form method=\"POST\" action=\"http://jurnalkita.test/logout\" class=\"contents\">\\n\n    <input type=\"hidden\" name=\"_token\" value=\"kL3HIpWyujDBHNE54lyJvOBlwse9f9DoTaU3kqqU\" autocomplete=\"off\">            <button type=\"submit\" data-confirm=\"Yakin ingin keluar?\" class=\"flex h-9 w-9 items-center justify-center rounded-full bg-surface-alt text-muted transition-colors hover:bg-alpha-soft hover:text-alpha\" aria-label=\"Keluar\">\\n\n            <span\\n\n    class=\"material-symbols-rounded select-none leading-none\"\\n\n    style=\"font-size: 18px; font-variation-settings: 'FILL' 0, 'wght' 400, 'GRAD' 0, 'opsz' 18;\"\\n\n    aria-hidden=\"true\"\\n\n>logout</span>\\n\n        </button>\\n\n    </form>\\n\n            </span>\\n\n        </div>\\n\n    </header>\\n\n\\n\n            \\n\n        <div class=\"px-3 sm:px-6 lg:px-10\">\\n\n            <div class=\"-mt-px flex items-center justify-between gap-2 rounded-b-xl bg-navy px-3.5 py-2 text-card shadow-sm sm:rounded-b-2xl sm:px-5 sm:py-1.5\">\\n\n\\n\n                \\n\n                <p class=\"text-sm font-bold leading-tight text-card sm:text-base\">\\n\n                    Di luar jam pelajaran\\n\n                </p>\\n\n\\n\n                \\n\n                <div class=\"flex shrink-0 items-center gap-1 text-[11px] text-card sm:text-xs\">\\n\n                    <span\\n\n    class=\"material-symbols-rounded select-none leading-none shrink-0 text-card/80\"\\n\n    style=\"font-size: 11px; font-variation-settings: 'FILL' 0, 'wght' 400, 'GRAD' 0, 'opsz' 11;\"\\n\n    aria-hidden=\"true\"\\n\n>schedule</span>\\n\n                    <span class=\"hidden sm:inline\">Senin, 12 Oktober 2026</span>\\n\n                    <span class=\"sm:hidden\">Senin, 12 Okt</span>\\n\n                    <span class=\"text-card/60\">\u00b7</span>\\n\n                    <span class=\"tabular-nums font-mono\" data-jam-sekarang>08:00:00</span>\\n\n                </div>\\n\n            </div>\\n\n        </div>\\n\n    </div>\\n\n\\n\n\\n\n<dialog\\n\n    id=\"modal-notifikasi\"\\n\n    style=\"width: min(44rem, calc(100vw - 2rem))\"\\n\n    class=\"fixed inset-0 m-auto h-fit max-h-[calc(100dvh-2rem)] overflow-visible rounded-2xl border-0 bg-card p-0 text-ink shadow-2xl backdrop:bg-navy/30 backdrop:backdrop-blur-sm\"\\n\n>\\n\n    <div class=\"flex items-center justify-between border-b border-surface-alt px-5 py-3.5\">\\n\n        <h3 class=\"text-base font-bold text-ink\" data-modal-title>Notifikasi</h3>\\n\n        <button type=\"button\" data-modal-close class=\"flex h-8 w-8 items-center justify-center rounded-lg text-muted hover:bg-surface-alt hover:text-ink\" aria-label=\"Tutup\">\\n\n            <span\\n\n    class=\"material-symbols-rounded select-none leading-none\"\\n\n    style=\"font-size: 18px; font-variation-settings: 'FILL' 0, 'wght' 400, 'GRAD' 0, 'opsz' 18;\"\\n\n    aria-hidden=\"true\"\\n\n>close</span>\\n\n        </button>\\n\n    </div>\\n\n\\n\n    <div class=\"max-h-[calc(100dvh-8rem)] overflow-y-auto p-5\">\\n\n        <div data-modal-ajax-target></div>\\n\n    </div>\\n\n</dialog>\\n\n\\n\n\\n\n            \\n\n            \\n\n            <main class=\"mx-auto w-full max-w-[1600px] flex-1 px-4 pb-24 pt-4 sm:px-6 sm:pt-6 lg:px-10 lg:pb-16 lg:pt-10\">\\n\n                                                                                                                            \\n\n                <div class=\"mb-6 grid grid-cols-1 gap-3 sm:grid-cols-3\">\\n\n            <a href=\"http://jurnalkita.test/piket/monitor\" class=\"press flex items-center gap-3 rounded-2xl border border-transparent bg-card p-4 shadow-[var(--shadow-soft)] transition-all hover:border-navy\">\\n\n                <span class=\"flex h-11 w-11 shrink-0 items-center justify-center rounded-xl bg-surface-alt text-navy\">\\n\n                    <span\\n\n    class=\"material-symbols-rounded select-none leading-none\"\\n\n    style=\"font-size: 24px; font-variation-settings: 'FILL' 0, 'wght' 400, 'GRAD' 0, 'opsz' 24;\"\\n\n    aria-hidden=\"true\"\\n\n>monitoring</span>\\n\n                </span>\\n\n                <div class=\"min-w-0 flex-1\">\\n\n                    <p class=\"text-sm font-bold text-ink\">Monitor Piket</p>\\n\n                    <p class=\"truncate text-xs text-muted\">Cek status seluruh kelas & guru</p>\\n\n                </div>\\n\n                <span\\n\n    class=\"material-symbols-rounded select-none leading-none shrink-0 text-muted\"\\n\n    style=\"font-size: 20px; font-variation-settings: 'FILL' 0, 'wght' 400, 'GRAD' 0, 'opsz' 20;\"\\n\n    aria-hidden=\"true\"\\n\n>chevron_right</span>\\n\n            </a>\\n\n\\n\n            <a href=\"http://jurnalkita.test/dispensasi-ajukan/baru\" class=\"press flex items-center gap-3 rounded-2xl border border-transparent bg-card p-4 shadow-[var(--shadow-soft)] transition-all hover:border-navy\">\\n\n                <span class=\"flex h-11 w-11 shrink-0 items-center justify-center rounded-xl bg-surface-alt text-navy\">\\n\n                    <span\\n\n    class=\"material-symbols-rounded select-none leading-none\"\\n\n    style=\"font-size: 24px; font-variation-settings: 'FILL' 0, 'wght' 400, 'GRAD' 0, 'opsz' 24;\"\\n\n    aria-hidden=\"true\"\\n\n>add_circle</span>\\n\n                </span>\\n\n                <div class=\"min-w-0 flex-1\">\\n\n                    <p class=\"text-sm font-bold text-ink\">Ajukan Dispensasi</p>\\n\n                    <p class=\"truncate text-xs text-muted\">Izin keluar siswa / lomba</p>\\n\n                </div>\\n\n                <span\\n\n    class=\"material-symbols-rounded select-none leading-none shrink-0 text-muted\"\\n\n    style=\"font-size: 20px; font-variation-settings: 'FILL' 0, 'wght' 400, 'GRAD' 0, 'opsz' 20;\"\\n\n    aria-hidden=\"true\"\\n\n>chevron_right</span>\\n\n            </a>\\n\n\\n\n            <a href=\"http://jurnalkita.test/piket/monitor/ekspor?tanggal=2026-10-12\" class=\"press flex items-center gap-3 rounded-2xl border border-transparent bg-card p-4 shadow-[var(--shadow-soft)] transition-all hover:border-navy\">\\n\n                <span class=\"flex h-11 w-11 shrink-0 items-center justify-center rounded-xl bg-surface-alt text-navy\">\\n\n                    <span\\n\n    class=\"material-symbols-rounded select-none leading-none\"\\n\n    style=\"font-size: 24px; font-variation-settings: 'FILL' 0, 'wght' 400, 'GRAD' 0, 'opsz' 24;\"\\n\n    aria-hidden=\"true\"\\n\n>download</span>\\n\n                </span>\\n\n                <div class=\"min-w-0 flex-1\">\\n\n                    <p class=\"text-sm font-bold text-ink\">Unduh Rekap</p>\\n\n                    <p class=\"truncate text-xs text-muted\">Ekspor PDF rekap piket hari ini</p>\\n\n                </div>\\n\n                <span\\n\n    class=\"material-symbols-rounded select-none leading-none shrink-0 text-muted\"\\n\n    style=\"font-size: 20px; font-variation-settings: 'FILL' 0, 'wght' 400, 'GRAD' 0, 'opsz' 20;\"\\n\n    aria-hidden=\"true\"\\n\n>chevron_right</span>\\n\n            </a>\\n\n        </div>\\n\n\\n\n        \\n\n        <div class=\"mb-6 grid grid-cols-1 items-start gap-4 lg:grid-cols-2\">\\n\n            \\n\n            <div class=\"overflow-hidden rounded-2xl border border-surface-alt bg-card shadow-[var(--shadow-soft)]\">\\n\n                <div class=\"flex items-center gap-3 p-4 sm:p-5\">\\n\n                    <span class=\"flex h-8 w-8 shrink-0 items-center justify-center rounded-lg bg-surface-alt text-navy\">\\n\n                        <span\\n\n    class=\"material-symbols-rounded select-none leading-none\"\\n\n    style=\"font-size: 18px; font-variation-settings: 'FILL' 0, 'wght' 400, 'GRAD' 0, 'opsz' 18;\"\\n\n    aria-hidden=\"true\"\\n\n>fact_check</span>\\n\n                    </span>\\n\n                    <div class=\"min-w-0\">\\n\n                        <div class=\"flex flex-wrap items-center gap-2\">\\n\n                            <h3 class=\"text-sm font-bold text-ink\">Dispensasi Siswa Hari Ini</h3>\\n\n                                                    </div>\\n\n                        <p class=\"mt-0.5 truncate text-[11px] text-muted\">0 siswa izin (0 menunggu, 0 disetujui)</p>\\n\n                    </div>\\n\n                </div>\\n\n\\n\n                <div class=\"border-t border-surface-alt p-4 pt-3 sm:p-5\">\\n\n                    <div class=\"mb-3 flex items-center justify-between\">\\n\n                        <span class=\"text-xs font-medium text-muted\">Daftar Pengajuan Hari Ini</span>\\n\n                        <a href=\"http://jurnalkita.test/dispensasi\" class=\"text-xs font-semibold text-navy hover:underline\">Lihat Semua \u2192</a>\\n\n                    </div>\\n\n\\n\n                                            <div class=\"py-6 text-center text-muted\">\\n\n                            <span\\n\n    class=\"material-symbols-rounded select-none leading-none mx-auto mb-1 text-muted-2\"\\n\n    style=\"font-size: 28px; font-variation-settings: 'FILL' 0, 'wght' 400, 'GRAD' 0, 'opsz' 28;\"\\n\n    aria-hidden=\"true\"\\n\n>verified</span>\\n\n                            <p class=\"text-xs font-semibold text-ink\">Tidak ada siswa dispensasi hari ini</p>\\n\n                            <p class=\"mt-0.5 text-[11px] text-muted\">Belum ada pengajuan izin keluar atau kegiatan lomba.</p>\\n\n                        </div>\\n\n                                    </div>\\n\n            </div>\\n\n\\n\n            <div class=\"overflow-hidden rounded-2xl border border-surface-alt bg-card shadow-[var(--shadow-soft)]\">\\n\n                <details class=\"group\">\\n\n                    <summary class=\"flex cursor-pointer list-none items-center justify-between p-4 transition-colors select-none hover:bg-surface/50 sm:p-5 [&::-webkit-details-marker]:hidden\">\\n\n                        <div class=\"flex min-w-0 items-center gap-3\">\\n\n                            <span class=\"flex h-8 w-8 shrink-0 items-center justify-center rounded-lg bg-surface-alt text-navy\">\\n\n                                <span\\n\n    class=\"material-symbols-rounded select-none leading-none\"\\n\n    style=\"font-size: 18px; font-variation-settings: 'FILL' 0, 'wght' 400, 'GRAD' 0, 'opsz' 18;\"\\n\n    aria-hidden=\"true\"\\n\n>groups</span>\\n\n                            </span>\\n\n                            <div class=\"min-w-0\">\\n\n                                <h3 class=\"text-sm font-bold text-ink\">Tim Piket & Koordinasi</h3>\\n\n                                <p class=\"truncate text-[11px] text-muted\">1 guru piket hari ini + Waka siap dihubungi</p>\\n\n                            </div>\\n\n                        </div>\\n\n                        <span class=\"ml-2 flex h-8 w-8 shrink-0 items-center justify-center rounded-lg bg-surface-alt text-muted transition-colors group-hover:text-ink\">\\n\n                            <span\\n\n    class=\"material-symbols-rounded select-none leading-none transition-transform duration-200 group-open:rotate-180\"\\n\n    style=\"font-size: 20px; font-variation-settings: 'FILL' 0, 'wght' 400, 'GRAD' 0, 'opsz' 20;\"\\n\n    aria-hidden=\"true\"\\n\n>expand_more</span>\\n\n                        </span>\\n\n                    </summary>\\n\n\\n\n                    <div class=\"border-t border-surface-alt p-4 pt-3 sm:p-5\">\\n\n                        <div class=\"flex flex-col gap-2\">\\n\n                            <div class=\"flex items-center justify-between\">\\n\n                                <p class=\"text-[11px] font-bold tracking-wide text-muted-2 uppercase\">Rekan Guru Piket (1)</p>\\n\n                                <span class=\"text-[10px] text-muted\">Senin, 12 Okt</span>\\n\n                            </div>\\n\n\\n\n                                                            <div class=\"flex max-h-64 flex-col gap-2 overflow-y-auto pr-1\">\\n\n                                                                                                                    <div class=\"flex items-center justify-between gap-2 rounded-xl border border-surface-alt/50 bg-surface/50 p-2.5\">\\n\n                                            <div class=\"min-w-0\">\\n\n                                                <p class=\"truncate text-xs font-bold text-ink\">\\n\n                                                    Guru Pengajar\\n\n                                                     <span class=\"ml-1 rounded bg-navy/10 px-1.5 py-0.5 text-[10px] font-semibold text-navy\">(Anda)</span>                                                 </p>\\n\n                                                <p class=\"truncate text-[11px] text-muted\">Piket Harian</p>\\n\n                                            </div>\\n\n                                                                                    </div>\\n\n                                                                    </div>\\n\n                            \\n\n                            <p class=\"mt-2 text-[11px] font-bold tracking-wide text-muted-2 uppercase\">Waka Kesiswaan Siap Dihubungi</p>\\n\n                                                            <p class=\"text-xs text-muted\">Belum ada Waka Kesiswaan yang terdaftar.</p>\\n\n                                                    </div>\\n\n                    </div>\\n\n                </details>\\n\n            </div>\\n\n        </div>\\n\n            </main>\\n\n        </div>\\n\n    </div>\\n\n\\n\n    \\n\n    <nav\\n\n        class=\"fixed inset-x-0 bottom-0 z-40 h-16 border-t border-surface-alt bg-card lg:hidden\"\\n\n        style=\"padding-bottom: env(safe-area-inset-bottom);\"\\n\n        aria-label=\"Navigasi utama\"\\n\n    >\\n\n        <div class=\"relative mx-auto flex h-16 max-w-lg items-stretch\">\\n\n            <ul class=\"flex flex-1 items-stretch justify-around\">\\n\n                                    <li class=\"flex-1\">\\n\n    <a\\n\n        href=\"http://jurnalkita.test/guru\"\\n\n        class=\"flex h-full flex-col items-center justify-center gap-0.5 text-[10px] font-semibold transition-colors text-navy\"\\n\n         aria-current=\"page\"     >\\n\n        <span\\n\n    class=\"material-symbols-rounded select-none leading-none\"\\n\n    style=\"font-size: 24px; font-variation-settings: 'FILL' 1, 'wght' 400, 'GRAD' 0, 'opsz' 24;\"\\n\n    aria-hidden=\"true\"\\n\n>home</span>\\n\n        <span>Beranda</span>\\n\n    </a>\\n\n</li>\\n\n                                    <li class=\"flex-1\">\\n\n    <a\\n\n        href=\"http://jurnalkita.test/guru/jadwal\"\\n\n        class=\"flex h-full flex-col items-center justify-center gap-0.5 text-[10px] font-semibold transition-colors text-muted-2\"\\n\n            >\\n\n        <span\\n\n    class=\"material-symbols-rounded select-none leading-none\"\\n\n    style=\"font-size: 24px; font-variation-settings: 'FILL' 0, 'wght' 400, 'GRAD' 0, 'opsz' 24;\"\\n\n    aria-hidden=\"true\"\\n\n>calendar_month</span>\\n\n        <span>Jadwal</span>\\n\n    </a>\\n\n</li>\\n\n                                    <li class=\"flex-1\">\\n\n    <a\\n\n        href=\"http://jurnalkita.test/piket/monitor\"\\n\n        class=\"flex h-full flex-col items-center justify-center gap-0.5 text-[10px] font-semibold transition-colors text-muted-2\"\\n\n            >\\n\n        <span\\n\n    class=\"material-symbols-rounded select-none leading-none\"\\n\n    style=\"font-size: 24px; font-variation-settings: 'FILL' 0, 'wght' 400, 'GRAD' 0, 'opsz' 24;\"\\n\n    aria-hidden=\"true\"\\n\n>monitoring</span>\\n\n        <span>Monitor</span>\\n\n    </a>\\n\n</li>\\n\n                                    <li class=\"flex-1\">\\n\n    <a\\n\n        href=\"http://jurnalkita.test/piket/presensi-siswa\"\\n\n        class=\"flex h-full flex-col items-center justify-center gap-0.5 text-[10px] font-semibold transition-colors text-muted-2\"\\n\n            >\\n\n        <span\\n\n    class=\"material-symbols-rounded select-none leading-none\"\\n\n    style=\"font-size: 24px; font-variation-settings: 'FILL' 0, 'wght' 400, 'GRAD' 0, 'opsz' 24;\"\\n\n    aria-hidden=\"true\"\\n\n>how_to_reg</span>\\n\n        <span>Presensi Siswa</span>\\n\n    </a>\\n\n</li>\\n\n                                    <li class=\"flex-1\">\\n\n    <a\\n\n        href=\"http://jurnalkita.test/dispensasi\"\\n\n        class=\"flex h-full flex-col items-center justify-center gap-0.5 text-[10px] font-semibold transition-colors text-muted-2\"\\n\n            >\\n\n        <span\\n\n    class=\"material-symbols-rounded select-none leading-none\"\\n\n    style=\"font-size: 24px; font-variation-settings: 'FILL' 0, 'wght' 400, 'GRAD' 0, 'opsz' 24;\"\\n\n    aria-hidden=\"true\"\\n\n>fact_check</span>\\n\n        <span>Dispensasi</span>\\n\n    </a>\\n\n</li>\\n\n                                    <li class=\"flex-1\">\\n\n    <a\\n\n        href=\"http://jurnalkita.test/profil\"\\n\n        class=\"flex h-full flex-col items-center justify-center gap-0.5 text-[10px] font-semibold transition-colors text-muted-2\"\\n\n            >\\n\n        <span\\n\n    class=\"material-symbols-rounded select-none leading-none\"\\n\n    style=\"font-size: 24px; font-variation-settings: 'FILL' 0, 'wght' 400, 'GRAD' 0, 'opsz' 24;\"\\n\n    aria-hidden=\"true\"\\n\n>person</span>\\n\n        <span>Profil</span>\\n\n    </a>\\n\n</li>\\n\n                            </ul>\\n\n\\n\n                    </div>\\n\n    </nav>\\n\n\\n\n    </body>\\n\n</html>\\n\n' [UTF-8](length: 28238) contains \"Bertugas Piket s/d 15.35\" [ASCII](length: 24)."}]}
